--------- beginning of main
09-23 18:12:23.382 V/Godot   (26421): InitEngine with params: [--xr_mode_regular, --xr-mode, off, --fullscreen, --background_color, #000000]
09-23 18:12:23.382 V/Godot   (26421): Initializing Godot plugin registry
09-23 18:12:23.464 V/Godot   (26421): Godot native layer initialization completed: true
09-23 18:12:23.757 V/Godot   (26421): Godot native layer setup completed
09-23 18:12:23.758 V/Godot   (26421): OnInitRenderView: GodotFragment{fc29790} (c9e6ad59-09ab-4860-bf2b-01d85bca34ae id=0x7f070033)
09-23 18:12:23.769 D/Godot   (26421): Render view should be transparent: false
09-23 18:12:23.770 D/Godot   (26421): usesVulkan(): true
09-23 18:12:23.770 D/Godot   (26421): 			renderingDevice: vulkan (ProjectSettings)
09-23 18:12:23.770 D/Godot   (26421): 			renderer: mobile (ProjectSettings)
09-23 18:12:23.791 V/Godot   (26421): OnStart: GodotFragment{fc29790} (c9e6ad59-09ab-4860-bf2b-01d85bca34ae id=0x7f070033)
09-23 18:12:23.799 V/Godot   (26421): OnResume: GodotFragment{fc29790} (c9e6ad59-09ab-4860-bf2b-01d85bca34ae id=0x7f070033)
09-23 18:12:23.835 I/godot   (26421): Godot Engine v4.6.1.stable.official.14d19694e - https://godotengine.org
09-23 18:12:23.955 I/godot   (26421): Vulkan 1.3.225 - Forward Mobile - Using Device #0: ARM - Mali-G57
09-23 18:12:24.362 I/godot   (26421): 
09-23 18:12:29.058 V/Godot   (26421): OnGodotSetupCompleted
09-23 18:12:29.083 I/godot   (26421): [DevFlags] 6 override(s) from /sdcard/Android/data/com.example.infiltraitor/files/dev_flags.cfg — FRAME_PROBE=1, LIGHT3D=near, MAP=PLAYGROUND, RENDER3D=1, RNG_SEED=1, SCENARIO=framing portrait; zoom 0.5; wait 25; quit
09-23 18:12:29.083 I/godot   (26421): [INFILTRAITOR] Version 0.9.107
09-23 18:12:29.089 I/godot   (26421): [Registries] Autoload initialized
09-23 18:12:29.093 I/godot   (26421): [RNG] seeded 1 — particle rolls are reproducible this boot
09-23 18:12:29.095 I/godot   (26421): [MaterialRegistry] Registered: brick (color: 0.55,0.29,0.22)
09-23 18:12:29.096 I/godot   (26421): [MaterialRegistry] Registered: cardboard (color: 0.70,0.55,0.36)
09-23 18:12:29.097 I/godot   (26421): [MaterialRegistry] Registered: concrete (color: 0.62,0.62,0.62)
09-23 18:12:29.097 I/godot   (26421): [MaterialRegistry] Registered: dirt (color: 0.50,0.38,0.27)
09-23 18:12:29.098 I/godot   (26421): [MaterialRegistry] Registered: earth (color: 0.52,0.39,0.26)
09-23 18:12:29.099 I/godot   (26421): [MaterialRegistry] Registered: fabric (color: 0.78,0.74,0.66)
09-23 18:12:29.100 I/godot   (26421): [MaterialRegistry] Registered: glass (color: 0.62,0.74,0.78)
09-23 18:12:29.101 I/godot   (26421): [MaterialRegistry] Registered: glass_armored (color: 0.74,0.62,0.78)
09-23 18:12:29.101 I/godot   (26421): [MaterialRegistry] Registered: glass_screen_amber (color: 0.70,0.60,0.38)
09-23 18:12:29.101 I/godot   (26421): [MaterialRegistry] Registered: glass_screen_green (color: 0.38,0.55,0.42)
09-23 18:12:29.101 I/godot   (26421): [MaterialRegistry] Registered: glass_screen_red (color: 0.62,0.40,0.41)
09-23 18:12:29.102 I/godot   (26421): [MaterialRegistry] Registered: grass (color: 0.42,0.55,0.29)
09-23 18:12:29.102 I/godot   (26421): [MaterialRegistry] Registered: gravel (color: 0.55,0.52,0.49)
09-23 18:12:29.103 I/godot   (26421): [MaterialRegistry] Registered: metal (color: 0.49,0.53,0.56)
09-23 18:12:29.104 I/godot   (26421): [MaterialRegistry] Registered: plywood (color: 0.78,0.63,0.42)
09-23 18:12:29.104 I/godot   (26421): [MaterialRegistry] Registered: sand (color: 0.76,0.67,0.51)
09-23 18:12:29.105 I/godot   (26421): [MaterialRegistry] Registered: stone (color: 0.55,0.55,0.58)
09-23 18:12:29.105 I/godot   (26421): [MaterialRegistry] Registered: wood (color: 0.66,0.47,0.31)
09-23 18:12:29.105 I/godot   (26421): [Registries] Material registry initialized with defaults
09-23 18:12:29.105 I/godot   (26421): [BakeConfig] Enabled: true, Blend Mode: 0, Facade Tops: true
09-23 18:12:29.118 I/godot   (26421): [Room] 4 tiles registered.
09-23 18:12:29.945 I/godot   (26421): [Room] Light registry initialized with 0 map lights:
09-23 18:12:29.945 I/godot   (26421): [Room] Tile semantics initialized with 0 tiles, 0 light anchors
09-23 18:12:29.945 I/godot   (26421): [Room] Shadow projector initialized
09-23 18:12:29.945 I/godot   (26421): [Room] Exposure system initialized with 0 light projections
09-23 18:12:29.946 I/godot   (26421): [VisionController] Shadow overlay initialized
09-23 18:12:29.946 I/godot   (26421): [VisionController] Exposure overlay initialized
09-23 18:12:29.946 I/godot   (26421): [VisionController] Tile risk heatmap overlay initialized
09-23 18:12:29.946 I/godot   (26421): [VisionController] Elite exposure overlay initialized: [EliteExposureOverlay safe=0 total=0 confidence=0.00 depth_layers=6 stability_types=4]
09-23 18:12:30.058 I/godot   (26421): [Registries] File map source initialized
09-23 18:12:30.937 I/godot   (26421): [MaterialRegistry] Registered: brick (color: 0.55,0.29,0.22)
09-23 18:12:30.937 I/godot   (26421): [MaterialRegistry] Registered: cardboard (color: 0.70,0.55,0.36)
09-23 18:12:30.937 I/godot   (26421): [MaterialRegistry] Registered: concrete (color: 0.62,0.62,0.62)
09-23 18:12:30.938 I/godot   (26421): [MaterialRegistry] Registered: dirt (color: 0.50,0.38,0.27)
09-23 18:12:30.938 I/godot   (26421): [MaterialRegistry] Registered: earth (color: 0.52,0.39,0.26)
09-23 18:12:30.938 I/godot   (26421): [MaterialRegistry] Registered: fabric (color: 0.78,0.74,0.66)
09-23 18:12:30.938 I/godot   (26421): [MaterialRegistry] Registered: glass (color: 0.62,0.74,0.78)
09-23 18:12:30.938 I/godot   (26421): [MaterialRegistry] Registered: glass_armored (color: 0.74,0.62,0.78)
09-23 18:12:30.939 I/godot   (26421): [MaterialRegistry] Registered: glass_screen_amber (color: 0.70,0.60,0.38)
09-23 18:12:30.939 I/godot   (26421): [MaterialRegistry] Registered: glass_screen_green (color: 0.38,0.55,0.42)
09-23 18:12:30.939 I/godot   (26421): [MaterialRegistry] Registered: glass_screen_red (color: 0.62,0.40,0.41)
09-23 18:12:30.939 I/godot   (26421): [MaterialRegistry] Registered: grass (color: 0.42,0.55,0.29)
09-23 18:12:30.939 I/godot   (26421): [MaterialRegistry] Registered: gravel (color: 0.55,0.52,0.49)
09-23 18:12:30.940 I/godot   (26421): [MaterialRegistry] Registered: metal (color: 0.49,0.53,0.56)
09-23 18:12:30.940 I/godot   (26421): [MaterialRegistry] Registered: plywood (color: 0.78,0.63,0.42)
09-23 18:12:30.940 I/godot   (26421): [MaterialRegistry] Registered: sand (color: 0.76,0.67,0.51)
09-23 18:12:30.940 I/godot   (26421): [MaterialRegistry] Registered: stone (color: 0.55,0.55,0.58)
09-23 18:12:30.940 I/godot   (26421): [MaterialRegistry] Registered: wood (color: 0.66,0.47,0.31)
09-23 18:12:31.660 I/godot   (26421): [ROOM] Baking textures with 40 junction columns...
09-23 18:12:31.686 I/godot   (26421): [ROOM] Grouped edges into 43 runs
09-23 18:12:31.693 I/godot   (26421): [BAKE] Loaded voxel atom: concrete (32×36, 0 AA pixels)
09-23 18:12:31.694 I/godot   (26421): [BAKE] Loaded voxel atom: metal (32×36, 0 AA pixels)
09-23 18:12:31.695 I/godot   (26421): [BAKE] Loaded voxel atom: stone (32×36, 0 AA pixels)
09-23 18:12:31.696 I/godot   (26421): [BAKE] Loaded voxel atom: wood (32×36, 0 AA pixels)
09-23 18:12:31.719 I/godot   (26421): [BAKE] Loaded voxel atom: grass (32×36, 0 AA pixels)
09-23 18:12:31.721 I/godot   (26421): [BAKE] Loaded voxel atom: dirt (32×36, 0 AA pixels)
09-23 18:12:31.724 I/godot   (26421): [BAKE] Loaded voxel atom: gravel (32×36, 0 AA pixels)
09-23 18:12:31.726 I/godot   (26421): [BAKE] Loaded voxel atom: sand (32×36, 0 AA pixels)
09-23 18:12:31.727 I/godot   (26421): [BAKE] Loaded voxel atom: earth (32×36, 0 AA pixels)
09-23 18:12:31.728 I/godot   (26421): [BAKE] Loaded voxel atom: brick (32×36, 0 AA pixels)
09-23 18:12:31.729 I/godot   (26421): [BAKE] Loaded voxel atom: cardboard (32×36, 0 AA pixels)
09-23 18:12:31.730 I/godot   (26421): [BAKE] Loaded voxel atom: fabric (32×36, 0 AA pixels)
09-23 18:12:31.731 I/godot   (26421): [BAKE] Loaded voxel atom: plywood (32×36, 0 AA pixels)
09-23 18:12:31.732 I/godot   (26421): [BAKE] Loaded voxel atom: glass (32×36, 0 AA pixels)
09-23 18:12:31.732 I/godot   (26421): [BAKE] Created persistent BakeCompositor for session
09-23 18:12:31.734 I/godot   (26421): [BAKE] Found 9 unique (material, facade) combos
09-23 18:12:31.878 I/godot   (26421): 
09-23 18:12:31.878 I/godot   (26421): Attempting to resolve: facade_concrete (folder concrete)
09-23 18:12:31.878 I/godot   (26421):   [USER] File not found: user://textures/concrete/facade_concrete.png
09-23 18:12:31.879 I/godot   (26421):   [USER] File not found: user://textures/concrete/facade_concrete.webp
09-23 18:12:31.922 I/godot   (26421):   [DEFAULT] Validation PASS: res://ASSETS/materials/concrete/facade_concrete.png
09-23 18:12:31.922 I/godot   (26421): [RESOLVER] facade_concrete resolved from DEFAULT.png (dims 1024x512)
09-23 18:12:31.922 I/godot   (26421): 
09-23 18:12:31.922 I/godot   (26421): Attempting to resolve: facade_metal (folder metal)
09-23 18:12:31.922 I/godot   (26421):   [USER] File not found: user://textures/metal/facade_metal.png
09-23 18:12:31.922 I/godot   (26421):   [USER] File not found: user://textures/metal/facade_metal.webp
09-23 18:12:31.954 I/godot   (26421):   [DEFAULT] Validation PASS: res://ASSETS/materials/metal/facade_metal.png
09-23 18:12:31.954 I/godot   (26421): [RESOLVER] facade_metal resolved from DEFAULT.png (dims 1024x512)
09-23 18:12:31.954 I/godot   (26421): 
09-23 18:12:31.954 I/godot   (26421): Attempting to resolve: facade_stone (folder stone)
09-23 18:12:31.954 I/godot   (26421):   [USER] File not found: user://textures/stone/facade_stone.png
09-23 18:12:31.954 I/godot   (26421):   [USER] File not found: user://textures/stone/facade_stone.webp
09-23 18:12:31.984 I/godot   (26421):   [DEFAULT] Validation PASS: res://ASSETS/materials/stone/facade_stone.png
09-23 18:12:31.984 I/godot   (26421): [RESOLVER] facade_stone resolved from DEFAULT.png (dims 1024x512)
09-23 18:12:31.984 I/godot   (26421): 
09-23 18:12:31.984 I/godot   (26421): Attempting to resolve: facade_wood (folder wood)
09-23 18:12:31.984 I/godot   (26421):   [USER] File not found: user://textures/wood/facade_wood.png
09-23 18:12:31.984 I/godot   (26421):   [USER] File not found: user://textures/wood/facade_wood.webp
09-23 18:12:32.013 I/godot   (26421):   [DEFAULT] Validation PASS: res://ASSETS/materials/wood/facade_wood.png
09-23 18:12:32.013 I/godot   (26421): [RESOLVER] facade_wood resolved from DEFAULT.png (dims 1024x512)
09-23 18:12:32.013 I/godot   (26421): 
09-23 18:12:32.013 I/godot   (26421): Attempting to resolve: facade_brick (folder brick)
09-23 18:12:32.013 I/godot   (26421):   [USER] File not found: user://textures/brick/facade_brick.png
09-23 18:12:32.013 I/godot   (26421):   [USER] File not found: user://textures/brick/facade_brick.webp
09-23 18:12:32.045 I/godot   (26421):   [DEFAULT] Validation PASS: res://ASSETS/materials/brick/facade_brick.png
09-23 18:12:32.045 I/godot   (26421): [RESOLVER] facade_brick resolved from DEFAULT.png (dims 1024x512)
09-23 18:12:32.045 I/godot   (26421): 
09-23 18:12:32.045 I/godot   (26421): Attempting to resolve: facade_cardboard (folder cardboard)
09-23 18:12:32.045 I/godot   (26421):   [USER] File not found: user://textures/cardboard/facade_cardboard.png
09-23 18:12:32.045 I/godot   (26421):   [USER] File not found: user://textures/cardboard/facade_cardboard.webp
09-23 18:12:32.068 I/godot   (26421):   [DEFAULT] Validation PASS: res://ASSETS/materials/cardboard/facade_cardboard.png
09-23 18:12:32.068 I/godot   (26421): [RESOLVER] facade_cardboard resolved from DEFAULT.png (dims 1024x512)
09-23 18:12:32.068 I/godot   (26421): 
09-23 18:12:32.068 I/godot   (26421): Attempting to resolve: facade_fabric (folder fabric)
09-23 18:12:32.068 I/godot   (26421):   [USER] File not found: user://textures/fabric/facade_fabric.png
09-23 18:12:32.068 I/godot   (26421):   [USER] File not found: user://textures/fabric/facade_fabric.webp
09-23 18:12:32.090 I/godot   (26421):   [DEFAULT] Validation PASS: res://ASSETS/materials/fabric/facade_fabric.png
09-23 18:12:32.091 I/godot   (26421): [RESOLVER] facade_fabric resolved from DEFAULT.png (dims 1024x512)
09-23 18:12:32.091 I/godot   (26421): 
09-23 18:12:32.091 I/godot   (26421): Attempting to resolve: facade_plywood (folder plywood)
09-23 18:12:32.091 I/godot   (26421):   [USER] File not found: user://textures/plywood/facade_plywood.png
09-23 18:12:32.091 I/godot   (26421):   [USER] File not found: user://textures/plywood/facade_plywood.webp
09-23 18:12:32.121 I/godot   (26421):   [DEFAULT] Validation PASS: res://ASSETS/materials/plywood/facade_plywood.png
09-23 18:12:32.121 I/godot   (26421): [RESOLVER] facade_plywood resolved from DEFAULT.png (dims 1024x512)
09-23 18:12:32.121 I/godot   (26421): 
09-23 18:12:32.121 I/godot   (26421): Attempting to resolve: facade_glass (folder glass)
09-23 18:12:32.121 I/godot   (26421):   [USER] File not found: user://textures/glass/facade_glass.png
09-23 18:12:32.121 I/godot   (26421):   [USER] File not found: user://textures/glass/facade_glass.webp
09-23 18:12:32.129 I/godot   (26421):   [DEFAULT] Validation PASS: res://ASSETS/materials/glass/facade_glass.png
09-23 18:12:32.130 I/godot   (26421): [RESOLVER] facade_glass resolved from DEFAULT.png (dims 1024x512)
09-23 18:12:32.900 I/godot   (26421): [BAKE] Composed sheet concrete|facade_concrete|0 (2048 atoms)
09-23 18:12:33.758 I/godot   (26421): [BAKE] Composed sheet concrete|facade_concrete|1 (2048 atoms)
09-23 18:12:34.268 I/godot   (26421): [BAKE] Composed sheet metal|facade_metal|0 (2048 atoms)
09-23 18:12:34.719 I/godot   (26421): [BAKE] Composed sheet metal|facade_metal|1 (2048 atoms)
09-23 18:12:35.156 I/godot   (26421): [BAKE] Composed sheet stone|facade_stone|0 (2048 atoms)
09-23 18:12:35.607 I/godot   (26421): [BAKE] Composed sheet stone|facade_stone|1 (2048 atoms)
09-23 18:12:36.040 I/godot   (26421): [BAKE] Composed sheet wood|facade_wood|0 (2048 atoms)
09-23 18:12:36.488 I/godot   (26421): [BAKE] Composed sheet wood|facade_wood|1 (2048 atoms)
09-23 18:12:36.918 I/godot   (26421): [BAKE] Composed sheet brick|facade_brick|0 (2048 atoms)
09-23 18:12:37.371 I/godot   (26421): [BAKE] Composed sheet brick|facade_brick|1 (2048 atoms)
09-23 18:12:37.808 I/godot   (26421): [BAKE] Composed sheet cardboard|facade_cardboard|0 (2048 atoms)
09-23 18:12:38.259 I/godot   (26421): [BAKE] Composed sheet cardboard|facade_cardboard|1 (2048 atoms)
09-23 18:12:38.699 I/godot   (26421): [BAKE] Composed sheet fabric|facade_fabric|0 (2048 atoms)
09-23 18:12:39.152 I/godot   (26421): [BAKE] Composed sheet fabric|facade_fabric|1 (2048 atoms)
09-23 18:12:39.591 I/godot   (26421): [BAKE] Composed sheet plywood|facade_plywood|0 (2048 atoms)
09-23 18:12:40.044 I/godot   (26421): [BAKE] Composed sheet plywood|facade_plywood|1 (2048 atoms)
09-23 18:12:40.479 I/godot   (26421): [BAKE] Composed sheet glass|facade_glass|0 (2048 atoms)
09-23 18:12:40.930 I/godot   (26421): [BAKE] Composed sheet glass|facade_glass|1 (2048 atoms)
09-23 18:12:40.999 I/godot   (26421): [BAKE] Composed junction page: concrete|facade_concrete (160 atoms)
09-23 18:12:41.036 I/godot   (26421): [BAKE] Composed junction page: metal|facade_metal (64 atoms)
09-23 18:12:41.073 I/godot   (26421): [BAKE] Composed junction page: stone|facade_stone (64 atoms)
09-23 18:12:41.110 I/godot   (26421): [BAKE] Composed junction page: wood|facade_wood (64 atoms)
09-23 18:12:41.147 I/godot   (26421): [BAKE] Composed junction page: brick|facade_brick (64 atoms)
09-23 18:12:41.185 I/godot   (26421): [BAKE] Composed junction page: cardboard|facade_cardboard (64 atoms)
09-23 18:12:41.222 I/godot   (26421): [BAKE] Composed junction page: fabric|facade_fabric (64 atoms)
09-23 18:12:41.260 I/godot   (26421): [BAKE] Composed junction page: plywood|facade_plywood (64 atoms)
09-23 18:12:41.297 I/godot   (26421): [BAKE] Composed junction page: glass|facade_glass (64 atoms)
09-23 18:12:42.275 I/godot   (26421): [BAKE] Composed roof page ROOF|concrete|facade_concrete (4096 atoms)
09-23 18:12:42.884 I/godot   (26421): [BAKE] Composed roof page ROOF|metal|facade_metal (586 atoms)
09-23 18:12:43.478 I/godot   (26421): [BAKE] Composed roof page ROOF|stone|facade_stone (586 atoms)
09-23 18:12:44.061 I/godot   (26421): [BAKE] Composed roof page ROOF|wood|facade_wood (586 atoms)
09-23 18:12:44.647 I/godot   (26421): [BAKE] Composed roof page ROOF|brick|facade_brick (586 atoms)
09-23 18:12:45.237 I/godot   (26421): [BAKE] Composed roof page ROOF|cardboard|facade_cardboard (586 atoms)
09-23 18:12:45.823 I/godot   (26421): [BAKE] Composed roof page ROOF|fabric|facade_fabric (586 atoms)
09-23 18:12:46.413 I/godot   (26421): [BAKE] Composed roof page ROOF|plywood|facade_plywood (586 atoms)
09-23 18:12:47.000 I/godot   (26421): [BAKE] Composed roof page ROOF|glass|facade_glass (586 atoms)
09-23 18:12:47.004 I/godot   (26421): [BAKE] Baked 9 combos × 2 directions in 14874.0 ms
09-23 18:12:47.006 I/godot   (26421): [ROOM] Bake complete: 15273 ms, 36 pages
09-23 18:12:51.632 I/godot   (26421): [ROOM] Registered baked atlas page 0 as source 98 on voxel_renderer (8448 tiles created)
09-23 18:12:56.473 I/godot   (26421): [ROOM] Registered baked atlas page 1 as source 99 on voxel_renderer (8448 tiles created)
09-23 18:12:56.488 I/godot   (26421): [ROOM] Registered baked atlas page 2 as source 100 on voxel_renderer (384 tiles created)
09-23 18:12:56.502 I/godot   (26421): [ROOM] Registered baked atlas page 3 as source 101 on voxel_renderer (384 tiles created)
09-23 18:12:56.516 I/godot   (26421): [ROOM] Registered baked atlas page 4 as source 102 on voxel_renderer (384 tiles created)
09-23 18:12:56.531 I/godot   (26421): [ROOM] Registered baked atlas page 5 as source 103 on voxel_renderer (384 tiles created)
09-23 18:12:56.545 I/godot   (26421): [ROOM] Registered baked atlas page 6 as source 104 on voxel_renderer (384 tiles created)
09-23 18:12:56.561 I/godot   (26421): [ROOM] Registered baked atlas page 7 as source 105 on voxel_renderer (384 tiles created)
09-23 18:12:56.576 I/godot   (26421): [ROOM] Registered baked atlas page 8 as source 106 on voxel_renderer (384 tiles created)
09-23 18:12:56.590 I/godot   (26421): [ROOM] Registered baked atlas page 9 as source 107 on voxel_renderer (384 tiles created)
09-23 18:12:56.605 I/godot   (26421): [ROOM] Registered baked atlas page 10 as source 108 on voxel_renderer (384 tiles created)
09-23 18:12:56.620 I/godot   (26421): [ROOM] Registered baked atlas page 11 as source 109 on voxel_renderer (384 tiles created)
09-23 18:12:56.635 I/godot   (26421): [ROOM] Registered baked atlas page 12 as source 110 on voxel_renderer (384 tiles created)
09-23 18:12:56.650 I/godot   (26421): [ROOM] Registered baked atlas page 13 as source 111 on voxel_renderer (384 tiles created)
09-23 18:12:56.665 I/godot   (26421): [ROOM] Registered baked atlas page 14 as source 112 on voxel_renderer (384 tiles created)
09-23 18:12:56.680 I/godot   (26421): [ROOM] Registered baked atlas page 15 as source 113 on voxel_renderer (384 tiles created)
09-23 18:12:56.704 I/godot   (26421): [ROOM] Registered baked atlas page 16 as source 114 on voxel_renderer (384 tiles created)
09-23 18:12:56.808 I/godot   (26421): [ROOM] Registered baked atlas page 17 as source 115 on voxel_renderer (384 tiles created)
09-23 18:12:56.814 I/godot   (26421): [ROOM] Registered baked atlas page 18 as source 116 on voxel_renderer (160 tiles created)
09-23 18:12:56.816 I/godot   (26421): [ROOM] Registered baked atlas page 19 as source 117 on voxel_renderer (64 tiles created)
09-23 18:12:56.818 I/godot   (26421): [ROOM] Registered baked atlas page 20 as source 118 on voxel_renderer (64 tiles created)
09-23 18:12:56.820 I/godot   (26421): [ROOM] Registered baked atlas page 21 as source 119 on voxel_renderer (64 tiles created)
09-23 18:12:56.822 I/godot   (26421): [ROOM] Registered baked atlas page 22 as source 120 on voxel_renderer (64 tiles created)
09-23 18:12:56.824 I/godot   (26421): [ROOM] Registered baked atlas page 23 as source 121 on voxel_renderer (64 tiles created)
09-23 18:12:56.826 I/godot   (26421): [ROOM] Registered baked atlas page 24 as source 122 on voxel_renderer (64 tiles created)
09-23 18:12:56.829 I/godot   (26421): [ROOM] Registered baked atlas page 25 as source 123 on voxel_renderer (64 tiles created)
09-23 18:12:56.831 I/godot   (26421): [ROOM] Registered baked atlas page 26 as source 124 on voxel_renderer (64 tiles created)
09-23 18:12:57.854 I/godot   (26421): [ROOM] Registered baked atlas page 27 as source 125 on voxel_renderer (4096 tiles created)
09-23 18:12:57.883 I/godot   (26421): [ROOM] Registered baked atlas page 28 as source 126 on voxel_renderer (586 tiles created)
09-23 18:12:57.913 I/godot   (26421): [ROOM] Registered baked atlas page 29 as source 127 on voxel_renderer (586 tiles created)
09-23 18:12:57.941 I/godot   (26421): [ROOM] Registered baked atlas page 30 as source 128 on voxel_renderer (586 tiles created)
09-23 18:12:57.971 I/godot   (26421): [ROOM] Registered baked atlas page 31 as source 129 on voxel_renderer (586 tiles created)
09-23 18:12:58.000 I/godot   (26421): [ROOM] Registered baked atlas page 32 as source 130 on voxel_renderer (586 tiles created)
09-23 18:12:58.029 I/godot   (26421): [ROOM] Registered baked atlas page 33 as source 131 on voxel_renderer (586 tiles created)
09-23 18:12:58.059 I/godot   (26421): [ROOM] Registered baked atlas page 34 as source 132 on voxel_renderer (586 tiles created)
09-23 18:12:58.088 I/godot   (26421): [ROOM] Registered baked atlas page 35 as source 133 on voxel_renderer (586 tiles created)
09-23 18:12:58.089 I/godot   (26421): [VOXEL] Baked lookup set: registered
09-23 18:12:58.096 I/godot   (26421): [BAKE] Disk cache HIT: loaded 1ff64de9
09-23 18:12:58.850 I/godot   (26421): [D33] composite page: 3584 tile(s) created up front in 738.1 ms
09-23 18:12:58.875 I/godot   (26421): [BAKE] Disk cache HIT: loaded 79f4f5e8
09-23 18:12:58.878 I/godot   (26421): [BAKE] Disk cache HIT: loaded c5a3ab77
09-23 18:12:58.880 I/godot   (26421): [BAKE] Disk cache HIT: loaded 38139423
09-23 18:12:58.882 I/godot   (26421): [BAKE] Disk cache HIT: loaded 66da5472
09-23 18:12:58.884 I/godot   (26421): [BAKE] Disk cache HIT: loaded e4993765
09-23 18:12:58.887 I/godot   (26421): [BAKE] Disk cache HIT: loaded 689fb62e
09-23 18:12:58.889 I/godot   (26421): [BAKE] Disk cache HIT: loaded 6705897f
09-23 18:12:58.891 I/godot   (26421): [BAKE] Disk cache HIT: loaded f45df950
09-23 18:12:58.893 I/godot   (26421): [BAKE] Disk cache HIT: loaded a69e54c4
09-23 18:12:58.896 I/godot   (26421): [BAKE] Disk cache HIT: loaded 789ec235
09-23 18:12:58.898 I/godot   (26421): [BAKE] Disk cache HIT: loaded 7ae0a8c2
09-23 18:12:58.900 I/godot   (26421): [BAKE] Disk cache HIT: loaded e19baabe
09-23 18:12:58.903 I/godot   (26421): [BAKE] Disk cache HIT: loaded 3323d2cf
09-23 18:12:58.905 I/godot   (26421): [BAKE] Disk cache HIT: loaded 14a1b0e0
09-23 18:12:58.907 I/godot   (26421): [BAKE] Disk cache HIT: loaded 312a1305
09-23 18:12:58.910 I/godot   (26421): [BAKE] Disk cache HIT: loaded a6443a14
09-23 18:12:58.912 I/godot   (26421): [BAKE] Disk cache HIT: loaded de99e143
09-23 18:12:58.914 I/godot   (26421): [BAKE] Disk cache HIT: loaded f582f5c8
09-23 18:12:58.916 I/godot   (26421): [BAKE] Disk cache HIT: loaded c18fa5c9
09-23 18:12:58.919 I/godot   (26421): [BAKE] Disk cache HIT: loaded 75160ea6
09-23 18:12:58.922 I/godot   (26421): [BAKE] Disk cache HIT: loaded 4d745b00
09-23 18:12:58.924 I/godot   (26421): [BAKE] Disk cache HIT: loaded baeabe01
09-23 18:12:58.927 I/godot   (26421): [BAKE] Disk cache HIT: loaded 535489de
09-23 18:12:58.929 I/godot   (26421): [BAKE] Disk cache HIT: loaded 3e4f2802
09-23 18:12:58.932 I/godot   (26421): [BAKE] Disk cache HIT: loaded 8f879e33
09-23 18:12:58.934 I/godot   (26421): [BAKE] Disk cache HIT: loaded e5158604
09-23 18:12:58.937 I/godot   (26421): [BAKE] Disk cache HIT: loaded bda6b76f
09-23 18:12:58.939 I/godot   (26421): [BAKE] Disk cache HIT: loaded 6ae15ade
09-23 18:12:58.942 I/godot   (26421): [BAKE] Disk cache HIT: loaded d2778f01
09-23 18:12:58.944 I/godot   (26421): [BAKE] Disk cache HIT: loaded 8acb8dbd
09-23 18:12:58.947 I/godot   (26421): [BAKE] Disk cache HIT: loaded f8179f2c
09-23 18:12:58.950 I/godot   (26421): [BAKE] Disk cache HIT: loaded c3776c5b
09-23 18:12:58.953 I/godot   (26421): [BAKE] Disk cache HIT: loaded ddea6eff
09-23 18:12:58.956 I/godot   (26421): [BAKE] Disk cache HIT: loaded df849bae
09-23 18:12:58.958 I/godot   (26421): [BAKE] Disk cache HIT: loaded 4b738391
09-23 18:12:58.961 I/godot   (26421): [BAKE] Disk cache HIT: loaded 310dc82c
09-23 18:12:58.963 I/godot   (26421): [BAKE] Disk cache HIT: loaded c3c1b6bd
09-23 18:12:58.965 I/godot   (26421): [BAKE] Disk cache HIT: loaded 2a46d30a
09-23 18:12:58.968 I/godot   (26421): [BAKE] Disk cache HIT: loaded fdc7ddf1
09-23 18:12:58.971 I/godot   (26421): [BAKE] Disk cache HIT: loaded 0fb2e0b0
09-23 18:12:58.973 I/godot   (26421): [BAKE] Disk cache HIT: loaded db12addf
09-23 18:12:58.976 I/godot   (26421): [BAKE] Disk cache HIT: loaded 4f78b87f
09-23 18:12:58.979 I/godot   (26421): [BAKE] Disk cache HIT: loaded 5112e52e
09-23 18:12:58.981 I/godot   (26421): [BAKE] Disk cache HIT: loaded bd01cd11
09-23 18:12:58.984 I/godot   (26421): [BAKE] Disk cache HIT: loaded 75a5bc1d
09-23 18:12:58.986 I/godot   (26421): [BAKE] Disk cache HIT: loaded 564b730c
09-23 18:12:58.988 I/godot   (26421): [BAKE] Disk cache HIT: loaded a1ac09bb
09-23 18:12:58.991 I/godot   (26421): [BAKE] Disk cache HIT: loaded 62ea1cf0
09-23 18:12:58.993 I/godot   (26421): [BAKE] Disk cache HIT: loaded 50ff1a31
09-23 18:12:58.996 I/godot   (26421): [BAKE] Disk cache HIT: loaded dc23f14e
09-23 18:12:58.998 I/godot   (26421): [BAKE] Disk cache HIT: loaded 8b168722
09-23 18:12:59.001 I/godot   (26421): [BAKE] Disk cache HIT: loaded dd8c31d3
09-23 18:12:59.003 I/godot   (26421): [BAKE] Disk cache HIT: loaded 31dce524
09-23 18:12:59.006 I/godot   (26421): [BAKE] Disk cache HIT: loaded dbe61180
09-23 18:12:59.008 I/godot   (26421): [BAKE] Disk cache HIT: loaded 495c7481
09-23 18:12:59.010 I/godot   (26421): [BAKE] Disk cache HIT: loaded e1c6405e
09-23 18:12:59.013 I/godot   (26421): [BAKE] Disk cache HIT: loaded 266b01ab
09-23 18:12:59.015 I/godot   (26421): [BAKE] Disk cache HIT: loaded 53a66e9a
09-23 18:12:59.017 I/godot   (26421): [BAKE] Disk cache HIT: loaded d31dba8d
09-23 18:12:59.020 I/godot   (26421): [BAKE] Disk cache HIT: loaded 4da47f86
09-23 18:12:59.022 I/godot   (26421): [BAKE] Disk cache HIT: loaded ec09bbb7
09-23 18:12:59.024 I/godot   (26421): [BAKE] Disk cache HIT: loaded a05b0628
09-23 18:12:59.026 I/godot   (26421): [BAKE] Disk cache HIT: loaded 2ad8f476
09-23 18:12:59.029 I/godot   (26421): [BAKE] Disk cache HIT: loaded 7655f6e7
09-23 18:12:59.031 I/godot   (26421): [BAKE] Disk cache HIT: loaded aaa677d8
09-23 18:12:59.033 I/godot   (26421): [BAKE] Disk cache HIT: loaded 93993437
09-23 18:12:59.036 I/godot   (26421): [BAKE] Disk cache HIT: loaded f533f806
09-23 18:12:59.038 I/godot   (26421): [BAKE] Disk cache HIT: loaded 953399a9
09-23 18:12:59.041 I/godot   (26421): [BAKE] Disk cache HIT: loaded 0fc056b1
09-23 18:12:59.043 I/godot   (26421): [BAKE] Disk cache HIT: loaded 21ab5970
09-23 18:12:59.045 I/godot   (26421): [BAKE] Disk cache HIT: loaded ed0b269f
09-23 18:12:59.048 I/godot   (26421): [BAKE] Disk cache HIT: loaded 9b8ed3b4
09-23 18:12:59.050 I/godot   (26421): [BAKE] Disk cache HIT: loaded 99ce5225
09-23 18:12:59.052 I/godot   (26421): [BAKE] Disk cache HIT: loaded 48889b32
09-23 18:12:59.055 I/godot   (26421): [BAKE] Disk cache HIT: loaded 1a067eca
09-23 18:12:59.058 I/godot   (26421): [BAKE] Disk cache HIT: loaded ec2d411b
09-23 18:12:59.061 I/godot   (26421): [BAKE] Disk cache HIT: loaded 4d0c84ec
09-23 18:12:59.063 I/godot   (26421): [BAKE] Disk cache HIT: loaded 0054ff2c
09-23 18:12:59.065 I/godot   (26421): [BAKE] Disk cache HIT: loaded 9308edbd
09-23 18:12:59.068 I/godot   (26421): [BAKE] Disk cache HIT: loaded f98e0a0a
09-23 18:12:59.071 I/godot   (26421): [BAKE] Disk cache HIT: loaded bcf9043b
09-23 18:12:59.073 I/godot   (26421): [BAKE] Disk cache HIT: loaded ead241ea
09-23 18:12:59.076 I/godot   (26421): [BAKE] Disk cache HIT: loaded 90f2b69d
09-23 18:12:59.078 I/godot   (26421): [BAKE] Disk cache HIT: loaded 9e92ca16
09-23 18:12:59.081 I/godot   (26421): [BAKE] Disk cache HIT: loaded 101b2487
09-23 18:12:59.083 I/godot   (26421): [BAKE] Disk cache HIT: loaded caa027f8
09-23 18:12:59.085 I/godot   (26421): [BAKE] Disk cache HIT: loaded db3c5d88
09-23 18:12:59.088 I/godot   (26421): [BAKE] Disk cache HIT: loaded a7490d89
09-23 18:12:59.090 I/godot   (26421): [BAKE] Disk cache HIT: loaded b387b366
09-23 18:12:59.092 I/godot   (26421): [BAKE] Disk cache HIT: loaded d51907ad
09-23 18:12:59.094 I/godot   (26421): [BAKE] Disk cache HIT: loaded c303b35c
09-23 18:12:59.097 I/godot   (26421): [BAKE] Disk cache HIT: loaded 0dc4e64b
09-23 18:12:59.099 I/godot   (26421): [BAKE] Disk cache HIT: loaded 6f0d800b
09-23 18:12:59.102 I/godot   (26421): [BAKE] Disk cache HIT: loaded 988e09fa
09-23 18:12:59.104 I/godot   (26421): [BAKE] Disk cache HIT: loaded 3661a16d
09-23 18:12:59.107 I/godot   (26421): [BAKE] Disk cache HIT: loaded 00714a05
09-23 18:12:59.109 I/godot   (26421): [BAKE] Disk cache HIT: loaded 758b7114
09-23 18:12:59.111 I/godot   (26421): [BAKE] Disk cache HIT: loaded ade11843
09-23 18:12:59.114 I/godot   (26421): [BAKE] Disk cache HIT: loaded c99c60fa
09-23 18:12:59.117 I/godot   (26421): [BAKE] Disk cache HIT: loaded a01bd70b
09-23 18:12:59.119 I/godot   (26421): [BAKE] Disk cache HIT: loaded 555aa41c
09-23 18:12:59.122 I/godot   (26421): [BAKE] Disk cache HIT: loaded d172d041
09-23 18:12:59.124 I/godot   (26421): [BAKE] Disk cache HIT: loaded 0b443040
09-23 18:12:59.126 I/godot   (26421): [BAKE] Disk cache HIT: loaded 63e9bbaf
09-23 18:12:59.129 I/godot   (26421): [BAKE] Disk cache HIT: loaded 7dc14c67
09-23 18:12:59.131 I/godot   (26421): [BAKE] Disk cache HIT: loaded 324449f6
09-23 18:12:59.134 I/godot   (26421): [BAKE] Disk cache HIT: loaded febd1799
09-23 18:12:59.137 I/godot   (26421): [BAKE] Disk cache HIT: loaded 80070612
09-23 18:12:59.139 I/godot   (26421): [BAKE] Disk cache HIT: loaded d27cb0c3
09-23 18:12:59.142 I/godot   (26421): [BAKE] Disk cache HIT: loaded 9a270994
09-23 18:12:59.144 I/godot   (26421): [BAKE] Disk cache HIT: loaded 408a168c
09-23 18:12:59.147 I/godot   (26421): [BAKE] Disk cache HIT: loaded 5fe45f9d
09-23 18:12:59.149 I/godot   (26421): [BAKE] Disk cache HIT: loaded b9c3eaea
09-23 18:12:59.151 I/godot   (26421): [BAKE] Disk cache HIT: loaded fb0049ea
09-23 18:12:59.154 I/godot   (26421): [BAKE] Disk cache HIT: loaded cd270c3b
09-23 18:12:59.156 I/godot   (26421): [BAKE] Disk cache HIT: loaded 81c6758c
09-23 18:12:59.158 I/godot   (26421): [BAKE] Disk cache HIT: loaded 725b1a95
09-23 18:12:59.160 I/godot   (26421): [BAKE] Disk cache HIT: loaded f41ad2a4
09-23 18:12:59.163 I/godot   (26421): [BAKE] Disk cache HIT: loaded 9fca1f53
09-23 18:12:59.165 I/godot   (26421): [BAKE] Disk cache HIT: loaded 3ce87820
09-23 18:12:59.167 I/godot   (26421): [BAKE] Disk cache HIT: loaded aa5edb21
09-23 18:12:59.170 I/godot   (26421): [BAKE] Disk cache HIT: loaded dd6945fe
09-23 18:12:59.172 I/godot   (26421): [BAKE] Disk cache HIT: loaded 375c7783
09-23 18:12:59.174 I/godot   (26421): [BAKE] Disk cache HIT: loaded e4e6ccd2
09-23 18:12:59.177 I/godot   (26421): [BAKE] Disk cache HIT: loaded 89eca945
09-23 18:12:59.179 I/godot   (26421): [BAKE] Disk cache HIT: loaded 6f1c8b0d
09-23 18:12:59.182 I/godot   (26421): [BAKE] Disk cache HIT: loaded cf23a7bc
09-23 18:12:59.184 I/godot   (26421): [BAKE] Disk cache HIT: loaded c269d22b
09-23 18:12:59.186 I/godot   (26421): [BAKE] Disk cache HIT: loaded a2f6a7a8
09-23 18:12:59.189 I/godot   (26421): [BAKE] Disk cache HIT: loaded f03fc2a9
09-23 18:12:59.191 I/godot   (26421): [BAKE] Disk cache HIT: loaded 50402106
09-23 18:12:59.193 I/godot   (26421): [BAKE] Disk cache HIT: loaded 170da79e
09-23 18:12:59.196 I/godot   (26421): [BAKE] Disk cache HIT: loaded 69d3042f
09-23 18:12:59.199 I/godot   (26421): [BAKE] Disk cache HIT: loaded 112d78c0
09-23 18:12:59.201 I/godot   (26421): [BAKE] Disk cache HIT: loaded 0bea3be0
09-23 18:12:59.204 I/godot   (26421): [BAKE] Disk cache HIT: loaded 79609ee1
09-23 18:12:59.207 I/godot   (26421): [BAKE] Disk cache HIT: loaded d8e435be
09-23 18:12:59.209 I/godot   (26421): [BAKE] Disk cache HIT: loaded c2f0fe17
09-23 18:12:59.212 I/godot   (26421): [BAKE] Disk cache HIT: loaded d0ca0966
09-23 18:12:59.215 I/godot   (26421): [BAKE] Disk cache HIT: loaded c48b6389
09-23 18:12:59.217 I/godot   (26421): [BAKE] Disk cache HIT: loaded f42ffe0a
09-23 18:12:59.220 I/godot   (26421): [BAKE] Disk cache HIT: loaded c656c05b
09-23 18:12:59.223 I/godot   (26421): [BAKE] Disk cache HIT: loaded faf6f32c
09-23 18:12:59.225 I/godot   (26421): [BAKE] Disk cache HIT: loaded 8e459ee2
09-23 18:12:59.227 I/godot   (26421): [BAKE] Disk cache HIT: loaded e0bb4993
09-23 18:12:59.230 I/godot   (26421): [BAKE] Disk cache HIT: loaded 350bfce4
09-23 18:12:59.233 I/godot   (26421): [BAKE] Disk cache HIT: loaded 22b77a14
09-23 18:12:59.236 I/godot   (26421): [BAKE] Disk cache HIT: loaded ad9d5305
09-23 18:12:59.239 I/godot   (26421): [BAKE] Disk cache HIT: loaded 08977692
09-23 18:12:59.241 I/godot   (26421): [BAKE] Disk cache HIT: loaded 2b3ac651
09-23 18:12:59.244 I/godot   (26421): [BAKE] Disk cache HIT: loaded 4b0a2190
09-23 18:12:59.246 I/godot   (26421): [BAKE] Disk cache HIT: loaded 1669eebf
09-23 18:12:59.249 I/godot   (26421): [BAKE] Disk cache HIT: loaded ddd178df
09-23 18:12:59.251 I/godot   (26421): [BAKE] Disk cache HIT: loaded 8bab800e
09-23 18:12:59.253 I/godot   (26421): [BAKE] Disk cache HIT: loaded 0086a8f1
09-23 18:12:59.256 I/godot   (26421): [BAKE] Disk cache HIT: loaded 078ff8c9
09-23 18:12:59.259 I/godot   (26421): [BAKE] Disk cache HIT: loaded 3b8348c8
09-23 18:12:59.261 I/godot   (26421): [BAKE] Disk cache HIT: loaded 05f59357
09-23 18:12:59.264 I/godot   (26421): [BAKE] Disk cache HIT: loaded fa29a4f6
09-23 18:12:59.267 I/godot   (26421): [BAKE] Disk cache HIT: loaded 45a6a767
09-23 18:12:59.269 I/godot   (26421): [BAKE] Disk cache HIT: loaded 79f72858
09-23 18:12:59.272 I/godot   (26421): [BAKE] Disk cache HIT: loaded c43fb14b
09-23 18:12:59.275 I/godot   (26421): [BAKE] Disk cache HIT: loaded 72b7893a
09-23 18:12:59.278 I/godot   (26421): [BAKE] Disk cache HIT: loaded 8b93d2ad
09-23 18:12:59.281 I/godot   (26421): [BAKE] Disk cache HIT: loaded 3c0fdd7d
09-23 18:12:59.283 I/godot   (26421): [BAKE] Disk cache HIT: loaded 50a3b1ec
09-23 18:12:59.285 I/godot   (26421): [BAKE] Disk cache HIT: loaded efc46e1b
09-23 18:12:59.288 I/godot   (26421): [BAKE] Disk cache HIT: loaded 5d243053
09-23 18:12:59.290 I/godot   (26421): [BAKE] Disk cache HIT: loaded 0aae85a2
09-23 18:12:59.293 I/godot   (26421): [BAKE] Disk cache HIT: loaded 2fb52b95
09-23 18:12:59.296 I/godot   (26421): [BAKE] Disk cache HIT: loaded dcc1c5e6
09-23 18:12:59.299 I/godot   (26421): [BAKE] Disk cache HIT: loaded cee8ba97
09-23 18:12:59.301 I/godot   (26421): [BAKE] Disk cache HIT: loaded 04767008
09-23 18:12:59.304 I/godot   (26421): [BAKE] Disk cache HIT: loaded e8344460
09-23 18:12:59.306 I/godot   (26421): [BAKE] Disk cache HIT: loaded 55aaa761
09-23 18:12:59.309 I/godot   (26421): [BAKE] Disk cache HIT: loaded b52e3e3e
09-23 18:12:59.311 I/godot   (26421): [BAKE] Disk cache HIT: loaded 3ac39f1e
09-23 18:12:59.314 I/godot   (26421): [BAKE] Disk cache HIT: loaded 8d88fbaf
09-23 18:12:59.316 I/godot   (26421): [BAKE] Disk cache HIT: loaded 34e37040
09-23 18:12:59.319 I/godot   (26421): [BAKE] Disk cache HIT: loaded ae9fd721
09-23 18:12:59.321 I/godot   (26421): [BAKE] Disk cache HIT: loaded 41297420
09-23 18:12:59.323 I/godot   (26421): [BAKE] Disk cache HIT: loaded 8beaa70f
09-23 18:12:59.325 I/godot   (26421): [BAKE] Disk cache HIT: loaded 991789cc
09-23 18:12:59.328 I/godot   (26421): [BAKE] Disk cache HIT: loaded b871d2dd
09-23 18:12:59.330 I/godot   (26421): [BAKE] Disk cache HIT: loaded b999212a
09-23 18:12:59.333 I/godot   (26421): [BAKE] Disk cache HIT: loaded 5e0bedbc
09-23 18:12:59.336 I/godot   (26421): [BAKE] Disk cache HIT: loaded fe04d10d
09-23 18:12:59.338 I/godot   (26421): [BAKE] Disk cache HIT: loaded 7e8d851a
09-23 18:12:59.341 I/godot   (26421): [BAKE] Disk cache HIT: loaded f0cbacc5
09-23 18:12:59.344 I/godot   (26421): [BAKE] Disk cache HIT: loaded 65e5d3d4
09-23 18:12:59.346 I/godot   (26421): [BAKE] Disk cache HIT: loaded 9e3b7b03
09-23 18:12:59.349 I/godot   (26421): [BAKE] Disk cache HIT: loaded fe7ed17f
09-23 18:12:59.351 I/godot   (26421): [BAKE] Disk cache HIT: loaded 0018fe2e
09-23 18:12:59.353 I/godot   (26421): [BAKE] Disk cache HIT: loaded 6c07e611
09-23 18:12:59.356 I/godot   (26421): [BAKE] Disk cache HIT: loaded f8617f42
09-23 18:12:59.359 I/godot   (26421): [BAKE] Disk cache HIT: loaded a2523273
09-23 18:12:59.361 I/godot   (26421): [BAKE] Disk cache HIT: loaded 241f2b44
09-23 18:12:59.364 I/godot   (26421): [BAKE] Disk cache HIT: loaded 43e30398
09-23 18:12:59.366 I/godot   (26421): [BAKE] Disk cache HIT: loaded 908e4dd9
09-23 18:12:59.369 I/godot   (26421): [BAKE] Disk cache HIT: loaded 1ccdbd36
09-23 18:12:59.371 I/godot   (26421): [BAKE] Disk cache HIT: loaded 9bc17792
09-23 18:12:59.374 I/godot   (26421): [BAKE] Disk cache HIT: loaded ee372243
09-23 18:12:59.376 I/godot   (26421): [BAKE] Disk cache HIT: loaded b5e17b14
09-23 18:12:59.379 I/godot   (26421): [BAKE] Disk cache HIT: loaded 8af654d1
09-23 18:12:59.381 I/godot   (26421): [BAKE] Disk cache HIT: loaded aac5b010
09-23 18:12:59.383 I/godot   (26421): [BAKE] Disk cache HIT: loaded 76257d3f
09-23 18:12:59.385 I/godot   (26421): [BAKE] Disk cache HIT: loaded 97f724ec
09-23 18:12:59.388 I/godot   (26421): [BAKE] Disk cache HIT: loaded 8363507d
09-23 18:12:59.390 I/godot   (26421): [BAKE] Disk cache HIT: loaded 64f11eca
09-23 18:12:59.392 I/godot   (26421): [BAKE] Disk cache HIT: loaded 02300d3e
09-23 18:12:59.395 I/godot   (26421): [BAKE] Disk cache HIT: loaded 53b8354f
09-23 18:12:59.397 I/godot   (26421): [BAKE] Disk cache HIT: loaded 35361360
09-23 18:12:59.400 I/godot   (26421): [BAKE] Disk cache HIT: loaded cc7a3463
09-23 18:12:59.403 I/godot   (26421): [BAKE] Disk cache HIT: loaded cf01e3b2
09-23 18:12:59.405 I/godot   (26421): [BAKE] Disk cache HIT: loaded 20479aa5
09-23 18:12:59.408 I/godot   (26421): [BAKE] Disk cache HIT: loaded a4e028c1
09-23 18:12:59.411 I/godot   (26421): [BAKE] Disk cache HIT: loaded deb188c0
09-23 18:12:59.413 I/godot   (26421): [BAKE] Disk cache HIT: loaded 3757142f
09-23 18:12:59.416 I/godot   (26421): [BAKE] Disk cache HIT: loaded 37935b73
09-23 18:12:59.419 I/godot   (26421): [BAKE] Disk cache HIT: loaded 8da2a842
09-23 18:12:59.421 I/godot   (26421): [BAKE] Disk cache HIT: loaded 8b60c1b5
09-23 18:12:59.423 I/godot   (26421): [BAKE] Disk cache HIT: loaded 02b23628
09-23 18:12:59.426 I/godot   (26421): [BAKE] Disk cache HIT: loaded 4ffb5129
09-23 18:12:59.428 I/godot   (26421): [BAKE] Disk cache HIT: loaded affbaf86
09-23 18:12:59.430 I/godot   (26421): [BAKE] Disk cache HIT: loaded b9cd8a6b
09-23 18:12:59.433 I/godot   (26421): [BAKE] Disk cache HIT: loaded e708f75a
09-23 18:12:59.436 I/godot   (26421): [BAKE] Disk cache HIT: loaded 0dc8064d
09-23 18:12:59.438 I/godot   (26421): [BAKE] Disk cache HIT: loaded cefc66e9
09-23 18:12:59.440 I/godot   (26421): [BAKE] Disk cache HIT: loaded 28fb0ee8
09-23 18:12:59.442 I/godot   (26421): [BAKE] Disk cache HIT: loaded 74a9c477
09-23 18:12:59.445 I/godot   (26421): [BAKE] Disk cache HIT: loaded 4a4da5e4
09-23 18:12:59.447 I/godot   (26421): [BAKE] Disk cache HIT: loaded 21462ad5
09-23 18:12:59.450 I/godot   (26421): [BAKE] Disk cache HIT: loaded a38747e2
09-23 18:12:59.452 I/godot   (26421): [BAKE] Disk cache HIT: loaded 72002296
09-23 18:12:59.455 I/godot   (26421): [BAKE] Disk cache HIT: loaded e3887d07
09-23 18:12:59.457 I/godot   (26421): [BAKE] Disk cache HIT: loaded 9e0d8078
09-23 18:12:59.460 I/godot   (26421): [BAKE] Disk cache HIT: loaded b7494534
09-23 18:12:59.462 I/godot   (26421): [BAKE] Disk cache HIT: loaded b588c3a5
09-23 18:12:59.464 I/godot   (26421): [BAKE] Disk cache HIT: loaded 64430cb2
09-23 18:12:59.467 I/godot   (26421): [BAKE] Disk cache HIT: loaded cae2dc07
09-23 18:12:59.470 I/godot   (26421): [BAKE] Disk cache HIT: loaded 595a8196
09-23 18:12:59.472 I/godot   (26421): [BAKE] Disk cache HIT: loaded b279a9b9
09-23 18:12:59.474 I/godot   (26421): [BAKE] Disk cache HIT: loaded de015d02
09-23 18:12:59.477 I/godot   (26421): [BAKE] Disk cache HIT: loaded 2f39d333
09-23 18:12:59.479 I/godot   (26421): [BAKE] Disk cache HIT: loaded 84c7bb04
09-23 18:12:59.481 I/godot   (26421): [BAKE] Disk cache HIT: loaded 9925edef
09-23 18:12:59.484 I/godot   (26421): [BAKE] Disk cache HIT: loaded 4660915e
09-23 18:12:59.486 I/godot   (26421): [BAKE] Disk cache HIT: loaded adf6c581
09-23 18:12:59.488 I/godot   (26421): [BAKE] Disk cache HIT: loaded db105109
09-23 18:12:59.491 I/godot   (26421): [BAKE] Disk cache HIT: loaded 0f03a108
09-23 18:12:59.494 I/godot   (26421): [BAKE] Disk cache HIT: loaded d975eb97
09-23 18:12:59.496 I/godot   (26421): [BAKE] Disk cache HIT: loaded 78a85bfc
09-23 18:12:59.499 I/godot   (26421): [BAKE] Disk cache HIT: loaded 18a13f4d
09-23 18:12:59.501 I/godot   (26421): [BAKE] Disk cache HIT: loaded f1e2305a
09-23 18:12:59.503 I/godot   (26421): [BAKE] Disk cache HIT: loaded 4d0a65c2
09-23 18:12:59.506 I/godot   (26421): [BAKE] Disk cache HIT: loaded f6fb18f3
09-23 18:12:59.508 I/godot   (26421): [BAKE] Disk cache HIT: loaded 78c811c4
09-23 18:12:59.511 I/godot   (26421): [BAKE] Disk cache HIT: loaded a78c2364
09-23 18:12:59.513 I/godot   (26421): [BAKE] Disk cache HIT: loaded 7e84a855
09-23 18:12:59.515 I/godot   (26421): [BAKE] Disk cache HIT: loaded 00c5c562
09-23 18:12:59.518 I/godot   (26421): [BAKE] Disk cache HIT: loaded 2db3fd43
09-23 18:12:59.520 I/godot   (26421): [BAKE] Disk cache HIT: loaded db3e5292
09-23 18:12:59.522 I/godot   (26421): [BAKE] Disk cache HIT: loaded 80442f05
09-23 18:12:59.524 I/godot   (26421): [BAKE] Disk cache HIT: loaded 94daf0a6
09-23 18:12:59.527 I/godot   (26421): [BAKE] Disk cache HIT: loaded dfba2257
09-23 18:12:59.529 I/godot   (26421): [BAKE] Disk cache HIT: loaded 1547d7c8
09-23 18:12:59.532 I/godot   (26421): [BAKE] Disk cache HIT: loaded 441eecae
09-23 18:12:59.534 I/godot   (26421): [BAKE] Disk cache HIT: loaded 4284bfff
09-23 18:12:59.536 I/godot   (26421): [BAKE] Disk cache HIT: loaded cfdd2fd0
09-23 18:12:59.539 I/godot   (26421): [BAKE] Disk cache HIT: loaded 3822d120
09-23 18:12:59.541 I/godot   (26421): [BAKE] Disk cache HIT: loaded a5993421
09-23 18:12:59.543 I/godot   (26421): [BAKE] Disk cache HIT: loaded d8a39efe
09-23 18:12:59.546 I/godot   (26421): [BAKE] Disk cache HIT: loaded 7dbcbe55
09-23 18:12:59.548 I/godot   (26421): [BAKE] Disk cache HIT: loaded a6c43964
09-23 18:12:59.551 I/godot   (26421): [BAKE] Disk cache HIT: loaded 52738613
09-23 18:12:59.553 I/godot   (26421): [BAKE] Disk cache HIT: loaded 21231ae3
09-23 18:12:59.556 I/godot   (26421): [BAKE] Disk cache HIT: loaded 23aaca32
09-23 18:12:59.558 I/godot   (26421): [BAKE] Disk cache HIT: loaded 74f08125
09-23 18:12:59.561 I/godot   (26421): [BAKE] Disk cache HIT: loaded 3b0bc8dd
09-23 18:12:59.563 I/godot   (26421): [BAKE] Disk cache HIT: loaded 1bb17fcc
09-23 18:12:59.566 I/godot   (26421): [BAKE] Disk cache HIT: loaded 0e59d97b
09-23 18:12:59.569 I/godot   (26421): [BAKE] Disk cache HIT: loaded dd5561a2
09-23 18:12:59.571 I/godot   (26421): [BAKE] Disk cache HIT: loaded 2fcb0c53
09-23 18:12:59.574 I/godot   (26421): [BAKE] Disk cache HIT: loaded 841bbfa4
09-23 18:12:59.576 I/godot   (26421): [BAKE] Disk cache HIT: loaded 269bba47
09-23 18:12:59.579 I/godot   (26421): [BAKE] Disk cache HIT: loaded b5135fd6
09-23 18:12:59.582 I/godot   (26421): [BAKE] Disk cache HIT: loaded b57a4af9
09-23 18:12:59.584 I/godot   (26421): [BAKE] Disk cache HIT: loaded e5a9a719
09-23 18:12:59.586 I/godot   (26421): [BAKE] Disk cache HIT: loaded 98fe5cd8
09-23 18:12:59.589 I/godot   (26421): [BAKE] Disk cache HIT: loaded 64addbe7
09-23 18:12:59.591 I/godot   (26421): [BAKE] Disk cache HIT: loaded 0146d99f
09-23 18:12:59.594 I/godot   (26421): [BAKE] Disk cache HIT: loaded af20e0ce
09-23 18:12:59.597 I/godot   (26421): [BAKE] Disk cache HIT: loaded 23fc09b1
09-23 18:12:59.599 I/godot   (26421): [BAKE] Disk cache HIT: loaded 7fa109ba
09-23 18:12:59.601 I/godot   (26421): [BAKE] Disk cache HIT: loaded d12931cb
09-23 18:12:59.603 I/godot   (26421): [BAKE] Disk cache HIT: loaded 8667fedc
09-23 18:12:59.606 I/godot   (26421): [BAKE] Disk cache HIT: loaded 9ef68c64
09-23 18:12:59.608 I/godot   (26421): [BAKE] Disk cache HIT: loaded 75ef1155
09-23 18:12:59.610 I/godot   (26421): [BAKE] Disk cache HIT: loaded f8302e62
09-23 18:12:59.613 I/godot   (26421): [BAKE] Disk cache HIT: loaded 559ffcc2
09-23 18:12:59.615 I/godot   (26421): [BAKE] Disk cache HIT: loaded ff90aff3
09-23 18:12:59.618 I/godot   (26421): [BAKE] Disk cache HIT: loaded 815da8c4
09-23 18:12:59.620 I/godot   (26421): [BAKE] Disk cache HIT: loaded dd0a683d
09-23 18:12:59.623 I/godot   (26421): [BAKE] Disk cache HIT: loaded 4a5679ac
09-23 18:12:59.625 I/godot   (26421): [BAKE] Disk cache HIT: loaded 15b646db
09-23 18:12:59.628 I/godot   (26421): [BAKE] Disk cache HIT: loaded d973c668
09-23 18:12:59.630 I/godot   (26421): [BAKE] Disk cache HIT: loaded 7f751e69
09-23 18:12:59.633 I/godot   (26421): [BAKE] Disk cache HIT: loaded b2fc50c6
09-23 18:12:59.635 I/godot   (26421): [BAKE] Disk cache HIT: loaded 01598f48
09-23 18:12:59.638 I/godot   (26421): [BAKE] Disk cache HIT: loaded cd663f49
09-23 18:12:59.640 I/godot   (26421): [BAKE] Disk cache HIT: loaded 80eca826
09-23 18:12:59.642 I/godot   (26421): [BAKE] Disk cache MISS: file not found /data/data/com.example.infiltraitor/files/damage_atom_cache/dc910c0e.bin
09-23 18:12:59.644 I/godot   (26421): [BAKE] Disk cache MISS: file not found /data/data/com.example.infiltraitor/files/damage_atom_cache/2eb704df.bin
09-23 18:12:59.646 I/godot   (26421): [BAKE] Disk cache MISS: file not found /data/data/com.example.infiltraitor/files/damage_atom_cache/635737b0.bin
09-23 18:12:59.648 I/godot   (26421): [BAKE] Disk cache MISS: file not found /data/data/com.example.infiltraitor/files/damage_atom_cache/96667239.bin
09-23 18:12:59.650 I/godot   (26421): [BAKE] Disk cache MISS: file not found /data/data/com.example.infiltraitor/files/damage_atom_cache/6954a7f8.bin
09-23 18:12:59.652 I/godot   (26421): [BAKE] Disk cache MISS: file not found /data/data/com.example.infiltraitor/files/damage_atom_cache/aecfa487.bin
09-23 18:12:59.653 I/godot   (26421): [BAKE] Disk cache MISS: file not found /data/data/com.example.infiltraitor/files/damage_atom_cache/b6e72c0c.bin
09-23 18:12:59.655 I/godot   (26421): [BAKE] Disk cache MISS: file not found /data/data/com.example.infiltraitor/files/damage_atom_cache/d641751d.bin
09-23 18:12:59.657 I/godot   (26421): [BAKE] Disk cache MISS: file not found /data/data/com.example.infiltraitor/files/damage_atom_cache/3021006a.bin
09-23 18:12:59.659 I/godot   (26421): [BAKE] Disk cache MISS: file not found /data/data/com.example.infiltraitor/files/damage_atom_cache/3c0a4a83.bin
09-23 18:12:59.661 I/godot   (26421): [BAKE] Disk cache MISS: file not found /data/data/com.example.infiltraitor/files/damage_atom_cache/e9949fd2.bin
09-23 18:12:59.662 I/godot   (26421): [BAKE] Disk cache MISS: file not found /data/data/com.example.infiltraitor/files/damage_atom_cache/8e9a7c45.bin
09-23 18:12:59.664 I/godot   (26421): [BAKE] Disk cache MISS: file not found /data/data/com.example.infiltraitor/files/damage_atom_cache/96667239.bin
09-23 18:12:59.666 I/godot   (26421): [BAKE] Disk cache MISS: file not found /data/data/com.example.infiltraitor/files/damage_atom_cache/6954a7f8.bin
09-23 18:12:59.668 I/godot   (26421): [BAKE] Disk cache MISS: file not found /data/data/com.example.infiltraitor/files/damage_atom_cache/aecfa487.bin
09-23 18:12:59.669 I/godot   (26421): [BAKE] Disk cache MISS: file not found /data/data/com.example.infiltraitor/files/damage_atom_cache/b6e72c0c.bin
09-23 18:12:59.671 I/godot   (26421): [BAKE] Disk cache MISS: file not found /data/data/com.example.infiltraitor/files/damage_atom_cache/d641751d.bin
09-23 18:12:59.673 I/godot   (26421): [BAKE] Disk cache MISS: file not found /data/data/com.example.infiltraitor/files/damage_atom_cache/3021006a.bin
09-23 18:12:59.675 I/godot   (26421): [BAKE] Disk cache MISS: file not found /data/data/com.example.infiltraitor/files/damage_atom_cache/dc910c0e.bin
09-23 18:12:59.677 I/godot   (26421): [BAKE] Disk cache MISS: file not found /data/data/com.example.infiltraitor/files/damage_atom_cache/2eb704df.bin
09-23 18:12:59.679 I/godot   (26421): [BAKE] Disk cache MISS: file not found /data/data/com.example.infiltraitor/files/damage_atom_cache/635737b0.bin
09-23 18:12:59.681 I/godot   (26421): [BAKE] Disk cache MISS: file not found /data/data/com.example.infiltraitor/files/damage_atom_cache/96667239.bin
09-23 18:12:59.682 I/godot   (26421): [BAKE] Disk cache MISS: file not found /data/data/com.example.infiltraitor/files/damage_atom_cache/6954a7f8.bin
09-23 18:12:59.684 I/godot   (26421): [BAKE] Disk cache MISS: file not found /data/data/com.example.infiltraitor/files/damage_atom_cache/aecfa487.bin
09-23 18:12:59.686 I/godot   (26421): [BAKE] Disk cache MISS: file not found /data/data/com.example.infiltraitor/files/damage_atom_cache/b6e72c0c.bin
09-23 18:12:59.688 I/godot   (26421): [BAKE] Disk cache MISS: file not found /data/data/com.example.infiltraitor/files/damage_atom_cache/d641751d.bin
09-23 18:12:59.690 I/godot   (26421): [BAKE] Disk cache MISS: file not found /data/data/com.example.infiltraitor/files/damage_atom_cache/3021006a.bin
09-23 18:12:59.691 I/godot   (26421): [BAKE] Disk cache MISS: file not found /data/data/com.example.infiltraitor/files/damage_atom_cache/3c0a4a83.bin
09-23 18:12:59.693 I/godot   (26421): [BAKE] Disk cache MISS: file not found /data/data/com.example.infiltraitor/files/damage_atom_cache/e9949fd2.bin
09-23 18:12:59.695 I/godot   (26421): [BAKE] Disk cache MISS: file not found /data/data/com.example.infiltraitor/files/damage_atom_cache/8e9a7c45.bin
09-23 18:12:59.697 I/godot   (26421): [BAKE] Disk cache MISS: file not found /data/data/com.example.infiltraitor/files/damage_atom_cache/96667239.bin
09-23 18:12:59.698 I/godot   (26421): [BAKE] Disk cache MISS: file not found /data/data/com.example.infiltraitor/files/damage_atom_cache/6954a7f8.bin
09-23 18:12:59.700 I/godot   (26421): [BAKE] Disk cache MISS: file not found /data/data/com.example.infiltraitor/files/damage_atom_cache/aecfa487.bin
09-23 18:12:59.702 I/godot   (26421): [BAKE] Disk cache MISS: file not found /data/data/com.example.infiltraitor/files/damage_atom_cache/b6e72c0c.bin
09-23 18:12:59.703 I/godot   (26421): [BAKE] Disk cache MISS: file not found /data/data/com.example.infiltraitor/files/damage_atom_cache/d641751d.bin
09-23 18:12:59.705 I/godot   (26421): [BAKE] Disk cache MISS: file not found /data/data/com.example.infiltraitor/files/damage_atom_cache/3021006a.bin
09-23 18:12:59.707 I/godot   (26421): [BAKE] Disk cache MISS: file not found /data/data/com.example.infiltraitor/files/damage_atom_cache/dc910c0e.bin
09-23 18:12:59.709 I/godot   (26421): [BAKE] Disk cache MISS: file not found /data/data/com.example.infiltraitor/files/damage_atom_cache/2eb704df.bin
09-23 18:12:59.711 I/godot   (26421): [BAKE] Disk cache MISS: file not found /data/data/com.example.infiltraitor/files/damage_atom_cache/635737b0.bin
09-23 18:12:59.712 I/godot   (26421): [BAKE] Disk cache MISS: file not found /data/data/com.example.infiltraitor/files/damage_atom_cache/96667239.bin
09-23 18:12:59.714 I/godot   (26421): [BAKE] Disk cache MISS: file not found /data/data/com.example.infiltraitor/files/damage_atom_cache/6954a7f8.bin
09-23 18:12:59.716 I/godot   (26421): [BAKE] Disk cache MISS: file not found /data/data/com.example.infiltraitor/files/damage_atom_cache/aecfa487.bin
09-23 18:12:59.718 I/godot   (26421): [BAKE] Disk cache MISS: file not found /data/data/com.example.infiltraitor/files/damage_atom_cache/b6e72c0c.bin
09-23 18:12:59.720 I/godot   (26421): [BAKE] Disk cache MISS: file not found /data/data/com.example.infiltraitor/files/damage_atom_cache/d641751d.bin
09-23 18:12:59.722 I/godot   (26421): [BAKE] Disk cache MISS: file not found /data/data/com.example.infiltraitor/files/damage_atom_cache/3021006a.bin
09-23 18:12:59.724 I/godot   (26421): [BAKE] Disk cache MISS: file not found /data/data/com.example.infiltraitor/files/damage_atom_cache/3c0a4a83.bin
09-23 18:12:59.725 I/godot   (26421): [BAKE] Disk cache MISS: file not found /data/data/com.example.infiltraitor/files/damage_atom_cache/e9949fd2.bin
09-23 18:12:59.727 I/godot   (26421): [BAKE] Disk cache MISS: file not found /data/data/com.example.infiltraitor/files/damage_atom_cache/8e9a7c45.bin
09-23 18:12:59.729 I/godot   (26421): [BAKE] Disk cache MISS: file not found /data/data/com.example.infiltraitor/files/damage_atom_cache/96667239.bin
09-23 18:12:59.731 I/godot   (26421): [BAKE] Disk cache MISS: file not found /data/data/com.example.infiltraitor/files/damage_atom_cache/6954a7f8.bin
09-23 18:12:59.733 I/godot   (26421): [BAKE] Disk cache MISS: file not found /data/data/com.example.infiltraitor/files/damage_atom_cache/aecfa487.bin
09-23 18:12:59.735 I/godot   (26421): [BAKE] Disk cache MISS: file not found /data/data/com.example.infiltraitor/files/damage_atom_cache/b6e72c0c.bin
09-23 18:12:59.737 I/godot   (26421): [BAKE] Disk cache MISS: file not found /data/data/com.example.infiltraitor/files/damage_atom_cache/d641751d.bin
09-23 18:12:59.739 I/godot   (26421): [BAKE] Disk cache MISS: file not found /data/data/com.example.infiltraitor/files/damage_atom_cache/3021006a.bin
09-23 18:12:59.741 I/godot   (26421): [BAKE] Disk cache MISS: file not found /data/data/com.example.infiltraitor/files/damage_atom_cache/fa046aa8.bin
09-23 18:12:59.743 I/godot   (26421): [BAKE] Disk cache MISS: file not found /data/data/com.example.infiltraitor/files/damage_atom_cache/474d85a9.bin
09-23 18:12:59.745 I/godot   (26421): [BAKE] Disk cache MISS: file not found /data/data/com.example.infiltraitor/files/damage_atom_cache/a74de406.bin
09-23 18:12:59.747 I/godot   (26421): [BAKE] Disk cache MISS: file not found /data/data/com.example.infiltraitor/files/damage_atom_cache/112c1c4b.bin
09-23 18:12:59.749 I/godot   (26421): [BAKE] Disk cache MISS: file not found /data/data/com.example.infiltraitor/files/damage_atom_cache/bfa3f43a.bin
09-23 18:12:59.750 I/godot   (26421): [BAKE] Disk cache MISS: file not found /data/data/com.example.infiltraitor/files/damage_atom_cache/d8803dad.bin
09-23 18:12:59.752 I/godot   (26421): [BAKE] Disk cache MISS: file not found /data/data/com.example.infiltraitor/files/damage_atom_cache/bd68f70e.bin
09-23 18:12:59.754 I/godot   (26421): [BAKE] Disk cache MISS: file not found /data/data/com.example.infiltraitor/files/damage_atom_cache/0f8eefdf.bin
09-23 18:12:59.756 I/godot   (26421): [BAKE] Disk cache MISS: file not found /data/data/com.example.infiltraitor/files/damage_atom_cache/442f22b0.bin
09-23 18:12:59.758 I/godot   (26421): [BAKE] Disk cache MISS: file not found /data/data/com.example.infiltraitor/files/damage_atom_cache/6b0acc9d.bin
09-23 18:12:59.760 I/godot   (26421): [BAKE] Disk cache MISS: file not found /data/data/com.example.infiltraitor/files/damage_atom_cache/4bb0838c.bin
09-23 18:12:59.762 I/godot   (26421): [BAKE] Disk cache MISS: file not found /data/data/com.example.infiltraitor/files/damage_atom_cache/97111a3b.bin
09-23 18:12:59.764 I/godot   (26421): [BAKE] Disk cache MISS: file not found /data/data/com.example.infiltraitor/files/damage_atom_cache/112c1c4b.bin
09-23 18:12:59.766 I/godot   (26421): [BAKE] Disk cache MISS: file not found /data/data/com.example.infiltraitor/files/damage_atom_cache/bfa3f43a.bin
09-23 18:12:59.768 I/godot   (26421): [BAKE] Disk cache MISS: file not found /data/data/com.example.infiltraitor/files/damage_atom_cache/d8803dad.bin
09-23 18:12:59.770 I/godot   (26421): [BAKE] Disk cache MISS: file not found /data/data/com.example.infiltraitor/files/damage_atom_cache/bd68f70e.bin
09-23 18:12:59.771 I/godot   (26421): [BAKE] Disk cache MISS: file not found /data/data/com.example.infiltraitor/files/damage_atom_cache/0f8eefdf.bin
09-23 18:12:59.774 I/godot   (26421): [BAKE] Disk cache MISS: file not found /data/data/com.example.infiltraitor/files/damage_atom_cache/442f22b0.bin
09-23 18:12:59.776 I/godot   (26421): [BAKE] Disk cache MISS: file not found /data/data/com.example.infiltraitor/files/damage_atom_cache/fa046aa8.bin
09-23 18:12:59.777 I/godot   (26421): [BAKE] Disk cache MISS: file not found /data/data/com.example.infiltraitor/files/damage_atom_cache/474d85a9.bin
09-23 18:12:59.779 I/godot   (26421): [BAKE] Disk cache MISS: file not found /data/data/com.example.infiltraitor/files/damage_atom_cache/a74de406.bin
09-23 18:12:59.781 I/godot   (26421): [BAKE] Disk cache MISS: file not found /data/data/com.example.infiltraitor/files/damage_atom_cache/112c1c4b.bin
09-23 18:12:59.783 I/godot   (26421): [BAKE] Disk cache MISS: file not found /data/data/com.example.infiltraitor/files/damage_atom_cache/bfa3f43a.bin
09-23 18:12:59.785 I/godot   (26421): [BAKE] Disk cache MISS: file not found /data/data/com.example.infiltraitor/files/damage_atom_cache/d8803dad.bin
09-23 18:12:59.786 I/godot   (26421): [BAKE] Disk cache MISS: file not found /data/data/com.example.infiltraitor/files/damage_atom_cache/bd68f70e.bin
09-23 18:12:59.788 I/godot   (26421): [BAKE] Disk cache MISS: file not found /data/data/com.example.infiltraitor/files/damage_atom_cache/0f8eefdf.bin
09-23 18:12:59.790 I/godot   (26421): [BAKE] Disk cache MISS: file not found /data/data/com.example.infiltraitor/files/damage_atom_cache/442f22b0.bin
09-23 18:12:59.791 I/godot   (26421): [BAKE] Disk cache MISS: file not found /data/data/com.example.infiltraitor/files/damage_atom_cache/6b0acc9d.bin
09-23 18:12:59.793 I/godot   (26421): [BAKE] Disk cache MISS: file not found /data/data/com.example.infiltraitor/files/damage_atom_cache/4bb0838c.bin
09-23 18:12:59.795 I/godot   (26421): [BAKE] Disk cache MISS: file not found /data/data/com.example.infiltraitor/files/damage_atom_cache/97111a3b.bin
09-23 18:12:59.797 I/godot   (26421): [BAKE] Disk cache MISS: file not found /data/data/com.example.infiltraitor/files/damage_atom_cache/112c1c4b.bin
09-23 18:12:59.798 I/godot   (26421): [BAKE] Disk cache MISS: file not found /data/data/com.example.infiltraitor/files/damage_atom_cache/bfa3f43a.bin
09-23 18:12:59.800 I/godot   (26421): [BAKE] Disk cache MISS: file not found /data/data/com.example.infiltraitor/files/damage_atom_cache/d8803dad.bin
09-23 18:12:59.802 I/godot   (26421): [BAKE] Disk cache MISS: file not found /data/data/com.example.infiltraitor/files/damage_atom_cache/bd68f70e.bin
09-23 18:12:59.803 I/godot   (26421): [BAKE] Disk cache MISS: file not found /data/data/com.example.infiltraitor/files/damage_atom_cache/0f8eefdf.bin
09-23 18:12:59.805 I/godot   (26421): [BAKE] Disk cache MISS: file not found /data/data/com.example.infiltraitor/files/damage_atom_cache/442f22b0.bin
09-23 18:12:59.806 I/godot   (26421): [BAKE] Disk cache MISS: file not found /data/data/com.example.infiltraitor/files/damage_atom_cache/fa046aa8.bin
09-23 18:12:59.808 I/godot   (26421): [BAKE] Disk cache MISS: file not found /data/data/com.example.infiltraitor/files/damage_atom_cache/474d85a9.bin
09-23 18:12:59.810 I/godot   (26421): [BAKE] Disk cache MISS: file not found /data/data/com.example.infiltraitor/files/damage_atom_cache/a74de406.bin
09-23 18:12:59.811 I/godot   (26421): [BAKE] Disk cache MISS: file not found /data/data/com.example.infiltraitor/files/damage_atom_cache/112c1c4b.bin
09-23 18:12:59.813 I/godot   (26421): [BAKE] Disk cache MISS: file not found /data/data/com.example.infiltraitor/files/damage_atom_cache/bfa3f43a.bin
09-23 18:12:59.815 I/godot   (26421): [BAKE] Disk cache MISS: file not found /data/data/com.example.infiltraitor/files/damage_atom_cache/d8803dad.bin
09-23 18:12:59.816 I/godot   (26421): [BAKE] Disk cache MISS: file not found /data/data/com.example.infiltraitor/files/damage_atom_cache/bd68f70e.bin
09-23 18:12:59.818 I/godot   (26421): [BAKE] Disk cache MISS: file not found /data/data/com.example.infiltraitor/files/damage_atom_cache/0f8eefdf.bin
09-23 18:12:59.820 I/godot   (26421): [BAKE] Disk cache MISS: file not found /data/data/com.example.infiltraitor/files/damage_atom_cache/442f22b0.bin
09-23 18:12:59.821 I/godot   (26421): [BAKE] Disk cache MISS: file not found /data/data/com.example.infiltraitor/files/damage_atom_cache/6b0acc9d.bin
09-23 18:12:59.823 I/godot   (26421): [BAKE] Disk cache MISS: file not found /data/data/com.example.infiltraitor/files/damage_atom_cache/4bb0838c.bin
09-23 18:12:59.825 I/godot   (26421): [BAKE] Disk cache MISS: file not found /data/data/com.example.infiltraitor/files/damage_atom_cache/97111a3b.bin
09-23 18:12:59.826 I/godot   (26421): [BAKE] Disk cache MISS: file not found /data/data/com.example.infiltraitor/files/damage_atom_cache/112c1c4b.bin
09-23 18:12:59.828 I/godot   (26421): [BAKE] Disk cache MISS: file not found /data/data/com.example.infiltraitor/files/damage_atom_cache/bfa3f43a.bin
09-23 18:12:59.830 I/godot   (26421): [BAKE] Disk cache MISS: file not found /data/data/com.example.infiltraitor/files/damage_atom_cache/d8803dad.bin
09-23 18:12:59.832 I/godot   (26421): [BAKE] Disk cache MISS: file not found /data/data/com.example.infiltraitor/files/damage_atom_cache/bd68f70e.bin
09-23 18:12:59.834 I/godot   (26421): [BAKE] Disk cache MISS: file not found /data/data/com.example.infiltraitor/files/damage_atom_cache/0f8eefdf.bin
09-23 18:12:59.836 I/godot   (26421): [BAKE] Disk cache MISS: file not found /data/data/com.example.infiltraitor/files/damage_atom_cache/442f22b0.bin
09-23 18:12:59.838 I/godot   (26421): [BAKE] Disk cache MISS: file not found /data/data/com.example.infiltraitor/files/damage_atom_cache/b5a59a96.bin
09-23 18:12:59.840 I/godot   (26421): [BAKE] Disk cache MISS: file not found /data/data/com.example.infiltraitor/files/damage_atom_cache/272df507.bin
09-23 18:12:59.842 I/godot   (26421): [BAKE] Disk cache MISS: file not found /data/data/com.example.infiltraitor/files/damage_atom_cache/e1b2f878.bin
09-23 18:12:59.844 I/godot   (26421): [BAKE] Disk cache MISS: file not found /data/data/com.example.infiltraitor/files/damage_atom_cache/599485d1.bin
09-23 18:12:59.846 I/godot   (26421): [BAKE] Disk cache MISS: file not found /data/data/com.example.infiltraitor/files/damage_atom_cache/7963e110.bin
09-23 18:12:59.848 I/godot   (26421): [BAKE] Disk cache MISS: file not found /data/data/com.example.infiltraitor/files/damage_atom_cache/44c3ae3f.bin
09-23 18:12:59.850 I/godot   (26421): [BAKE] Disk cache MISS: file not found /data/data/com.example.infiltraitor/files/damage_atom_cache/944190b4.bin
09-23 18:12:59.853 I/godot   (26421): [BAKE] Disk cache MISS: file not found /data/data/com.example.infiltraitor/files/damage_atom_cache/92810f25.bin
09-23 18:12:59.855 I/godot   (26421): [BAKE] Disk cache MISS: file not found /data/data/com.example.infiltraitor/files/damage_atom_cache/413b5832.bin
09-23 18:12:59.857 I/godot   (26421): [BAKE] Disk cache MISS: file not found /data/data/com.example.infiltraitor/files/damage_atom_cache/803e17eb.bin
09-23 18:12:59.859 I/godot   (26421): [BAKE] Disk cache MISS: file not found /data/data/com.example.infiltraitor/files/damage_atom_cache/ad7984da.bin
09-23 18:12:59.861 I/godot   (26421): [BAKE] Disk cache MISS: file not found /data/data/com.example.infiltraitor/files/damage_atom_cache/d43893cd.bin
09-23 18:12:59.862 I/godot   (26421): [BAKE] Disk cache MISS: file not found /data/data/com.example.infiltraitor/files/damage_atom_cache/599485d1.bin
09-23 18:12:59.864 I/godot   (26421): [BAKE] Disk cache MISS: file not found /data/data/com.example.infiltraitor/files/damage_atom_cache/7963e110.bin
09-23 18:12:59.866 I/godot   (26421): [BAKE] Disk cache MISS: file not found /data/data/com.example.infiltraitor/files/damage_atom_cache/44c3ae3f.bin
09-23 18:12:59.868 I/godot   (26421): [BAKE] Disk cache MISS: file not found /data/data/com.example.infiltraitor/files/damage_atom_cache/944190b4.bin
09-23 18:12:59.869 I/godot   (26421): [BAKE] Disk cache MISS: file not found /data/data/com.example.infiltraitor/files/damage_atom_cache/92810f25.bin
09-23 18:12:59.871 I/godot   (26421): [BAKE] Disk cache MISS: file not found /data/data/com.example.infiltraitor/files/damage_atom_cache/413b5832.bin
09-23 18:12:59.873 I/godot   (26421): [BAKE] Disk cache MISS: file not found /data/data/com.example.infiltraitor/files/damage_atom_cache/b5a59a96.bin
09-23 18:12:59.874 I/godot   (26421): [BAKE] Disk cache MISS: file not found /data/data/com.example.infiltraitor/files/damage_atom_cache/272df507.bin
09-23 18:12:59.876 I/godot   (26421): [BAKE] Disk cache MISS: file not found /data/data/com.example.infiltraitor/files/damage_atom_cache/e1b2f878.bin
09-23 18:12:59.878 I/godot   (26421): [BAKE] Disk cache MISS: file not found /data/data/com.example.infiltraitor/files/damage_atom_cache/599485d1.bin
09-23 18:12:59.879 I/godot   (26421): [BAKE] Disk cache MISS: file not found /data/data/com.example.infiltraitor/files/damage_atom_cache/7963e110.bin
09-23 18:12:59.881 I/godot   (26421): [BAKE] Disk cache MISS: file not found /data/data/com.example.infiltraitor/files/damage_atom_cache/44c3ae3f.bin
09-23 18:12:59.883 I/godot   (26421): [BAKE] Disk cache MISS: file not found /data/data/com.example.infiltraitor/files/damage_atom_cache/944190b4.bin
09-23 18:12:59.884 I/godot   (26421): [BAKE] Disk cache MISS: file not found /data/data/com.example.infiltraitor/files/damage_atom_cache/92810f25.bin
09-23 18:12:59.886 I/godot   (26421): [BAKE] Disk cache MISS: file not found /data/data/com.example.infiltraitor/files/damage_atom_cache/413b5832.bin
09-23 18:12:59.888 I/godot   (26421): [BAKE] Disk cache MISS: file not found /data/data/com.example.infiltraitor/files/damage_atom_cache/803e17eb.bin
09-23 18:12:59.890 I/godot   (26421): [BAKE] Disk cache MISS: file not found /data/data/com.example.infiltraitor/files/damage_atom_cache/ad7984da.bin
09-23 18:12:59.892 I/godot   (26421): [BAKE] Disk cache MISS: file not found /data/data/com.example.infiltraitor/files/damage_atom_cache/d43893cd.bin
09-23 18:12:59.894 I/godot   (26421): [BAKE] Disk cache MISS: file not found /data/data/com.example.infiltraitor/files/damage_atom_cache/599485d1.bin
09-23 18:12:59.896 I/godot   (26421): [BAKE] Disk cache MISS: file not found /data/data/com.example.infiltraitor/files/damage_atom_cache/7963e110.bin
09-23 18:12:59.898 I/godot   (26421): [BAKE] Disk cache MISS: file not found /data/data/com.example.infiltraitor/files/damage_atom_cache/44c3ae3f.bin
09-23 18:12:59.899 I/godot   (26421): [BAKE] Disk cache MISS: file not found /data/data/com.example.infiltraitor/files/damage_atom_cache/944190b4.bin
09-23 18:12:59.901 I/godot   (26421): [BAKE] Disk cache MISS: file not found /data/data/com.example.infiltraitor/files/damage_atom_cache/92810f25.bin
09-23 18:12:59.903 I/godot   (26421): [BAKE] Disk cache MISS: file not found /data/data/com.example.infiltraitor/files/damage_atom_cache/413b5832.bin
09-23 18:12:59.904 I/godot   (26421): [BAKE] Disk cache MISS: file not found /data/data/com.example.infiltraitor/files/damage_atom_cache/b5a59a96.bin
09-23 18:12:59.906 I/godot   (26421): [BAKE] Disk cache MISS: file not found /data/data/com.example.infiltraitor/files/damage_atom_cache/272df507.bin
09-23 18:12:59.908 I/godot   (26421): [BAKE] Disk cache MISS: file not found /data/data/com.example.infiltraitor/files/damage_atom_cache/e1b2f878.bin
09-23 18:12:59.909 I/godot   (26421): [BAKE] Disk cache MISS: file not found /data/data/com.example.infiltraitor/files/damage_atom_cache/599485d1.bin
09-23 18:12:59.911 I/godot   (26421): [BAKE] Disk cache MISS: file not found /data/data/com.example.infiltraitor/files/damage_atom_cache/7963e110.bin
09-23 18:12:59.913 I/godot   (26421): [BAKE] Disk cache MISS: file not found /data/data/com.example.infiltraitor/files/damage_atom_cache/44c3ae3f.bin
09-23 18:12:59.915 I/godot   (26421): [BAKE] Disk cache MISS: file not found /data/data/com.example.infiltraitor/files/damage_atom_cache/944190b4.bin
09-23 18:12:59.917 I/godot   (26421): [BAKE] Disk cache MISS: file not found /data/data/com.example.infiltraitor/files/damage_atom_cache/92810f25.bin
09-23 18:12:59.919 I/godot   (26421): [BAKE] Disk cache MISS: file not found /data/data/com.example.infiltraitor/files/damage_atom_cache/413b5832.bin
09-23 18:12:59.920 I/godot   (26421): [BAKE] Disk cache MISS: file not found /data/data/com.example.infiltraitor/files/damage_atom_cache/803e17eb.bin
09-23 18:12:59.922 I/godot   (26421): [BAKE] Disk cache MISS: file not found /data/data/com.example.infiltraitor/files/damage_atom_cache/ad7984da.bin
09-23 18:12:59.924 I/godot   (26421): [BAKE] Disk cache MISS: file not found /data/data/com.example.infiltraitor/files/damage_atom_cache/d43893cd.bin
09-23 18:12:59.926 I/godot   (26421): [BAKE] Disk cache MISS: file not found /data/data/com.example.infiltraitor/files/damage_atom_cache/599485d1.bin
09-23 18:12:59.927 I/godot   (26421): [BAKE] Disk cache MISS: file not found /data/data/com.example.infiltraitor/files/damage_atom_cache/7963e110.bin
09-23 18:12:59.929 I/godot   (26421): [BAKE] Disk cache MISS: file not found /data/data/com.example.infiltraitor/files/damage_atom_cache/44c3ae3f.bin
09-23 18:12:59.931 I/godot   (26421): [BAKE] Disk cache MISS: file not found /data/data/com.example.infiltraitor/files/damage_atom_cache/944190b4.bin
09-23 18:12:59.933 I/godot   (26421): [BAKE] Disk cache MISS: file not found /data/data/com.example.infiltraitor/files/damage_atom_cache/92810f25.bin
09-23 18:12:59.934 I/godot   (26421): [BAKE] Disk cache MISS: file not found /data/data/com.example.infiltraitor/files/damage_atom_cache/413b5832.bin
09-23 18:12:59.951 I/godot   (26421): [BAKE] Disk cache HIT: loaded 7c862013
09-23 18:12:59.954 I/godot   (26421): [BAKE] Disk cache HIT: loaded 2a107562
09-23 18:12:59.957 I/godot   (26421): [BAKE] Disk cache HIT: loaded a7cf5855
09-23 18:12:59.959 I/godot   (26421): [BAKE] Disk cache HIT: loaded 558b1132
09-23 18:12:59.962 I/godot   (26421): [BAKE] Disk cache HIT: loaded 530361e3
09-23 18:12:59.964 I/godot   (26421): [BAKE] Disk cache HIT: loaded a89149b4
09-23 18:12:59.967 I/godot   (26421): [BAKE] Disk cache HIT: loaded 0ce26ecd
09-23 18:12:59.969 I/godot   (26421): [BAKE] Disk cache HIT: loaded 6ce98b7c
09-23 18:12:59.972 I/godot   (26421): [BAKE] Disk cache HIT: loaded b8e7f2eb
09-23 18:12:59.975 I/godot   (26421): [BAKE] Disk cache HIT: loaded 452e18ad
09-23 18:12:59.977 I/godot   (26421): [BAKE] Disk cache HIT: loaded 3318c45c
09-23 18:12:59.980 I/godot   (26421): [BAKE] Disk cache HIT: loaded 7dd9f74b
09-23 18:12:59.983 I/godot   (26421): [BAKE] Disk cache HIT: loaded 0ba3e4b4
09-23 18:12:59.985 I/godot   (26421): [BAKE] Disk cache HIT: loaded 09e36325
09-23 18:12:59.987 I/godot   (26421): [BAKE] Disk cache HIT: loaded b89dac32
09-23 18:12:59.990 I/godot   (26421): [BAKE] Disk cache HIT: loaded 8bedfaf3
09-23 18:12:59.992 I/godot   (26421): [BAKE] Disk cache HIT: loaded e1fd47c2
09-23 18:12:59.994 I/godot   (26421): [BAKE] Disk cache HIT: loaded dfbb6135
09-23 18:12:59.997 I/godot   (26421): [BAKE] Disk cache HIT: loaded 34f32541
09-23 18:12:59.999 I/godot   (26421): [BAKE] Disk cache HIT: loaded 6ec48540
09-23 18:13:00.002 I/godot   (26421): [BAKE] Disk cache HIT: loaded c76a10af
09-23 18:13:00.005 I/godot   (26421): [BAKE] Disk cache HIT: loaded d3f60018
09-23 18:13:00.008 I/godot   (26421): [BAKE] Disk cache HIT: loaded 20a14a59
09-23 18:13:00.010 I/godot   (26421): [BAKE] Disk cache HIT: loaded ace0b9b6
09-23 18:13:00.013 I/godot   (26421): [BAKE] Disk cache HIT: loaded f7198937
09-23 18:13:00.015 I/godot   (26421): [BAKE] Disk cache HIT: loaded 58b44d06
09-23 18:13:00.018 I/godot   (26421): [BAKE] Disk cache HIT: loaded f8b3eea9
09-23 18:13:00.021 I/godot   (26421): [BAKE] Disk cache HIT: loaded 38eb88c7
09-23 18:13:00.024 I/godot   (26421): [BAKE] Disk cache HIT: loaded c7632e56
09-23 18:13:00.026 I/godot   (26421): [BAKE] Disk cache HIT: loaded c7ca1979
09-23 18:13:00.029 I/godot   (26421): [BAKE] Disk cache HIT: loaded a72abf26
09-23 18:13:00.032 I/godot   (26421): [BAKE] Disk cache HIT: loaded f209f0d7
09-23 18:13:00.035 I/godot   (26421): [BAKE] Disk cache HIT: loaded 2797a648
09-23 18:13:00.037 I/godot   (26421): [BAKE] Disk cache HIT: loaded f8ff0191
09-23 18:13:00.040 I/godot   (26421): [BAKE] Disk cache HIT: loaded 18ce5cd0
09-23 18:13:00.043 I/godot   (26421): [BAKE] Disk cache HIT: loaded 8b75ecff
09-23 18:13:00.046 I/godot   (26421): [BAKE] Disk cache HIT: loaded 5efcfd35
09-23 18:13:00.049 I/godot   (26421): [BAKE] Disk cache HIT: loaded 8cfc8fc4
09-23 18:13:00.052 I/godot   (26421): [BAKE] Disk cache HIT: loaded 0b2f96f3
09-23 18:13:00.055 I/godot   (26421): [BAKE] Disk cache HIT: loaded 92cecfdc
09-23 18:13:00.058 I/godot   (26421): [BAKE] Disk cache HIT: loaded a4e4242d
09-23 18:13:00.060 I/godot   (26421): [BAKE] Disk cache HIT: loaded 8c07daba
09-23 18:13:00.063 I/godot   (26421): [BAKE] Disk cache HIT: loaded dfa711db
09-23 18:13:00.065 I/godot   (26421): [BAKE] Disk cache HIT: loaded 0d804f8a
09-23 18:13:00.068 I/godot   (26421): [BAKE] Disk cache HIT: loaded a6fb333d
09-23 18:13:00.070 I/godot   (26421): [BAKE] Disk cache HIT: loaded 42ba5c0b
09-23 18:13:00.073 I/godot   (26421): [BAKE] Disk cache HIT: loaded 6c3ae5fa
09-23 18:13:00.076 I/godot   (26421): [BAKE] Disk cache HIT: loaded 0a0e7d6d
09-23 18:13:00.078 I/godot   (26421): [BAKE] Disk cache HIT: loaded edb35aca
09-23 18:13:00.081 I/godot   (26421): [BAKE] Disk cache HIT: loaded bfda1d1b
09-23 18:13:00.083 I/godot   (26421): [BAKE] Disk cache HIT: loaded 20b960ec
09-23 18:13:00.086 I/godot   (26421): [BAKE] Disk cache HIT: loaded c2104765
09-23 18:13:00.088 I/godot   (26421): [BAKE] Disk cache HIT: loaded c3d0c8f4
09-23 18:13:00.091 I/godot   (26421): [BAKE] Disk cache HIT: loaded 158aa423
09-23 18:13:00.094 I/godot   (26421): [BAKE] Disk cache HIT: loaded 68b1ffea
09-23 18:13:00.096 I/godot   (26421): [BAKE] Disk cache HIT: loaded 3ad8c23b
09-23 18:13:00.099 I/godot   (26421): [BAKE] Disk cache HIT: loaded ef782b8c
09-23 18:13:00.102 I/godot   (26421): [BAKE] Disk cache HIT: loaded 6363eeab
09-23 18:13:00.104 I/godot   (26421): [BAKE] Disk cache HIT: loaded 909f5b9a
09-23 18:13:00.107 I/godot   (26421): [BAKE] Disk cache HIT: loaded 1016a78d
09-23 18:13:00.109 I/godot   (26421): [BAKE] Disk cache HIT: loaded 6e06b52c
09-23 18:13:00.111 I/godot   (26421): [BAKE] Disk cache HIT: loaded 00baa3bd
09-23 18:13:00.114 I/godot   (26421): [BAKE] Disk cache HIT: loaded 673fc00a
09-23 18:13:00.116 I/godot   (26421): [BAKE] Disk cache HIT: loaded cde764b3
09-23 18:13:00.119 I/godot   (26421): [BAKE] Disk cache HIT: loaded 7caeee82
09-23 18:13:00.121 I/godot   (26421): [BAKE] Disk cache HIT: loaded 21b4caf5
09-23 18:13:00.123 I/godot   (26421): [BAKE] Disk cache HIT: loaded 8acdbdd2
09-23 18:13:00.126 I/godot   (26421): [BAKE] Disk cache HIT: loaded dd436883
09-23 18:13:00.128 I/godot   (26421): [BAKE] Disk cache HIT: loaded a4edc154
09-23 18:13:00.130 I/godot   (26421): [BAKE] Disk cache HIT: loaded dfdfbf6d
09-23 18:13:00.132 I/godot   (26421): [BAKE] Disk cache HIT: loaded cdca6b1c
09-23 18:13:00.135 I/godot   (26421): [BAKE] Disk cache HIT: loaded 188b9e0b
09-23 18:13:00.138 I/godot   (26421): [BAKE] Disk cache HIT: loaded 830be869
09-23 18:13:00.140 I/godot   (26421): [BAKE] Disk cache HIT: loaded dd0a9068
09-23 18:13:00.143 I/godot   (26421): [BAKE] Disk cache HIT: loaded 28b945f7
09-23 18:13:00.145 I/godot   (26421): [BAKE] Disk cache HIT: loaded b089f580
09-23 18:13:00.148 I/godot   (26421): [BAKE] Disk cache HIT: loaded 1e005881
09-23 18:13:00.150 I/godot   (26421): [BAKE] Disk cache HIT: loaded b66a245e
09-23 18:13:00.153 I/godot   (26421): [BAKE] Disk cache HIT: loaded b28e52ff
09-23 18:13:00.156 I/godot   (26421): [BAKE] Disk cache HIT: loaded b4287fae
09-23 18:13:00.158 I/godot   (26421): [BAKE] Disk cache HIT: loaded 20176791
09-23 18:13:00.158 I/godot   (26421): [DamageVariantBaker] Baked 447 atoms across 9 declared material(s), 9 floor material(s) in 2070 ms
09-23 18:13:00.170 I/godot   (26421): [ROOM] Uploaded 1 damage-composite page(s) at load in 11 ms — off the first shot's impact frame
09-23 18:13:00.170 I/godot   (26421): [VOXEL] Damage variant registry set (pre-baked variants available)
09-23 18:13:00.170 I/godot   (26421): [ROOM] Initialized damage variant registry (447 atoms)
09-23 18:13:02.020 I/godot   (26421): [VOXEL-STORE] built (map load: PLAYGROUND) — 216104 claim(s) in 2713 container(s), 0 irregular, 672 multi-claim cell(s), 13.59 MB, 1044 ms
09-23 18:13:02.479 I/godot   (26421): [AgentSprite] step (1, 0) draws (0.894427, 0.447214) -> screen SE (fit 1.000) -> frame W
09-23 18:13:02.479 I/godot   (26421): [AgentSprite] step (0, 1) draws (-0.894427, 0.447214) -> screen SW (fit 1.000) -> frame S
09-23 18:13:02.479 I/godot   (26421): [AgentSprite] step (-1, 0) draws (-0.894427, -0.447214) -> screen NW (fit 1.000) -> frame E
09-23 18:13:02.479 I/godot   (26421): [AgentSprite] step (0, -1) draws (0.894427, -0.447214) -> screen NE (fit 1.000) -> frame N
09-23 18:13:02.479 I/godot   (26421): [AgentSprite] head yaw mapping: grid 0 -> yaw 0, handedness -1
09-23 18:13:02.551 I/godot   (26421): [AgentSprite] layer 'head/standing': 24 yaws at 15.0 deg
09-23 18:13:02.628 I/godot   (26421): [AgentSprite] layer 'hat/standing': 24 yaws at 15.0 deg
09-23 18:13:02.733 I/godot   (26421): [AgentSprite] layer 'head/standing': 24 yaws at 15.0 deg
09-23 18:13:02.808 I/godot   (26421): [AgentSprite] layer 'hat/standing': 24 yaws at 15.0 deg
09-23 18:13:02.912 I/godot   (26421): [AgentSprite] layer 'head/standing': 24 yaws at 15.0 deg
09-23 18:13:02.988 I/godot   (26421): [AgentSprite] layer 'hat/standing': 24 yaws at 15.0 deg
09-23 18:13:02.988 I/godot   (26421): [OCC-03] Agent z_index set to 34 (max voxel layer z_index: 33, room size: (46, 24))
09-23 18:13:03.020 I/godot   (26421): [AgentSprite] step (1, 0) draws (0.894427, 0.447214) -> screen SE (fit 1.000) -> frame W
09-23 18:13:03.020 I/godot   (26421): [AgentSprite] step (0, 1) draws (-0.894427, 0.447214) -> screen SW (fit 1.000) -> frame S
09-23 18:13:03.020 I/godot   (26421): [AgentSprite] step (-1, 0) draws (-0.894427, -0.447214) -> screen NW (fit 1.000) -> frame E
09-23 18:13:03.020 I/godot   (26421): [AgentSprite] step (0, -1) draws (0.894427, -0.447214) -> screen NE (fit 1.000) -> frame N
09-23 18:13:03.020 I/godot   (26421): [AgentSprite] head yaw mapping: grid 0 -> yaw 0, handedness -1
09-23 18:13:03.113 I/godot   (26421): [AgentSprite] layer 'head/standing': 24 yaws at 15.0 deg
09-23 18:13:03.149 I/godot   (26421): [AgentSprite] step (1, 0) draws (0.894427, 0.447214) -> screen SE (fit 1.000) -> frame W
09-23 18:13:03.149 I/godot   (26421): [AgentSprite] step (0, 1) draws (-0.894427, 0.447214) -> screen SW (fit 1.000) -> frame S
09-23 18:13:03.149 I/godot   (26421): [AgentSprite] step (-1, 0) draws (-0.894427, -0.447214) -> screen NW (fit 1.000) -> frame E
09-23 18:13:03.149 I/godot   (26421): [AgentSprite] step (0, -1) draws (0.894427, -0.447214) -> screen NE (fit 1.000) -> frame N
09-23 18:13:03.149 I/godot   (26421): [AgentSprite] head yaw mapping: grid 0 -> yaw 0, handedness -1
09-23 18:13:03.225 I/godot   (26421): [AgentSprite] layer 'head/standing': 24 yaws at 15.0 deg
09-23 18:13:03.256 I/godot   (26421): [AgentSprite] step (1, 0) draws (0.894427, 0.447214) -> screen SE (fit 1.000) -> frame W
09-23 18:13:03.256 I/godot   (26421): [AgentSprite] step (0, 1) draws (-0.894427, 0.447214) -> screen SW (fit 1.000) -> frame S
09-23 18:13:03.256 I/godot   (26421): [AgentSprite] step (-1, 0) draws (-0.894427, -0.447214) -> screen NW (fit 1.000) -> frame E
09-23 18:13:03.256 I/godot   (26421): [AgentSprite] step (0, -1) draws (0.894427, -0.447214) -> screen NE (fit 1.000) -> frame N
09-23 18:13:03.256 I/godot   (26421): [AgentSprite] head yaw mapping: grid 0 -> yaw 0, handedness -1
09-23 18:13:03.330 I/godot   (26421): [AgentSprite] layer 'head/standing': 24 yaws at 15.0 deg
09-23 18:13:03.361 I/godot   (26421): [AgentSprite] step (1, 0) draws (0.894427, 0.447214) -> screen SE (fit 1.000) -> frame W
09-23 18:13:03.361 I/godot   (26421): [AgentSprite] step (0, 1) draws (-0.894427, 0.447214) -> screen SW (fit 1.000) -> frame S
09-23 18:13:03.362 I/godot   (26421): [AgentSprite] step (-1, 0) draws (-0.894427, -0.447214) -> screen NW (fit 1.000) -> frame E
09-23 18:13:03.362 I/godot   (26421): [AgentSprite] step (0, -1) draws (0.894427, -0.447214) -> screen NE (fit 1.000) -> frame N
09-23 18:13:03.362 I/godot   (26421): [AgentSprite] head yaw mapping: grid 0 -> yaw 0, handedness -1
09-23 18:13:03.438 I/godot   (26421): [AgentSprite] layer 'head/standing': 24 yaws at 15.0 deg
09-23 18:13:03.468 I/godot   (26421): [AgentSprite] step (1, 0) draws (0.894427, 0.447214) -> screen SE (fit 1.000) -> frame W
09-23 18:13:03.468 I/godot   (26421): [AgentSprite] step (0, 1) draws (-0.894427, 0.447214) -> screen SW (fit 1.000) -> frame S
09-23 18:13:03.468 I/godot   (26421): [AgentSprite] step (-1, 0) draws (-0.894427, -0.447214) -> screen NW (fit 1.000) -> frame E
09-23 18:13:03.468 I/godot   (26421): [AgentSprite] step (0, -1) draws (0.894427, -0.447214) -> screen NE (fit 1.000) -> frame N
09-23 18:13:03.469 I/godot   (26421): [AgentSprite] head yaw mapping: grid 0 -> yaw 0, handedness -1
09-23 18:13:03.542 I/godot   (26421): [AgentSprite] layer 'head/standing': 24 yaws at 15.0 deg
09-23 18:13:03.572 I/godot   (26421): [AgentSprite] step (1, 0) draws (0.894427, 0.447214) -> screen SE (fit 1.000) -> frame W
09-23 18:13:03.572 I/godot   (26421): [AgentSprite] step (0, 1) draws (-0.894427, 0.447214) -> screen SW (fit 1.000) -> frame S
09-23 18:13:03.572 I/godot   (26421): [AgentSprite] step (-1, 0) draws (-0.894427, -0.447214) -> screen NW (fit 1.000) -> frame E
09-23 18:13:03.572 I/godot   (26421): [AgentSprite] step (0, -1) draws (0.894427, -0.447214) -> screen NE (fit 1.000) -> frame N
09-23 18:13:03.573 I/godot   (26421): [AgentSprite] head yaw mapping: grid 0 -> yaw 0, handedness -1
09-23 18:13:03.646 I/godot   (26421): [AgentSprite] layer 'head/standing': 24 yaws at 15.0 deg
09-23 18:13:03.677 I/godot   (26421): [AgentSprite] step (1, 0) draws (0.894427, 0.447214) -> screen SE (fit 1.000) -> frame W
09-23 18:13:03.677 I/godot   (26421): [AgentSprite] step (0, 1) draws (-0.894427, 0.447214) -> screen SW (fit 1.000) -> frame S
09-23 18:13:03.677 I/godot   (26421): [AgentSprite] step (-1, 0) draws (-0.894427, -0.447214) -> screen NW (fit 1.000) -> frame E
09-23 18:13:03.677 I/godot   (26421): [AgentSprite] step (0, -1) draws (0.894427, -0.447214) -> screen NE (fit 1.000) -> frame N
09-23 18:13:03.677 I/godot   (26421): [AgentSprite] head yaw mapping: grid 0 -> yaw 0, handedness -1
09-23 18:13:03.752 I/godot   (26421): [AgentSprite] layer 'head/standing': 24 yaws at 15.0 deg
09-23 18:13:03.782 I/godot   (26421): [AgentSprite] step (1, 0) draws (0.894427, 0.447214) -> screen SE (fit 1.000) -> frame W
09-23 18:13:03.782 I/godot   (26421): [AgentSprite] step (0, 1) draws (-0.894427, 0.447214) -> screen SW (fit 1.000) -> frame S
09-23 18:13:03.783 I/godot   (26421): [AgentSprite] step (-1, 0) draws (-0.894427, -0.447214) -> screen NW (fit 1.000) -> frame E
09-23 18:13:03.783 I/godot   (26421): [AgentSprite] step (0, -1) draws (0.894427, -0.447214) -> screen NE (fit 1.000) -> frame N
09-23 18:13:03.783 I/godot   (26421): [AgentSprite] head yaw mapping: grid 0 -> yaw 0, handedness -1
09-23 18:13:03.857 I/godot   (26421): [AgentSprite] layer 'head/standing': 24 yaws at 15.0 deg
09-23 18:13:03.887 I/godot   (26421): [AgentSprite] step (1, 0) draws (0.894427, 0.447214) -> screen SE (fit 1.000) -> frame W
09-23 18:13:03.887 I/godot   (26421): [AgentSprite] step (0, 1) draws (-0.894427, 0.447214) -> screen SW (fit 1.000) -> frame S
09-23 18:13:03.887 I/godot   (26421): [AgentSprite] step (-1, 0) draws (-0.894427, -0.447214) -> screen NW (fit 1.000) -> frame E
09-23 18:13:03.887 I/godot   (26421): [AgentSprite] step (0, -1) draws (0.894427, -0.447214) -> screen NE (fit 1.000) -> frame N
09-23 18:13:03.887 I/godot   (26421): [AgentSprite] head yaw mapping: grid 0 -> yaw 0, handedness -1
09-23 18:13:03.963 I/godot   (26421): [AgentSprite] layer 'head/standing': 24 yaws at 15.0 deg
09-23 18:13:03.976 I/godot   (26421): [Room] Light registry initialized with 12 map lights:
09-23 18:13:03.976 I/godot   (26421):   - map_light_1 @ cell(6,4) radius=7 type=omni
09-23 18:13:03.976 I/godot   (26421):   - map_light_2 @ cell(17,4) radius=6 type=omni
09-23 18:13:03.976 I/godot   (26421):   - map_light_3 @ cell(12,11) radius=7 type=omni
09-23 18:13:03.976 I/godot   (26421):   - map_light_4 @ cell(11,10) radius=10 type=omni
09-23 18:13:03.976 I/godot   (26421):   - map_light_5 @ cell(16,11) radius=8 type=omni
09-23 18:13:03.976 I/godot   (26421):   - map_light_6 @ cell(24,4) radius=7 type=omni
09-23 18:13:03.976 I/godot   (26421):   - map_light_7 @ cell(28,4) radius=7 type=omni
09-23 18:13:03.976 I/godot   (26421):   - map_light_8 @ cell(32,4) radius=7 type=omni
09-23 18:13:03.976 I/godot   (26421):   - map_light_9 @ cell(36,4) radius=7 type=omni
09-23 18:13:03.976 I/godot   (26421):   - map_light_10 @ cell(40,4) radius=7 type=omni
09-23 18:13:03.976 I/godot   (26421):   - map_light_11 @ cell(26,9) radius=8 type=omni
09-23 18:13:03.976 I/godot   (26421):   - map_light_12 @ cell(34,9) radius=8 type=omni
09-23 18:13:03.978 I/godot   (26421): [Room] Tile semantics initialized with 163 tiles, 12 light anchors
09-23 18:13:10.926 I/godot   (26421): 
09-23 18:13:10.927 I/godot   (26421): Attempting to resolve: facade_concrete (folder concrete)
09-23 18:13:10.927 I/godot   (26421):   [USER] File not found: user://textures/concrete/facade_concrete.png
09-23 18:13:10.927 I/godot   (26421):   [USER] File not found: user://textures/concrete/facade_concrete.webp
09-23 18:13:10.953 I/godot   (26421):   [DEFAULT] Validation PASS: res://ASSETS/materials/concrete/facade_concrete.png
09-23 18:13:10.953 I/godot   (26421): [RESOLVER] facade_concrete resolved from DEFAULT.png (dims 1024x512)
09-23 18:13:11.011 I/godot   (26421): 
09-23 18:13:11.011 I/godot   (26421): Attempting to resolve: facade_metal (folder metal)
09-23 18:13:11.011 I/godot   (26421):   [USER] File not found: user://textures/metal/facade_metal.png
09-23 18:13:11.011 I/godot   (26421):   [USER] File not found: user://textures/metal/facade_metal.webp
09-23 18:13:11.048 I/godot   (26421):   [DEFAULT] Validation PASS: res://ASSETS/materials/metal/facade_metal.png
09-23 18:13:11.048 I/godot   (26421): [RESOLVER] facade_metal resolved from DEFAULT.png (dims 1024x512)
09-23 18:13:11.109 I/godot   (26421): 
09-23 18:13:11.109 I/godot   (26421): Attempting to resolve: facade_stone (folder stone)
09-23 18:13:11.109 I/godot   (26421):   [USER] File not found: user://textures/stone/facade_stone.png
09-23 18:13:11.109 I/godot   (26421):   [USER] File not found: user://textures/stone/facade_stone.webp
09-23 18:13:11.143 I/godot   (26421):   [DEFAULT] Validation PASS: res://ASSETS/materials/stone/facade_stone.png
09-23 18:13:11.143 I/godot   (26421): [RESOLVER] facade_stone resolved from DEFAULT.png (dims 1024x512)
09-23 18:13:11.204 I/godot   (26421): 
09-23 18:13:11.204 I/godot   (26421): Attempting to resolve: facade_wood (folder wood)
09-23 18:13:11.204 I/godot   (26421):   [USER] File not found: user://textures/wood/facade_wood.png
09-23 18:13:11.204 I/godot   (26421):   [USER] File not found: user://textures/wood/facade_wood.webp
09-23 18:13:11.239 I/godot   (26421):   [DEFAULT] Validation PASS: res://ASSETS/materials/wood/facade_wood.png
09-23 18:13:11.239 I/godot   (26421): [RESOLVER] facade_wood resolved from DEFAULT.png (dims 1024x512)
09-23 18:13:11.300 I/godot   (26421): 
09-23 18:13:11.300 I/godot   (26421): Attempting to resolve: facade_brick (folder brick)
09-23 18:13:11.300 I/godot   (26421):   [USER] File not found: user://textures/brick/facade_brick.png
09-23 18:13:11.300 I/godot   (26421):   [USER] File not found: user://textures/brick/facade_brick.webp
09-23 18:13:11.335 I/godot   (26421):   [DEFAULT] Validation PASS: res://ASSETS/materials/brick/facade_brick.png
09-23 18:13:11.335 I/godot   (26421): [RESOLVER] facade_brick resolved from DEFAULT.png (dims 1024x512)
09-23 18:13:11.395 I/godot   (26421): 
09-23 18:13:11.395 I/godot   (26421): Attempting to resolve: facade_cardboard (folder cardboard)
09-23 18:13:11.395 I/godot   (26421):   [USER] File not found: user://textures/cardboard/facade_cardboard.png
09-23 18:13:11.395 I/godot   (26421):   [USER] File not found: user://textures/cardboard/facade_cardboard.webp
09-23 18:13:11.422 I/godot   (26421):   [DEFAULT] Validation PASS: res://ASSETS/materials/cardboard/facade_cardboard.png
09-23 18:13:11.422 I/godot   (26421): [RESOLVER] facade_cardboard resolved from DEFAULT.png (dims 1024x512)
09-23 18:13:11.479 I/godot   (26421): 
09-23 18:13:11.479 I/godot   (26421): Attempting to resolve: facade_fabric (folder fabric)
09-23 18:13:11.479 I/godot   (26421):   [USER] File not found: user://textures/fabric/facade_fabric.png
09-23 18:13:11.479 I/godot   (26421):   [USER] File not found: user://textures/fabric/facade_fabric.webp
09-23 18:13:11.507 I/godot   (26421):   [DEFAULT] Validation PASS: res://ASSETS/materials/fabric/facade_fabric.png
09-23 18:13:11.507 I/godot   (26421): [RESOLVER] facade_fabric resolved from DEFAULT.png (dims 1024x512)
09-23 18:13:11.568 I/godot   (26421): 
09-23 18:13:11.568 I/godot   (26421): Attempting to resolve: facade_plywood (folder plywood)
09-23 18:13:11.568 I/godot   (26421):   [USER] File not found: user://textures/plywood/facade_plywood.png
09-23 18:13:11.568 I/godot   (26421):   [USER] File not found: user://textures/plywood/facade_plywood.webp
09-23 18:13:11.603 I/godot   (26421):   [DEFAULT] Validation PASS: res://ASSETS/materials/plywood/facade_plywood.png
09-23 18:13:11.603 I/godot   (26421): [RESOLVER] facade_plywood resolved from DEFAULT.png (dims 1024x512)
09-23 18:13:11.690 I/godot   (26421): 
09-23 18:13:11.690 I/godot   (26421): Attempting to resolve: facade_earth (folder earth)
09-23 18:13:11.690 I/godot   (26421):   [USER] File not found: user://textures/earth/facade_earth.png
09-23 18:13:11.690 I/godot   (26421):   [USER] File not found: user://textures/earth/facade_earth.webp
09-23 18:13:11.726 I/godot   (26421):   [DEFAULT] Validation PASS: res://ASSETS/materials/earth/facade_earth.png
09-23 18:13:11.726 I/godot   (26421): [RESOLVER] facade_earth resolved from DEFAULT.png (dims 1024x512)
09-23 18:13:14.621 I/godot   (26421): [BOARD3D] 215432 voxel(s) (slices 69440, columns 672, slabs 145992; the 2D board holds 64 cell(s)) → 108772 face(s) → 732 quad(s) in 276 chunk(s), 11 material(s), plane levels 78..103; collect 1993 ms, mesh 1767 ms; skip 2D writes true; source store
09-23 18:13:14.699 I/godot   (26421): [SPIKE3D] lights: mode=near lamps=12 shadowed=4 board_lit=true
09-23 18:13:16.770 I/godot   (26421): [TestZone] 0 pickups
09-23 18:13:17.535 I/godot   (26421): [DEV-HUD-01] DEV VISION Status Panel initialized
09-23 18:13:17.606 I/godot   (26421): [DEBUG] _ready() complete, starting probe
09-23 18:13:17.606 I/godot   (26421): [SLICE-02 probe] ===== STARTING ALIGNMENT CHECK =====
09-23 18:13:17.607 I/godot   (26421): [SLICE-02 probe] floor_cell = (0, 0)  voxel_cell = (0, 0)
09-23 18:13:17.607 I/godot   (26421): [SLICE-02 probe] floor_map=(128.0, 64.0)  voxel_map=(16.0, 8.0)
09-23 18:13:17.607 I/godot   (26421): [SLICE-02 probe] floor_adjusted=(0.0, 0.0)  voxel_adjusted=(0.0, 0.0)
09-23 18:13:17.607 I/godot   (26421): [SLICE-02 probe] canon_pos=(0.0, 512.0)  voxel_pos=(112.0, 576.0)  delta=(112.0, 64.0) px
09-23 18:13:17.607 I/godot   (26421): [SLICE-02 probe] INFO: no block_* tile found for footprint check
09-23 18:13:17.610 V/Godot   (26421): OnGodotMainLoopStarted
09-23 18:13:21.018 I/godot   (26421): [GLASS-TILE] mirrored 2240 glass cell(s) into the opaque layers, removed 0
09-23 18:13:21.196 I/godot   (26421): [SCENARIO] 4 step(s)
09-23 18:13:21.196 I/godot   (26421): [SCENARIO] 1/4 framing portrait
09-23 18:13:21.199 I/godot   (26421): [SCENARIO] 2/4 zoom 0.5
09-23 18:13:21.199 I/godot   (26421): [SCENARIO] 3/4 wait 25
09-23 18:13:27.288 I/godot   (26421): [FRAME-PROBE] 99.9 ms/frame · render cpu 0.8 ms · render gpu 58.6 ms · 91 draw call(s) · 10812 primitive(s) · 108 object(s) · process 185.4 ms · physics 63.6 ms · 962 node(s) · view portrait 390x873 zoom 0.50 gu 95/1104 scale 1.00
09-23 18:13:27.296 I/godot   (26421): [FRAME-SPLIT] per frame: guard cone smooth draw 24.16 ms (4/f) · sprite light+throw 1.19 ms (10/f) · room temporal lights 0.11 ms (1/f) · room vision fog 0.09 ms (1/f) · guard attention 0.07 ms (9/f) · room enemy visibility 0.05 ms (1/f)
09-23 18:13:30.800 I/godot   (26421): [FRAME-PROBE] 60.0 ms/frame · render cpu 1.4 ms · render gpu 56.8 ms · 91 draw call(s) · 10812 primitive(s) · 108 object(s) · process 79.0 ms · physics 0.2 ms · 962 node(s) · view portrait 390x873 zoom 0.50 gu 95/1104 scale 1.00
09-23 18:13:30.801 I/godot   (26421): [FRAME-SPLIT] per frame: sprite light+throw 1.00 ms (10/f) · room temporal lights 0.09 ms (1/f) · room vision fog 0.07 ms (1/f) · guard attention 0.04 ms (9/f) · room enemy visibility 0.03 ms (1/f)
09-23 18:13:34.295 I/godot   (26421): [FRAME-PROBE] 58.2 ms/frame · render cpu 1.4 ms · render gpu 56.9 ms · 91 draw call(s) · 10812 primitive(s) · 108 object(s) · process 58.4 ms · physics 0.1 ms · 962 node(s) · view portrait 390x873 zoom 0.50 gu 95/1104 scale 1.00
09-23 18:13:34.295 I/godot   (26421): [FRAME-SPLIT] per frame: sprite light+throw 0.87 ms (10/f) · room temporal lights 0.10 ms (1/f) · room vision fog 0.08 ms (1/f) · guard attention 0.05 ms (9/f) · room enemy visibility 0.03 ms (1/f)
09-23 18:13:37.796 I/godot   (26421): [FRAME-PROBE] 58.4 ms/frame · render cpu 1.5 ms · render gpu 56.7 ms · 91 draw call(s) · 10812 primitive(s) · 108 object(s) · process 58.6 ms · physics 0.1 ms · 962 node(s) · view portrait 390x873 zoom 0.50 gu 95/1104 scale 1.00
09-23 18:13:37.796 I/godot   (26421): [FRAME-SPLIT] per frame: sprite light+throw 0.87 ms (10/f) · room temporal lights 0.10 ms (1/f) · room vision fog 0.08 ms (1/f) · guard attention 0.05 ms (9/f) · room enemy visibility 0.03 ms (1/f)
09-23 18:13:41.301 I/godot   (26421): [FRAME-PROBE] 58.4 ms/frame · render cpu 1.4 ms · render gpu 57.0 ms · 91 draw call(s) · 10812 primitive(s) · 108 object(s) · process 58.8 ms · physics 0.1 ms · 962 node(s) · view portrait 390x873 zoom 0.50 gu 95/1104 scale 1.00
09-23 18:13:41.301 I/godot   (26421): [FRAME-SPLIT] per frame: sprite light+throw 0.88 ms (10/f) · room temporal lights 0.10 ms (1/f) · room vision fog 0.08 ms (1/f) · guard attention 0.05 ms (9/f) · room enemy visibility 0.03 ms (1/f)
09-23 18:13:44.814 I/godot   (26421): [FRAME-PROBE] 58.5 ms/frame · render cpu 1.6 ms · render gpu 57.2 ms · 91 draw call(s) · 10812 primitive(s) · 108 object(s) · process 59.0 ms · physics 0.1 ms · 962 node(s) · view portrait 390x873 zoom 0.50 gu 95/1104 scale 1.00
09-23 18:13:44.815 I/godot   (26421): [FRAME-SPLIT] per frame: sprite light+throw 0.85 ms (10/f) · room temporal lights 0.10 ms (1/f) · room vision fog 0.08 ms (1/f) · guard attention 0.05 ms (9/f) · room enemy visibility 0.03 ms (1/f)
09-23 18:13:47.584 I/godot   (26421): [SCENARIO] 4/4 quit
09-23 18:13:52.610 V/Godot   (26421): OnGodotTerminating
[DIAG-02] com.example.infiltraitor exited on its own at 18:13:55 — capture ends
