--------- beginning of main
09-23 18:13:59.152 V/Godot   (29391): InitEngine with params: [--xr_mode_regular, --xr-mode, off, --fullscreen, --background_color, #000000]
09-23 18:13:59.152 V/Godot   (29391): Initializing Godot plugin registry
09-23 18:13:59.241 V/Godot   (29391): Godot native layer initialization completed: true
09-23 18:13:59.553 V/Godot   (29391): Godot native layer setup completed
09-23 18:13:59.554 V/Godot   (29391): OnInitRenderView: GodotFragment{fc29790} (5053895c-4939-45d8-9197-849280ba3df9 id=0x7f070033)
09-23 18:13:59.566 D/Godot   (29391): Render view should be transparent: false
09-23 18:13:59.567 D/Godot   (29391): usesVulkan(): true
09-23 18:13:59.567 D/Godot   (29391): 			renderingDevice: vulkan (ProjectSettings)
09-23 18:13:59.567 D/Godot   (29391): 			renderer: mobile (ProjectSettings)
09-23 18:13:59.587 V/Godot   (29391): OnStart: GodotFragment{fc29790} (5053895c-4939-45d8-9197-849280ba3df9 id=0x7f070033)
09-23 18:13:59.594 V/Godot   (29391): OnResume: GodotFragment{fc29790} (5053895c-4939-45d8-9197-849280ba3df9 id=0x7f070033)
09-23 18:13:59.633 I/godot   (29391): Godot Engine v4.6.1.stable.official.14d19694e - https://godotengine.org
09-23 18:13:59.759 I/godot   (29391): Vulkan 1.3.225 - Forward Mobile - Using Device #0: ARM - Mali-G57
09-23 18:14:00.323 I/godot   (29391): 
09-23 18:14:04.963 V/Godot   (29391): OnGodotSetupCompleted
09-23 18:14:04.992 I/godot   (29391): [DevFlags] 6 override(s) from /sdcard/Android/data/com.example.infiltraitor/files/dev_flags.cfg — FRAME_PROBE=1, LIGHT3D=all, MAP=PLAYGROUND, RENDER3D=1, RNG_SEED=1, SCENARIO=framing portrait; zoom 0.5; wait 25; quit
09-23 18:14:04.992 I/godot   (29391): [INFILTRAITOR] Version 0.9.107
09-23 18:14:04.998 I/godot   (29391): [Registries] Autoload initialized
09-23 18:14:05.002 I/godot   (29391): [RNG] seeded 1 — particle rolls are reproducible this boot
09-23 18:14:05.004 I/godot   (29391): [MaterialRegistry] Registered: brick (color: 0.55,0.29,0.22)
09-23 18:14:05.005 I/godot   (29391): [MaterialRegistry] Registered: cardboard (color: 0.70,0.55,0.36)
09-23 18:14:05.006 I/godot   (29391): [MaterialRegistry] Registered: concrete (color: 0.62,0.62,0.62)
09-23 18:14:05.007 I/godot   (29391): [MaterialRegistry] Registered: dirt (color: 0.50,0.38,0.27)
09-23 18:14:05.008 I/godot   (29391): [MaterialRegistry] Registered: earth (color: 0.52,0.39,0.26)
09-23 18:14:05.008 I/godot   (29391): [MaterialRegistry] Registered: fabric (color: 0.78,0.74,0.66)
09-23 18:14:05.009 I/godot   (29391): [MaterialRegistry] Registered: glass (color: 0.62,0.74,0.78)
09-23 18:14:05.010 I/godot   (29391): [MaterialRegistry] Registered: glass_armored (color: 0.74,0.62,0.78)
09-23 18:14:05.010 I/godot   (29391): [MaterialRegistry] Registered: glass_screen_amber (color: 0.70,0.60,0.38)
09-23 18:14:05.010 I/godot   (29391): [MaterialRegistry] Registered: glass_screen_green (color: 0.38,0.55,0.42)
09-23 18:14:05.010 I/godot   (29391): [MaterialRegistry] Registered: glass_screen_red (color: 0.62,0.40,0.41)
09-23 18:14:05.011 I/godot   (29391): [MaterialRegistry] Registered: grass (color: 0.42,0.55,0.29)
09-23 18:14:05.011 I/godot   (29391): [MaterialRegistry] Registered: gravel (color: 0.55,0.52,0.49)
09-23 18:14:05.012 I/godot   (29391): [MaterialRegistry] Registered: metal (color: 0.49,0.53,0.56)
09-23 18:14:05.013 I/godot   (29391): [MaterialRegistry] Registered: plywood (color: 0.78,0.63,0.42)
09-23 18:14:05.013 I/godot   (29391): [MaterialRegistry] Registered: sand (color: 0.76,0.67,0.51)
09-23 18:14:05.013 I/godot   (29391): [MaterialRegistry] Registered: stone (color: 0.55,0.55,0.58)
09-23 18:14:05.014 I/godot   (29391): [MaterialRegistry] Registered: wood (color: 0.66,0.47,0.31)
09-23 18:14:05.014 I/godot   (29391): [Registries] Material registry initialized with defaults
09-23 18:14:05.014 I/godot   (29391): [BakeConfig] Enabled: true, Blend Mode: 0, Facade Tops: true
09-23 18:14:05.030 I/godot   (29391): [Room] 4 tiles registered.
09-23 18:14:05.860 I/godot   (29391): [Room] Light registry initialized with 0 map lights:
09-23 18:14:05.860 I/godot   (29391): [Room] Tile semantics initialized with 0 tiles, 0 light anchors
09-23 18:14:05.861 I/godot   (29391): [Room] Shadow projector initialized
09-23 18:14:05.861 I/godot   (29391): [Room] Exposure system initialized with 0 light projections
09-23 18:14:05.861 I/godot   (29391): [VisionController] Shadow overlay initialized
09-23 18:14:05.861 I/godot   (29391): [VisionController] Exposure overlay initialized
09-23 18:14:05.861 I/godot   (29391): [VisionController] Tile risk heatmap overlay initialized
09-23 18:14:05.861 I/godot   (29391): [VisionController] Elite exposure overlay initialized: [EliteExposureOverlay safe=0 total=0 confidence=0.00 depth_layers=6 stability_types=4]
09-23 18:14:05.976 I/godot   (29391): [Registries] File map source initialized
09-23 18:14:06.861 I/godot   (29391): [MaterialRegistry] Registered: brick (color: 0.55,0.29,0.22)
09-23 18:14:06.861 I/godot   (29391): [MaterialRegistry] Registered: cardboard (color: 0.70,0.55,0.36)
09-23 18:14:06.861 I/godot   (29391): [MaterialRegistry] Registered: concrete (color: 0.62,0.62,0.62)
09-23 18:14:06.861 I/godot   (29391): [MaterialRegistry] Registered: dirt (color: 0.50,0.38,0.27)
09-23 18:14:06.862 I/godot   (29391): [MaterialRegistry] Registered: earth (color: 0.52,0.39,0.26)
09-23 18:14:06.862 I/godot   (29391): [MaterialRegistry] Registered: fabric (color: 0.78,0.74,0.66)
09-23 18:14:06.862 I/godot   (29391): [MaterialRegistry] Registered: glass (color: 0.62,0.74,0.78)
09-23 18:14:06.862 I/godot   (29391): [MaterialRegistry] Registered: glass_armored (color: 0.74,0.62,0.78)
09-23 18:14:06.862 I/godot   (29391): [MaterialRegistry] Registered: glass_screen_amber (color: 0.70,0.60,0.38)
09-23 18:14:06.863 I/godot   (29391): [MaterialRegistry] Registered: glass_screen_green (color: 0.38,0.55,0.42)
09-23 18:14:06.863 I/godot   (29391): [MaterialRegistry] Registered: glass_screen_red (color: 0.62,0.40,0.41)
09-23 18:14:06.863 I/godot   (29391): [MaterialRegistry] Registered: grass (color: 0.42,0.55,0.29)
09-23 18:14:06.863 I/godot   (29391): [MaterialRegistry] Registered: gravel (color: 0.55,0.52,0.49)
09-23 18:14:06.863 I/godot   (29391): [MaterialRegistry] Registered: metal (color: 0.49,0.53,0.56)
09-23 18:14:06.864 I/godot   (29391): [MaterialRegistry] Registered: plywood (color: 0.78,0.63,0.42)
09-23 18:14:06.864 I/godot   (29391): [MaterialRegistry] Registered: sand (color: 0.76,0.67,0.51)
09-23 18:14:06.864 I/godot   (29391): [MaterialRegistry] Registered: stone (color: 0.55,0.55,0.58)
09-23 18:14:06.864 I/godot   (29391): [MaterialRegistry] Registered: wood (color: 0.66,0.47,0.31)
09-23 18:14:07.587 I/godot   (29391): [ROOM] Baking textures with 40 junction columns...
09-23 18:14:07.614 I/godot   (29391): [ROOM] Grouped edges into 43 runs
09-23 18:14:07.620 I/godot   (29391): [BAKE] Loaded voxel atom: concrete (32×36, 0 AA pixels)
09-23 18:14:07.621 I/godot   (29391): [BAKE] Loaded voxel atom: metal (32×36, 0 AA pixels)
09-23 18:14:07.622 I/godot   (29391): [BAKE] Loaded voxel atom: stone (32×36, 0 AA pixels)
09-23 18:14:07.623 I/godot   (29391): [BAKE] Loaded voxel atom: wood (32×36, 0 AA pixels)
09-23 18:14:07.646 I/godot   (29391): [BAKE] Loaded voxel atom: grass (32×36, 0 AA pixels)
09-23 18:14:07.648 I/godot   (29391): [BAKE] Loaded voxel atom: dirt (32×36, 0 AA pixels)
09-23 18:14:07.651 I/godot   (29391): [BAKE] Loaded voxel atom: gravel (32×36, 0 AA pixels)
09-23 18:14:07.653 I/godot   (29391): [BAKE] Loaded voxel atom: sand (32×36, 0 AA pixels)
09-23 18:14:07.654 I/godot   (29391): [BAKE] Loaded voxel atom: earth (32×36, 0 AA pixels)
09-23 18:14:07.655 I/godot   (29391): [BAKE] Loaded voxel atom: brick (32×36, 0 AA pixels)
09-23 18:14:07.656 I/godot   (29391): [BAKE] Loaded voxel atom: cardboard (32×36, 0 AA pixels)
09-23 18:14:07.657 I/godot   (29391): [BAKE] Loaded voxel atom: fabric (32×36, 0 AA pixels)
09-23 18:14:07.658 I/godot   (29391): [BAKE] Loaded voxel atom: plywood (32×36, 0 AA pixels)
09-23 18:14:07.659 I/godot   (29391): [BAKE] Loaded voxel atom: glass (32×36, 0 AA pixels)
09-23 18:14:07.659 I/godot   (29391): [BAKE] Created persistent BakeCompositor for session
09-23 18:14:07.661 I/godot   (29391): [BAKE] Found 9 unique (material, facade) combos
09-23 18:14:07.801 I/godot   (29391): 
09-23 18:14:07.801 I/godot   (29391): Attempting to resolve: facade_concrete (folder concrete)
09-23 18:14:07.801 I/godot   (29391):   [USER] File not found: user://textures/concrete/facade_concrete.png
09-23 18:14:07.801 I/godot   (29391):   [USER] File not found: user://textures/concrete/facade_concrete.webp
09-23 18:14:07.829 I/godot   (29391):   [DEFAULT] Validation PASS: res://ASSETS/materials/concrete/facade_concrete.png
09-23 18:14:07.829 I/godot   (29391): [RESOLVER] facade_concrete resolved from DEFAULT.png (dims 1024x512)
09-23 18:14:07.829 I/godot   (29391): 
09-23 18:14:07.829 I/godot   (29391): Attempting to resolve: facade_metal (folder metal)
09-23 18:14:07.829 I/godot   (29391):   [USER] File not found: user://textures/metal/facade_metal.png
09-23 18:14:07.829 I/godot   (29391):   [USER] File not found: user://textures/metal/facade_metal.webp
09-23 18:14:07.861 I/godot   (29391):   [DEFAULT] Validation PASS: res://ASSETS/materials/metal/facade_metal.png
09-23 18:14:07.861 I/godot   (29391): [RESOLVER] facade_metal resolved from DEFAULT.png (dims 1024x512)
09-23 18:14:07.861 I/godot   (29391): 
09-23 18:14:07.861 I/godot   (29391): Attempting to resolve: facade_stone (folder stone)
09-23 18:14:07.861 I/godot   (29391):   [USER] File not found: user://textures/stone/facade_stone.png
09-23 18:14:07.861 I/godot   (29391):   [USER] File not found: user://textures/stone/facade_stone.webp
09-23 18:14:07.890 I/godot   (29391):   [DEFAULT] Validation PASS: res://ASSETS/materials/stone/facade_stone.png
09-23 18:14:07.890 I/godot   (29391): [RESOLVER] facade_stone resolved from DEFAULT.png (dims 1024x512)
09-23 18:14:07.890 I/godot   (29391): 
09-23 18:14:07.890 I/godot   (29391): Attempting to resolve: facade_wood (folder wood)
09-23 18:14:07.890 I/godot   (29391):   [USER] File not found: user://textures/wood/facade_wood.png
09-23 18:14:07.890 I/godot   (29391):   [USER] File not found: user://textures/wood/facade_wood.webp
09-23 18:14:07.919 I/godot   (29391):   [DEFAULT] Validation PASS: res://ASSETS/materials/wood/facade_wood.png
09-23 18:14:07.919 I/godot   (29391): [RESOLVER] facade_wood resolved from DEFAULT.png (dims 1024x512)
09-23 18:14:07.919 I/godot   (29391): 
09-23 18:14:07.919 I/godot   (29391): Attempting to resolve: facade_brick (folder brick)
09-23 18:14:07.919 I/godot   (29391):   [USER] File not found: user://textures/brick/facade_brick.png
09-23 18:14:07.920 I/godot   (29391):   [USER] File not found: user://textures/brick/facade_brick.webp
09-23 18:14:07.951 I/godot   (29391):   [DEFAULT] Validation PASS: res://ASSETS/materials/brick/facade_brick.png
09-23 18:14:07.951 I/godot   (29391): [RESOLVER] facade_brick resolved from DEFAULT.png (dims 1024x512)
09-23 18:14:07.951 I/godot   (29391): 
09-23 18:14:07.951 I/godot   (29391): Attempting to resolve: facade_cardboard (folder cardboard)
09-23 18:14:07.951 I/godot   (29391):   [USER] File not found: user://textures/cardboard/facade_cardboard.png
09-23 18:14:07.951 I/godot   (29391):   [USER] File not found: user://textures/cardboard/facade_cardboard.webp
09-23 18:14:07.973 I/godot   (29391):   [DEFAULT] Validation PASS: res://ASSETS/materials/cardboard/facade_cardboard.png
09-23 18:14:07.973 I/godot   (29391): [RESOLVER] facade_cardboard resolved from DEFAULT.png (dims 1024x512)
09-23 18:14:07.974 I/godot   (29391): 
09-23 18:14:07.974 I/godot   (29391): Attempting to resolve: facade_fabric (folder fabric)
09-23 18:14:07.974 I/godot   (29391):   [USER] File not found: user://textures/fabric/facade_fabric.png
09-23 18:14:07.974 I/godot   (29391):   [USER] File not found: user://textures/fabric/facade_fabric.webp
09-23 18:14:07.995 I/godot   (29391):   [DEFAULT] Validation PASS: res://ASSETS/materials/fabric/facade_fabric.png
09-23 18:14:07.995 I/godot   (29391): [RESOLVER] facade_fabric resolved from DEFAULT.png (dims 1024x512)
09-23 18:14:07.995 I/godot   (29391): 
09-23 18:14:07.995 I/godot   (29391): Attempting to resolve: facade_plywood (folder plywood)
09-23 18:14:07.996 I/godot   (29391):   [USER] File not found: user://textures/plywood/facade_plywood.png
09-23 18:14:07.996 I/godot   (29391):   [USER] File not found: user://textures/plywood/facade_plywood.webp
09-23 18:14:08.025 I/godot   (29391):   [DEFAULT] Validation PASS: res://ASSETS/materials/plywood/facade_plywood.png
09-23 18:14:08.025 I/godot   (29391): [RESOLVER] facade_plywood resolved from DEFAULT.png (dims 1024x512)
09-23 18:14:08.025 I/godot   (29391): 
09-23 18:14:08.025 I/godot   (29391): Attempting to resolve: facade_glass (folder glass)
09-23 18:14:08.025 I/godot   (29391):   [USER] File not found: user://textures/glass/facade_glass.png
09-23 18:14:08.025 I/godot   (29391):   [USER] File not found: user://textures/glass/facade_glass.webp
09-23 18:14:08.033 I/godot   (29391):   [DEFAULT] Validation PASS: res://ASSETS/materials/glass/facade_glass.png
09-23 18:14:08.034 I/godot   (29391): [RESOLVER] facade_glass resolved from DEFAULT.png (dims 1024x512)
09-23 18:14:08.794 I/godot   (29391): [BAKE] Composed sheet concrete|facade_concrete|0 (2048 atoms)
09-23 18:14:09.647 I/godot   (29391): [BAKE] Composed sheet concrete|facade_concrete|1 (2048 atoms)
09-23 18:14:10.158 I/godot   (29391): [BAKE] Composed sheet metal|facade_metal|0 (2048 atoms)
09-23 18:14:10.608 I/godot   (29391): [BAKE] Composed sheet metal|facade_metal|1 (2048 atoms)
09-23 18:14:11.053 I/godot   (29391): [BAKE] Composed sheet stone|facade_stone|0 (2048 atoms)
09-23 18:14:11.513 I/godot   (29391): [BAKE] Composed sheet stone|facade_stone|1 (2048 atoms)
09-23 18:14:11.945 I/godot   (29391): [BAKE] Composed sheet wood|facade_wood|0 (2048 atoms)
09-23 18:14:12.393 I/godot   (29391): [BAKE] Composed sheet wood|facade_wood|1 (2048 atoms)
09-23 18:14:12.829 I/godot   (29391): [BAKE] Composed sheet brick|facade_brick|0 (2048 atoms)
09-23 18:14:13.280 I/godot   (29391): [BAKE] Composed sheet brick|facade_brick|1 (2048 atoms)
09-23 18:14:13.726 I/godot   (29391): [BAKE] Composed sheet cardboard|facade_cardboard|0 (2048 atoms)
09-23 18:14:14.188 I/godot   (29391): [BAKE] Composed sheet cardboard|facade_cardboard|1 (2048 atoms)
09-23 18:14:14.631 I/godot   (29391): [BAKE] Composed sheet fabric|facade_fabric|0 (2048 atoms)
09-23 18:14:15.088 I/godot   (29391): [BAKE] Composed sheet fabric|facade_fabric|1 (2048 atoms)
09-23 18:14:15.531 I/godot   (29391): [BAKE] Composed sheet plywood|facade_plywood|0 (2048 atoms)
09-23 18:14:16.002 I/godot   (29391): [BAKE] Composed sheet plywood|facade_plywood|1 (2048 atoms)
09-23 18:14:16.443 I/godot   (29391): [BAKE] Composed sheet glass|facade_glass|0 (2048 atoms)
09-23 18:14:16.902 I/godot   (29391): [BAKE] Composed sheet glass|facade_glass|1 (2048 atoms)
09-23 18:14:16.971 I/godot   (29391): [BAKE] Composed junction page: concrete|facade_concrete (160 atoms)
09-23 18:14:17.010 I/godot   (29391): [BAKE] Composed junction page: metal|facade_metal (64 atoms)
09-23 18:14:17.049 I/godot   (29391): [BAKE] Composed junction page: stone|facade_stone (64 atoms)
09-23 18:14:17.086 I/godot   (29391): [BAKE] Composed junction page: wood|facade_wood (64 atoms)
09-23 18:14:17.124 I/godot   (29391): [BAKE] Composed junction page: brick|facade_brick (64 atoms)
09-23 18:14:17.164 I/godot   (29391): [BAKE] Composed junction page: cardboard|facade_cardboard (64 atoms)
09-23 18:14:17.201 I/godot   (29391): [BAKE] Composed junction page: fabric|facade_fabric (64 atoms)
09-23 18:14:17.240 I/godot   (29391): [BAKE] Composed junction page: plywood|facade_plywood (64 atoms)
09-23 18:14:17.278 I/godot   (29391): [BAKE] Composed junction page: glass|facade_glass (64 atoms)
09-23 18:14:18.268 I/godot   (29391): [BAKE] Composed roof page ROOF|concrete|facade_concrete (4096 atoms)
09-23 18:14:18.881 I/godot   (29391): [BAKE] Composed roof page ROOF|metal|facade_metal (586 atoms)
09-23 18:14:19.484 I/godot   (29391): [BAKE] Composed roof page ROOF|stone|facade_stone (586 atoms)
09-23 18:14:20.079 I/godot   (29391): [BAKE] Composed roof page ROOF|wood|facade_wood (586 atoms)
09-23 18:14:20.666 I/godot   (29391): [BAKE] Composed roof page ROOF|brick|facade_brick (586 atoms)
09-23 18:14:21.270 I/godot   (29391): [BAKE] Composed roof page ROOF|cardboard|facade_cardboard (586 atoms)
09-23 18:14:21.864 I/godot   (29391): [BAKE] Composed roof page ROOF|fabric|facade_fabric (586 atoms)
09-23 18:14:22.471 I/godot   (29391): [BAKE] Composed roof page ROOF|plywood|facade_plywood (586 atoms)
09-23 18:14:23.067 I/godot   (29391): [BAKE] Composed roof page ROOF|glass|facade_glass (586 atoms)
09-23 18:14:23.072 I/godot   (29391): [BAKE] Baked 9 combos × 2 directions in 15038.0 ms
09-23 18:14:23.074 I/godot   (29391): [ROOM] Bake complete: 15415 ms, 36 pages
09-23 18:14:27.711 I/godot   (29391): [ROOM] Registered baked atlas page 0 as source 98 on voxel_renderer (8448 tiles created)
09-23 18:14:32.426 I/godot   (29391): [ROOM] Registered baked atlas page 1 as source 99 on voxel_renderer (8448 tiles created)
09-23 18:14:32.440 I/godot   (29391): [ROOM] Registered baked atlas page 2 as source 100 on voxel_renderer (384 tiles created)
09-23 18:14:32.454 I/godot   (29391): [ROOM] Registered baked atlas page 3 as source 101 on voxel_renderer (384 tiles created)
09-23 18:14:32.468 I/godot   (29391): [ROOM] Registered baked atlas page 4 as source 102 on voxel_renderer (384 tiles created)
09-23 18:14:32.481 I/godot   (29391): [ROOM] Registered baked atlas page 5 as source 103 on voxel_renderer (384 tiles created)
09-23 18:14:32.495 I/godot   (29391): [ROOM] Registered baked atlas page 6 as source 104 on voxel_renderer (384 tiles created)
09-23 18:14:32.509 I/godot   (29391): [ROOM] Registered baked atlas page 7 as source 105 on voxel_renderer (384 tiles created)
09-23 18:14:32.523 I/godot   (29391): [ROOM] Registered baked atlas page 8 as source 106 on voxel_renderer (384 tiles created)
09-23 18:14:32.536 I/godot   (29391): [ROOM] Registered baked atlas page 9 as source 107 on voxel_renderer (384 tiles created)
09-23 18:14:32.550 I/godot   (29391): [ROOM] Registered baked atlas page 10 as source 108 on voxel_renderer (384 tiles created)
09-23 18:14:32.563 I/godot   (29391): [ROOM] Registered baked atlas page 11 as source 109 on voxel_renderer (384 tiles created)
09-23 18:14:32.577 I/godot   (29391): [ROOM] Registered baked atlas page 12 as source 110 on voxel_renderer (384 tiles created)
09-23 18:14:32.590 I/godot   (29391): [ROOM] Registered baked atlas page 13 as source 111 on voxel_renderer (384 tiles created)
09-23 18:14:32.604 I/godot   (29391): [ROOM] Registered baked atlas page 14 as source 112 on voxel_renderer (384 tiles created)
09-23 18:14:32.617 I/godot   (29391): [ROOM] Registered baked atlas page 15 as source 113 on voxel_renderer (384 tiles created)
09-23 18:14:32.638 I/godot   (29391): [ROOM] Registered baked atlas page 16 as source 114 on voxel_renderer (384 tiles created)
09-23 18:14:32.741 I/godot   (29391): [ROOM] Registered baked atlas page 17 as source 115 on voxel_renderer (384 tiles created)
09-23 18:14:32.746 I/godot   (29391): [ROOM] Registered baked atlas page 18 as source 116 on voxel_renderer (160 tiles created)
09-23 18:14:32.748 I/godot   (29391): [ROOM] Registered baked atlas page 19 as source 117 on voxel_renderer (64 tiles created)
09-23 18:14:32.750 I/godot   (29391): [ROOM] Registered baked atlas page 20 as source 118 on voxel_renderer (64 tiles created)
09-23 18:14:32.752 I/godot   (29391): [ROOM] Registered baked atlas page 21 as source 119 on voxel_renderer (64 tiles created)
09-23 18:14:32.754 I/godot   (29391): [ROOM] Registered baked atlas page 22 as source 120 on voxel_renderer (64 tiles created)
09-23 18:14:32.756 I/godot   (29391): [ROOM] Registered baked atlas page 23 as source 121 on voxel_renderer (64 tiles created)
09-23 18:14:32.757 I/godot   (29391): [ROOM] Registered baked atlas page 24 as source 122 on voxel_renderer (64 tiles created)
09-23 18:14:32.759 I/godot   (29391): [ROOM] Registered baked atlas page 25 as source 123 on voxel_renderer (64 tiles created)
09-23 18:14:32.761 I/godot   (29391): [ROOM] Registered baked atlas page 26 as source 124 on voxel_renderer (64 tiles created)
09-23 18:14:33.773 I/godot   (29391): [ROOM] Registered baked atlas page 27 as source 125 on voxel_renderer (4096 tiles created)
09-23 18:14:33.800 I/godot   (29391): [ROOM] Registered baked atlas page 28 as source 126 on voxel_renderer (586 tiles created)
09-23 18:14:33.827 I/godot   (29391): [ROOM] Registered baked atlas page 29 as source 127 on voxel_renderer (586 tiles created)
09-23 18:14:33.854 I/godot   (29391): [ROOM] Registered baked atlas page 30 as source 128 on voxel_renderer (586 tiles created)
09-23 18:14:33.882 I/godot   (29391): [ROOM] Registered baked atlas page 31 as source 129 on voxel_renderer (586 tiles created)
09-23 18:14:33.909 I/godot   (29391): [ROOM] Registered baked atlas page 32 as source 130 on voxel_renderer (586 tiles created)
09-23 18:14:33.936 I/godot   (29391): [ROOM] Registered baked atlas page 33 as source 131 on voxel_renderer (586 tiles created)
09-23 18:14:33.963 I/godot   (29391): [ROOM] Registered baked atlas page 34 as source 132 on voxel_renderer (586 tiles created)
09-23 18:14:33.990 I/godot   (29391): [ROOM] Registered baked atlas page 35 as source 133 on voxel_renderer (586 tiles created)
09-23 18:14:33.991 I/godot   (29391): [VOXEL] Baked lookup set: registered
09-23 18:14:34.013 I/godot   (29391): [BAKE] Disk cache HIT: loaded 1ff64de9
09-23 18:14:34.781 I/godot   (29391): [D33] composite page: 3584 tile(s) created up front in 738.0 ms
09-23 18:14:34.792 I/godot   (29391): [BAKE] Disk cache HIT: loaded 79f4f5e8
09-23 18:14:34.795 I/godot   (29391): [BAKE] Disk cache HIT: loaded c5a3ab77
09-23 18:14:34.798 I/godot   (29391): [BAKE] Disk cache HIT: loaded 38139423
09-23 18:14:34.801 I/godot   (29391): [BAKE] Disk cache HIT: loaded 66da5472
09-23 18:14:34.804 I/godot   (29391): [BAKE] Disk cache HIT: loaded e4993765
09-23 18:14:34.807 I/godot   (29391): [BAKE] Disk cache HIT: loaded 689fb62e
09-23 18:14:34.811 I/godot   (29391): [BAKE] Disk cache HIT: loaded 6705897f
09-23 18:14:34.813 I/godot   (29391): [BAKE] Disk cache HIT: loaded f45df950
09-23 18:14:34.816 I/godot   (29391): [BAKE] Disk cache HIT: loaded a69e54c4
09-23 18:14:34.819 I/godot   (29391): [BAKE] Disk cache HIT: loaded 789ec235
09-23 18:14:34.822 I/godot   (29391): [BAKE] Disk cache HIT: loaded 7ae0a8c2
09-23 18:14:34.826 I/godot   (29391): [BAKE] Disk cache HIT: loaded e19baabe
09-23 18:14:34.830 I/godot   (29391): [BAKE] Disk cache HIT: loaded 3323d2cf
09-23 18:14:34.833 I/godot   (29391): [BAKE] Disk cache HIT: loaded 14a1b0e0
09-23 18:14:34.838 I/godot   (29391): [BAKE] Disk cache HIT: loaded 312a1305
09-23 18:14:34.844 I/godot   (29391): [BAKE] Disk cache HIT: loaded a6443a14
09-23 18:14:34.846 I/godot   (29391): [BAKE] Disk cache HIT: loaded de99e143
09-23 18:14:34.849 I/godot   (29391): [BAKE] Disk cache HIT: loaded f582f5c8
09-23 18:14:34.852 I/godot   (29391): [BAKE] Disk cache HIT: loaded c18fa5c9
09-23 18:14:34.857 I/godot   (29391): [BAKE] Disk cache HIT: loaded 75160ea6
09-23 18:14:34.861 I/godot   (29391): [BAKE] Disk cache HIT: loaded 4d745b00
09-23 18:14:34.864 I/godot   (29391): [BAKE] Disk cache HIT: loaded baeabe01
09-23 18:14:34.867 I/godot   (29391): [BAKE] Disk cache HIT: loaded 535489de
09-23 18:14:34.871 I/godot   (29391): [BAKE] Disk cache HIT: loaded 3e4f2802
09-23 18:14:34.875 I/godot   (29391): [BAKE] Disk cache HIT: loaded 8f879e33
09-23 18:14:34.878 I/godot   (29391): [BAKE] Disk cache HIT: loaded e5158604
09-23 18:14:34.882 I/godot   (29391): [BAKE] Disk cache HIT: loaded bda6b76f
09-23 18:14:34.885 I/godot   (29391): [BAKE] Disk cache HIT: loaded 6ae15ade
09-23 18:14:34.889 I/godot   (29391): [BAKE] Disk cache HIT: loaded d2778f01
09-23 18:14:34.892 I/godot   (29391): [BAKE] Disk cache HIT: loaded 8acb8dbd
09-23 18:14:34.895 I/godot   (29391): [BAKE] Disk cache HIT: loaded f8179f2c
09-23 18:14:34.898 I/godot   (29391): [BAKE] Disk cache HIT: loaded c3776c5b
09-23 18:14:34.901 I/godot   (29391): [BAKE] Disk cache HIT: loaded ddea6eff
09-23 18:14:34.905 I/godot   (29391): [BAKE] Disk cache HIT: loaded df849bae
09-23 18:14:34.907 I/godot   (29391): [BAKE] Disk cache HIT: loaded 4b738391
09-23 18:14:34.910 I/godot   (29391): [BAKE] Disk cache HIT: loaded 310dc82c
09-23 18:14:34.913 I/godot   (29391): [BAKE] Disk cache HIT: loaded c3c1b6bd
09-23 18:14:34.916 I/godot   (29391): [BAKE] Disk cache HIT: loaded 2a46d30a
09-23 18:14:34.919 I/godot   (29391): [BAKE] Disk cache HIT: loaded fdc7ddf1
09-23 18:14:34.922 I/godot   (29391): [BAKE] Disk cache HIT: loaded 0fb2e0b0
09-23 18:14:34.924 I/godot   (29391): [BAKE] Disk cache HIT: loaded db12addf
09-23 18:14:34.927 I/godot   (29391): [BAKE] Disk cache HIT: loaded 4f78b87f
09-23 18:14:34.930 I/godot   (29391): [BAKE] Disk cache HIT: loaded 5112e52e
09-23 18:14:34.933 I/godot   (29391): [BAKE] Disk cache HIT: loaded bd01cd11
09-23 18:14:34.936 I/godot   (29391): [BAKE] Disk cache HIT: loaded 75a5bc1d
09-23 18:14:34.939 I/godot   (29391): [BAKE] Disk cache HIT: loaded 564b730c
09-23 18:14:34.943 I/godot   (29391): [BAKE] Disk cache HIT: loaded a1ac09bb
09-23 18:14:34.946 I/godot   (29391): [BAKE] Disk cache HIT: loaded 62ea1cf0
09-23 18:14:34.949 I/godot   (29391): [BAKE] Disk cache HIT: loaded 50ff1a31
09-23 18:14:34.952 I/godot   (29391): [BAKE] Disk cache HIT: loaded dc23f14e
09-23 18:14:34.955 I/godot   (29391): [BAKE] Disk cache HIT: loaded 8b168722
09-23 18:14:34.957 I/godot   (29391): [BAKE] Disk cache HIT: loaded dd8c31d3
09-23 18:14:34.961 I/godot   (29391): [BAKE] Disk cache HIT: loaded 31dce524
09-23 18:14:34.964 I/godot   (29391): [BAKE] Disk cache HIT: loaded dbe61180
09-23 18:14:34.967 I/godot   (29391): [BAKE] Disk cache HIT: loaded 495c7481
09-23 18:14:34.970 I/godot   (29391): [BAKE] Disk cache HIT: loaded e1c6405e
09-23 18:14:34.974 I/godot   (29391): [BAKE] Disk cache HIT: loaded 266b01ab
09-23 18:14:34.977 I/godot   (29391): [BAKE] Disk cache HIT: loaded 53a66e9a
09-23 18:14:34.980 I/godot   (29391): [BAKE] Disk cache HIT: loaded d31dba8d
09-23 18:14:34.983 I/godot   (29391): [BAKE] Disk cache HIT: loaded 4da47f86
09-23 18:14:34.985 I/godot   (29391): [BAKE] Disk cache HIT: loaded ec09bbb7
09-23 18:14:34.988 I/godot   (29391): [BAKE] Disk cache HIT: loaded a05b0628
09-23 18:14:34.991 I/godot   (29391): [BAKE] Disk cache HIT: loaded 2ad8f476
09-23 18:14:34.994 I/godot   (29391): [BAKE] Disk cache HIT: loaded 7655f6e7
09-23 18:14:34.997 I/godot   (29391): [BAKE] Disk cache HIT: loaded aaa677d8
09-23 18:14:35.000 I/godot   (29391): [BAKE] Disk cache HIT: loaded 93993437
09-23 18:14:35.003 I/godot   (29391): [BAKE] Disk cache HIT: loaded f533f806
09-23 18:14:35.006 I/godot   (29391): [BAKE] Disk cache HIT: loaded 953399a9
09-23 18:14:35.009 I/godot   (29391): [BAKE] Disk cache HIT: loaded 0fc056b1
09-23 18:14:35.011 I/godot   (29391): [BAKE] Disk cache HIT: loaded 21ab5970
09-23 18:14:35.014 I/godot   (29391): [BAKE] Disk cache HIT: loaded ed0b269f
09-23 18:14:35.017 I/godot   (29391): [BAKE] Disk cache HIT: loaded 9b8ed3b4
09-23 18:14:35.019 I/godot   (29391): [BAKE] Disk cache HIT: loaded 99ce5225
09-23 18:14:35.022 I/godot   (29391): [BAKE] Disk cache HIT: loaded 48889b32
09-23 18:14:35.025 I/godot   (29391): [BAKE] Disk cache HIT: loaded 1a067eca
09-23 18:14:35.028 I/godot   (29391): [BAKE] Disk cache HIT: loaded ec2d411b
09-23 18:14:35.031 I/godot   (29391): [BAKE] Disk cache HIT: loaded 4d0c84ec
09-23 18:14:35.034 I/godot   (29391): [BAKE] Disk cache HIT: loaded 0054ff2c
09-23 18:14:35.036 I/godot   (29391): [BAKE] Disk cache HIT: loaded 9308edbd
09-23 18:14:35.039 I/godot   (29391): [BAKE] Disk cache HIT: loaded f98e0a0a
09-23 18:14:35.042 I/godot   (29391): [BAKE] Disk cache HIT: loaded bcf9043b
09-23 18:14:35.045 I/godot   (29391): [BAKE] Disk cache HIT: loaded ead241ea
09-23 18:14:35.048 I/godot   (29391): [BAKE] Disk cache HIT: loaded 90f2b69d
09-23 18:14:35.051 I/godot   (29391): [BAKE] Disk cache HIT: loaded 9e92ca16
09-23 18:14:35.053 I/godot   (29391): [BAKE] Disk cache HIT: loaded 101b2487
09-23 18:14:35.056 I/godot   (29391): [BAKE] Disk cache HIT: loaded caa027f8
09-23 18:14:35.059 I/godot   (29391): [BAKE] Disk cache HIT: loaded db3c5d88
09-23 18:14:35.062 I/godot   (29391): [BAKE] Disk cache HIT: loaded a7490d89
09-23 18:14:35.065 I/godot   (29391): [BAKE] Disk cache HIT: loaded b387b366
09-23 18:14:35.068 I/godot   (29391): [BAKE] Disk cache HIT: loaded d51907ad
09-23 18:14:35.070 I/godot   (29391): [BAKE] Disk cache HIT: loaded c303b35c
09-23 18:14:35.073 I/godot   (29391): [BAKE] Disk cache HIT: loaded 0dc4e64b
09-23 18:14:35.076 I/godot   (29391): [BAKE] Disk cache HIT: loaded 6f0d800b
09-23 18:14:35.078 I/godot   (29391): [BAKE] Disk cache HIT: loaded 988e09fa
09-23 18:14:35.081 I/godot   (29391): [BAKE] Disk cache HIT: loaded 3661a16d
09-23 18:14:35.085 I/godot   (29391): [BAKE] Disk cache HIT: loaded 00714a05
09-23 18:14:35.087 I/godot   (29391): [BAKE] Disk cache HIT: loaded 758b7114
09-23 18:14:35.090 I/godot   (29391): [BAKE] Disk cache HIT: loaded ade11843
09-23 18:14:35.093 I/godot   (29391): [BAKE] Disk cache HIT: loaded c99c60fa
09-23 18:14:35.095 I/godot   (29391): [BAKE] Disk cache HIT: loaded a01bd70b
09-23 18:14:35.098 I/godot   (29391): [BAKE] Disk cache HIT: loaded 555aa41c
09-23 18:14:35.101 I/godot   (29391): [BAKE] Disk cache HIT: loaded d172d041
09-23 18:14:35.104 I/godot   (29391): [BAKE] Disk cache HIT: loaded 0b443040
09-23 18:14:35.106 I/godot   (29391): [BAKE] Disk cache HIT: loaded 63e9bbaf
09-23 18:14:35.109 I/godot   (29391): [BAKE] Disk cache HIT: loaded 7dc14c67
09-23 18:14:35.112 I/godot   (29391): [BAKE] Disk cache HIT: loaded 324449f6
09-23 18:14:35.115 I/godot   (29391): [BAKE] Disk cache HIT: loaded febd1799
09-23 18:14:35.118 I/godot   (29391): [BAKE] Disk cache HIT: loaded 80070612
09-23 18:14:35.121 I/godot   (29391): [BAKE] Disk cache HIT: loaded d27cb0c3
09-23 18:14:35.125 I/godot   (29391): [BAKE] Disk cache HIT: loaded 9a270994
09-23 18:14:35.128 I/godot   (29391): [BAKE] Disk cache HIT: loaded 408a168c
09-23 18:14:35.131 I/godot   (29391): [BAKE] Disk cache HIT: loaded 5fe45f9d
09-23 18:14:35.134 I/godot   (29391): [BAKE] Disk cache HIT: loaded b9c3eaea
09-23 18:14:35.136 I/godot   (29391): [BAKE] Disk cache HIT: loaded fb0049ea
09-23 18:14:35.139 I/godot   (29391): [BAKE] Disk cache HIT: loaded cd270c3b
09-23 18:14:35.142 I/godot   (29391): [BAKE] Disk cache HIT: loaded 81c6758c
09-23 18:14:35.145 I/godot   (29391): [BAKE] Disk cache HIT: loaded 725b1a95
09-23 18:14:35.148 I/godot   (29391): [BAKE] Disk cache HIT: loaded f41ad2a4
09-23 18:14:35.151 I/godot   (29391): [BAKE] Disk cache HIT: loaded 9fca1f53
09-23 18:14:35.154 I/godot   (29391): [BAKE] Disk cache HIT: loaded 3ce87820
09-23 18:14:35.156 I/godot   (29391): [BAKE] Disk cache HIT: loaded aa5edb21
09-23 18:14:35.160 I/godot   (29391): [BAKE] Disk cache HIT: loaded dd6945fe
09-23 18:14:35.163 I/godot   (29391): [BAKE] Disk cache HIT: loaded 375c7783
09-23 18:14:35.165 I/godot   (29391): [BAKE] Disk cache HIT: loaded e4e6ccd2
09-23 18:14:35.168 I/godot   (29391): [BAKE] Disk cache HIT: loaded 89eca945
09-23 18:14:35.171 I/godot   (29391): [BAKE] Disk cache HIT: loaded 6f1c8b0d
09-23 18:14:35.174 I/godot   (29391): [BAKE] Disk cache HIT: loaded cf23a7bc
09-23 18:14:35.177 I/godot   (29391): [BAKE] Disk cache HIT: loaded c269d22b
09-23 18:14:35.180 I/godot   (29391): [BAKE] Disk cache HIT: loaded a2f6a7a8
09-23 18:14:35.183 I/godot   (29391): [BAKE] Disk cache HIT: loaded f03fc2a9
09-23 18:14:35.186 I/godot   (29391): [BAKE] Disk cache HIT: loaded 50402106
09-23 18:14:35.188 I/godot   (29391): [BAKE] Disk cache HIT: loaded 170da79e
09-23 18:14:35.191 I/godot   (29391): [BAKE] Disk cache HIT: loaded 69d3042f
09-23 18:14:35.194 I/godot   (29391): [BAKE] Disk cache HIT: loaded 112d78c0
09-23 18:14:35.196 I/godot   (29391): [BAKE] Disk cache HIT: loaded 0bea3be0
09-23 18:14:35.199 I/godot   (29391): [BAKE] Disk cache HIT: loaded 79609ee1
09-23 18:14:35.202 I/godot   (29391): [BAKE] Disk cache HIT: loaded d8e435be
09-23 18:14:35.205 I/godot   (29391): [BAKE] Disk cache HIT: loaded c2f0fe17
09-23 18:14:35.208 I/godot   (29391): [BAKE] Disk cache HIT: loaded d0ca0966
09-23 18:14:35.211 I/godot   (29391): [BAKE] Disk cache HIT: loaded c48b6389
09-23 18:14:35.214 I/godot   (29391): [BAKE] Disk cache HIT: loaded f42ffe0a
09-23 18:14:35.216 I/godot   (29391): [BAKE] Disk cache HIT: loaded c656c05b
09-23 18:14:35.219 I/godot   (29391): [BAKE] Disk cache HIT: loaded faf6f32c
09-23 18:14:35.222 I/godot   (29391): [BAKE] Disk cache HIT: loaded 8e459ee2
09-23 18:14:35.225 I/godot   (29391): [BAKE] Disk cache HIT: loaded e0bb4993
09-23 18:14:35.228 I/godot   (29391): [BAKE] Disk cache HIT: loaded 350bfce4
09-23 18:14:35.231 I/godot   (29391): [BAKE] Disk cache HIT: loaded 22b77a14
09-23 18:14:35.234 I/godot   (29391): [BAKE] Disk cache HIT: loaded ad9d5305
09-23 18:14:35.237 I/godot   (29391): [BAKE] Disk cache HIT: loaded 08977692
09-23 18:14:35.240 I/godot   (29391): [BAKE] Disk cache HIT: loaded 2b3ac651
09-23 18:14:35.242 I/godot   (29391): [BAKE] Disk cache HIT: loaded 4b0a2190
09-23 18:14:35.246 I/godot   (29391): [BAKE] Disk cache HIT: loaded 1669eebf
09-23 18:14:35.249 I/godot   (29391): [BAKE] Disk cache HIT: loaded ddd178df
09-23 18:14:35.251 I/godot   (29391): [BAKE] Disk cache HIT: loaded 8bab800e
09-23 18:14:35.254 I/godot   (29391): [BAKE] Disk cache HIT: loaded 0086a8f1
09-23 18:14:35.257 I/godot   (29391): [BAKE] Disk cache HIT: loaded 078ff8c9
09-23 18:14:35.259 I/godot   (29391): [BAKE] Disk cache HIT: loaded 3b8348c8
09-23 18:14:35.262 I/godot   (29391): [BAKE] Disk cache HIT: loaded 05f59357
09-23 18:14:35.265 I/godot   (29391): [BAKE] Disk cache HIT: loaded fa29a4f6
09-23 18:14:35.268 I/godot   (29391): [BAKE] Disk cache HIT: loaded 45a6a767
09-23 18:14:35.270 I/godot   (29391): [BAKE] Disk cache HIT: loaded 79f72858
09-23 18:14:35.273 I/godot   (29391): [BAKE] Disk cache HIT: loaded c43fb14b
09-23 18:14:35.276 I/godot   (29391): [BAKE] Disk cache HIT: loaded 72b7893a
09-23 18:14:35.279 I/godot   (29391): [BAKE] Disk cache HIT: loaded 8b93d2ad
09-23 18:14:35.282 I/godot   (29391): [BAKE] Disk cache HIT: loaded 3c0fdd7d
09-23 18:14:35.285 I/godot   (29391): [BAKE] Disk cache HIT: loaded 50a3b1ec
09-23 18:14:35.287 I/godot   (29391): [BAKE] Disk cache HIT: loaded efc46e1b
09-23 18:14:35.290 I/godot   (29391): [BAKE] Disk cache HIT: loaded 5d243053
09-23 18:14:35.293 I/godot   (29391): [BAKE] Disk cache HIT: loaded 0aae85a2
09-23 18:14:35.295 I/godot   (29391): [BAKE] Disk cache HIT: loaded 2fb52b95
09-23 18:14:35.298 I/godot   (29391): [BAKE] Disk cache HIT: loaded dcc1c5e6
09-23 18:14:35.301 I/godot   (29391): [BAKE] Disk cache HIT: loaded cee8ba97
09-23 18:14:35.304 I/godot   (29391): [BAKE] Disk cache HIT: loaded 04767008
09-23 18:14:35.307 I/godot   (29391): [BAKE] Disk cache HIT: loaded e8344460
09-23 18:14:35.310 I/godot   (29391): [BAKE] Disk cache HIT: loaded 55aaa761
09-23 18:14:35.313 I/godot   (29391): [BAKE] Disk cache HIT: loaded b52e3e3e
09-23 18:14:35.316 I/godot   (29391): [BAKE] Disk cache HIT: loaded 3ac39f1e
09-23 18:14:35.319 I/godot   (29391): [BAKE] Disk cache HIT: loaded 8d88fbaf
09-23 18:14:35.322 I/godot   (29391): [BAKE] Disk cache HIT: loaded 34e37040
09-23 18:14:35.325 I/godot   (29391): [BAKE] Disk cache HIT: loaded ae9fd721
09-23 18:14:35.328 I/godot   (29391): [BAKE] Disk cache HIT: loaded 41297420
09-23 18:14:35.331 I/godot   (29391): [BAKE] Disk cache HIT: loaded 8beaa70f
09-23 18:14:35.334 I/godot   (29391): [BAKE] Disk cache HIT: loaded 991789cc
09-23 18:14:35.337 I/godot   (29391): [BAKE] Disk cache HIT: loaded b871d2dd
09-23 18:14:35.340 I/godot   (29391): [BAKE] Disk cache HIT: loaded b999212a
09-23 18:14:35.343 I/godot   (29391): [BAKE] Disk cache HIT: loaded 5e0bedbc
09-23 18:14:35.346 I/godot   (29391): [BAKE] Disk cache HIT: loaded fe04d10d
09-23 18:14:35.349 I/godot   (29391): [BAKE] Disk cache HIT: loaded 7e8d851a
09-23 18:14:35.352 I/godot   (29391): [BAKE] Disk cache HIT: loaded f0cbacc5
09-23 18:14:35.355 I/godot   (29391): [BAKE] Disk cache HIT: loaded 65e5d3d4
09-23 18:14:35.358 I/godot   (29391): [BAKE] Disk cache HIT: loaded 9e3b7b03
09-23 18:14:35.361 I/godot   (29391): [BAKE] Disk cache HIT: loaded fe7ed17f
09-23 18:14:35.364 I/godot   (29391): [BAKE] Disk cache HIT: loaded 0018fe2e
09-23 18:14:35.367 I/godot   (29391): [BAKE] Disk cache HIT: loaded 6c07e611
09-23 18:14:35.370 I/godot   (29391): [BAKE] Disk cache HIT: loaded f8617f42
09-23 18:14:35.373 I/godot   (29391): [BAKE] Disk cache HIT: loaded a2523273
09-23 18:14:35.376 I/godot   (29391): [BAKE] Disk cache HIT: loaded 241f2b44
09-23 18:14:35.379 I/godot   (29391): [BAKE] Disk cache HIT: loaded 43e30398
09-23 18:14:35.382 I/godot   (29391): [BAKE] Disk cache HIT: loaded 908e4dd9
09-23 18:14:35.385 I/godot   (29391): [BAKE] Disk cache HIT: loaded 1ccdbd36
09-23 18:14:35.388 I/godot   (29391): [BAKE] Disk cache HIT: loaded 9bc17792
09-23 18:14:35.391 I/godot   (29391): [BAKE] Disk cache HIT: loaded ee372243
09-23 18:14:35.394 I/godot   (29391): [BAKE] Disk cache HIT: loaded b5e17b14
09-23 18:14:35.396 I/godot   (29391): [BAKE] Disk cache HIT: loaded 8af654d1
09-23 18:14:35.399 I/godot   (29391): [BAKE] Disk cache HIT: loaded aac5b010
09-23 18:14:35.402 I/godot   (29391): [BAKE] Disk cache HIT: loaded 76257d3f
09-23 18:14:35.405 I/godot   (29391): [BAKE] Disk cache HIT: loaded 97f724ec
09-23 18:14:35.407 I/godot   (29391): [BAKE] Disk cache HIT: loaded 8363507d
09-23 18:14:35.410 I/godot   (29391): [BAKE] Disk cache HIT: loaded 64f11eca
09-23 18:14:35.413 I/godot   (29391): [BAKE] Disk cache HIT: loaded 02300d3e
09-23 18:14:35.416 I/godot   (29391): [BAKE] Disk cache HIT: loaded 53b8354f
09-23 18:14:35.418 I/godot   (29391): [BAKE] Disk cache HIT: loaded 35361360
09-23 18:14:35.422 I/godot   (29391): [BAKE] Disk cache HIT: loaded cc7a3463
09-23 18:14:35.425 I/godot   (29391): [BAKE] Disk cache HIT: loaded cf01e3b2
09-23 18:14:35.428 I/godot   (29391): [BAKE] Disk cache HIT: loaded 20479aa5
09-23 18:14:35.431 I/godot   (29391): [BAKE] Disk cache HIT: loaded a4e028c1
09-23 18:14:35.433 I/godot   (29391): [BAKE] Disk cache HIT: loaded deb188c0
09-23 18:14:35.436 I/godot   (29391): [BAKE] Disk cache HIT: loaded 3757142f
09-23 18:14:35.439 I/godot   (29391): [BAKE] Disk cache HIT: loaded 37935b73
09-23 18:14:35.442 I/godot   (29391): [BAKE] Disk cache HIT: loaded 8da2a842
09-23 18:14:35.445 I/godot   (29391): [BAKE] Disk cache HIT: loaded 8b60c1b5
09-23 18:14:35.448 I/godot   (29391): [BAKE] Disk cache HIT: loaded 02b23628
09-23 18:14:35.451 I/godot   (29391): [BAKE] Disk cache HIT: loaded 4ffb5129
09-23 18:14:35.454 I/godot   (29391): [BAKE] Disk cache HIT: loaded affbaf86
09-23 18:14:35.456 I/godot   (29391): [BAKE] Disk cache HIT: loaded b9cd8a6b
09-23 18:14:35.459 I/godot   (29391): [BAKE] Disk cache HIT: loaded e708f75a
09-23 18:14:35.462 I/godot   (29391): [BAKE] Disk cache HIT: loaded 0dc8064d
09-23 18:14:35.465 I/godot   (29391): [BAKE] Disk cache HIT: loaded cefc66e9
09-23 18:14:35.468 I/godot   (29391): [BAKE] Disk cache HIT: loaded 28fb0ee8
09-23 18:14:35.471 I/godot   (29391): [BAKE] Disk cache HIT: loaded 74a9c477
09-23 18:14:35.474 I/godot   (29391): [BAKE] Disk cache HIT: loaded 4a4da5e4
09-23 18:14:35.477 I/godot   (29391): [BAKE] Disk cache HIT: loaded 21462ad5
09-23 18:14:35.480 I/godot   (29391): [BAKE] Disk cache HIT: loaded a38747e2
09-23 18:14:35.483 I/godot   (29391): [BAKE] Disk cache HIT: loaded 72002296
09-23 18:14:35.486 I/godot   (29391): [BAKE] Disk cache HIT: loaded e3887d07
09-23 18:14:35.489 I/godot   (29391): [BAKE] Disk cache HIT: loaded 9e0d8078
09-23 18:14:35.492 I/godot   (29391): [BAKE] Disk cache HIT: loaded b7494534
09-23 18:14:35.495 I/godot   (29391): [BAKE] Disk cache HIT: loaded b588c3a5
09-23 18:14:35.498 I/godot   (29391): [BAKE] Disk cache HIT: loaded 64430cb2
09-23 18:14:35.501 I/godot   (29391): [BAKE] Disk cache HIT: loaded cae2dc07
09-23 18:14:35.504 I/godot   (29391): [BAKE] Disk cache HIT: loaded 595a8196
09-23 18:14:35.507 I/godot   (29391): [BAKE] Disk cache HIT: loaded b279a9b9
09-23 18:14:35.510 I/godot   (29391): [BAKE] Disk cache HIT: loaded de015d02
09-23 18:14:35.513 I/godot   (29391): [BAKE] Disk cache HIT: loaded 2f39d333
09-23 18:14:35.516 I/godot   (29391): [BAKE] Disk cache HIT: loaded 84c7bb04
09-23 18:14:35.519 I/godot   (29391): [BAKE] Disk cache HIT: loaded 9925edef
09-23 18:14:35.522 I/godot   (29391): [BAKE] Disk cache HIT: loaded 4660915e
09-23 18:14:35.525 I/godot   (29391): [BAKE] Disk cache HIT: loaded adf6c581
09-23 18:14:35.528 I/godot   (29391): [BAKE] Disk cache HIT: loaded db105109
09-23 18:14:35.530 I/godot   (29391): [BAKE] Disk cache HIT: loaded 0f03a108
09-23 18:14:35.533 I/godot   (29391): [BAKE] Disk cache HIT: loaded d975eb97
09-23 18:14:35.536 I/godot   (29391): [BAKE] Disk cache HIT: loaded 78a85bfc
09-23 18:14:35.539 I/godot   (29391): [BAKE] Disk cache HIT: loaded 18a13f4d
09-23 18:14:35.542 I/godot   (29391): [BAKE] Disk cache HIT: loaded f1e2305a
09-23 18:14:35.545 I/godot   (29391): [BAKE] Disk cache HIT: loaded 4d0a65c2
09-23 18:14:35.548 I/godot   (29391): [BAKE] Disk cache HIT: loaded f6fb18f3
09-23 18:14:35.551 I/godot   (29391): [BAKE] Disk cache HIT: loaded 78c811c4
09-23 18:14:35.554 I/godot   (29391): [BAKE] Disk cache HIT: loaded a78c2364
09-23 18:14:35.556 I/godot   (29391): [BAKE] Disk cache HIT: loaded 7e84a855
09-23 18:14:35.559 I/godot   (29391): [BAKE] Disk cache HIT: loaded 00c5c562
09-23 18:14:35.562 I/godot   (29391): [BAKE] Disk cache HIT: loaded 2db3fd43
09-23 18:14:35.565 I/godot   (29391): [BAKE] Disk cache HIT: loaded db3e5292
09-23 18:14:35.568 I/godot   (29391): [BAKE] Disk cache HIT: loaded 80442f05
09-23 18:14:35.571 I/godot   (29391): [BAKE] Disk cache HIT: loaded 94daf0a6
09-23 18:14:35.574 I/godot   (29391): [BAKE] Disk cache HIT: loaded dfba2257
09-23 18:14:35.577 I/godot   (29391): [BAKE] Disk cache HIT: loaded 1547d7c8
09-23 18:14:35.579 I/godot   (29391): [BAKE] Disk cache HIT: loaded 441eecae
09-23 18:14:35.582 I/godot   (29391): [BAKE] Disk cache HIT: loaded 4284bfff
09-23 18:14:35.585 I/godot   (29391): [BAKE] Disk cache HIT: loaded cfdd2fd0
09-23 18:14:35.588 I/godot   (29391): [BAKE] Disk cache HIT: loaded 3822d120
09-23 18:14:35.591 I/godot   (29391): [BAKE] Disk cache HIT: loaded a5993421
09-23 18:14:35.594 I/godot   (29391): [BAKE] Disk cache HIT: loaded d8a39efe
09-23 18:14:35.597 I/godot   (29391): [BAKE] Disk cache HIT: loaded 7dbcbe55
09-23 18:14:35.599 I/godot   (29391): [BAKE] Disk cache HIT: loaded a6c43964
09-23 18:14:35.602 I/godot   (29391): [BAKE] Disk cache HIT: loaded 52738613
09-23 18:14:35.605 I/godot   (29391): [BAKE] Disk cache HIT: loaded 21231ae3
09-23 18:14:35.608 I/godot   (29391): [BAKE] Disk cache HIT: loaded 23aaca32
09-23 18:14:35.610 I/godot   (29391): [BAKE] Disk cache HIT: loaded 74f08125
09-23 18:14:35.613 I/godot   (29391): [BAKE] Disk cache HIT: loaded 3b0bc8dd
09-23 18:14:35.616 I/godot   (29391): [BAKE] Disk cache HIT: loaded 1bb17fcc
09-23 18:14:35.618 I/godot   (29391): [BAKE] Disk cache HIT: loaded 0e59d97b
09-23 18:14:35.621 I/godot   (29391): [BAKE] Disk cache HIT: loaded dd5561a2
09-23 18:14:35.624 I/godot   (29391): [BAKE] Disk cache HIT: loaded 2fcb0c53
09-23 18:14:35.627 I/godot   (29391): [BAKE] Disk cache HIT: loaded 841bbfa4
09-23 18:14:35.630 I/godot   (29391): [BAKE] Disk cache HIT: loaded 269bba47
09-23 18:14:35.633 I/godot   (29391): [BAKE] Disk cache HIT: loaded b5135fd6
09-23 18:14:35.635 I/godot   (29391): [BAKE] Disk cache HIT: loaded b57a4af9
09-23 18:14:35.638 I/godot   (29391): [BAKE] Disk cache HIT: loaded e5a9a719
09-23 18:14:35.641 I/godot   (29391): [BAKE] Disk cache HIT: loaded 98fe5cd8
09-23 18:14:35.643 I/godot   (29391): [BAKE] Disk cache HIT: loaded 64addbe7
09-23 18:14:35.646 I/godot   (29391): [BAKE] Disk cache HIT: loaded 0146d99f
09-23 18:14:35.649 I/godot   (29391): [BAKE] Disk cache HIT: loaded af20e0ce
09-23 18:14:35.651 I/godot   (29391): [BAKE] Disk cache HIT: loaded 23fc09b1
09-23 18:14:35.654 I/godot   (29391): [BAKE] Disk cache HIT: loaded 7fa109ba
09-23 18:14:35.657 I/godot   (29391): [BAKE] Disk cache HIT: loaded d12931cb
09-23 18:14:35.659 I/godot   (29391): [BAKE] Disk cache HIT: loaded 8667fedc
09-23 18:14:35.662 I/godot   (29391): [BAKE] Disk cache HIT: loaded 9ef68c64
09-23 18:14:35.665 I/godot   (29391): [BAKE] Disk cache HIT: loaded 75ef1155
09-23 18:14:35.668 I/godot   (29391): [BAKE] Disk cache HIT: loaded f8302e62
09-23 18:14:35.672 I/godot   (29391): [BAKE] Disk cache HIT: loaded 559ffcc2
09-23 18:14:35.674 I/godot   (29391): [BAKE] Disk cache HIT: loaded ff90aff3
09-23 18:14:35.677 I/godot   (29391): [BAKE] Disk cache HIT: loaded 815da8c4
09-23 18:14:35.680 I/godot   (29391): [BAKE] Disk cache HIT: loaded dd0a683d
09-23 18:14:35.683 I/godot   (29391): [BAKE] Disk cache HIT: loaded 4a5679ac
09-23 18:14:35.686 I/godot   (29391): [BAKE] Disk cache HIT: loaded 15b646db
09-23 18:14:35.689 I/godot   (29391): [BAKE] Disk cache HIT: loaded d973c668
09-23 18:14:35.692 I/godot   (29391): [BAKE] Disk cache HIT: loaded 7f751e69
09-23 18:14:35.695 I/godot   (29391): [BAKE] Disk cache HIT: loaded b2fc50c6
09-23 18:14:35.698 I/godot   (29391): [BAKE] Disk cache HIT: loaded 01598f48
09-23 18:14:35.701 I/godot   (29391): [BAKE] Disk cache HIT: loaded cd663f49
09-23 18:14:35.704 I/godot   (29391): [BAKE] Disk cache HIT: loaded 80eca826
09-23 18:14:35.706 I/godot   (29391): [BAKE] Disk cache MISS: file not found /data/data/com.example.infiltraitor/files/damage_atom_cache/dc910c0e.bin
09-23 18:14:35.708 I/godot   (29391): [BAKE] Disk cache MISS: file not found /data/data/com.example.infiltraitor/files/damage_atom_cache/2eb704df.bin
09-23 18:14:35.710 I/godot   (29391): [BAKE] Disk cache MISS: file not found /data/data/com.example.infiltraitor/files/damage_atom_cache/635737b0.bin
09-23 18:14:35.712 I/godot   (29391): [BAKE] Disk cache MISS: file not found /data/data/com.example.infiltraitor/files/damage_atom_cache/96667239.bin
09-23 18:14:35.713 I/godot   (29391): [BAKE] Disk cache MISS: file not found /data/data/com.example.infiltraitor/files/damage_atom_cache/6954a7f8.bin
09-23 18:14:35.715 I/godot   (29391): [BAKE] Disk cache MISS: file not found /data/data/com.example.infiltraitor/files/damage_atom_cache/aecfa487.bin
09-23 18:14:35.717 I/godot   (29391): [BAKE] Disk cache MISS: file not found /data/data/com.example.infiltraitor/files/damage_atom_cache/b6e72c0c.bin
09-23 18:14:35.719 I/godot   (29391): [BAKE] Disk cache MISS: file not found /data/data/com.example.infiltraitor/files/damage_atom_cache/d641751d.bin
09-23 18:14:35.720 I/godot   (29391): [BAKE] Disk cache MISS: file not found /data/data/com.example.infiltraitor/files/damage_atom_cache/3021006a.bin
09-23 18:14:35.722 I/godot   (29391): [BAKE] Disk cache MISS: file not found /data/data/com.example.infiltraitor/files/damage_atom_cache/3c0a4a83.bin
09-23 18:14:35.724 I/godot   (29391): [BAKE] Disk cache MISS: file not found /data/data/com.example.infiltraitor/files/damage_atom_cache/e9949fd2.bin
09-23 18:14:35.726 I/godot   (29391): [BAKE] Disk cache MISS: file not found /data/data/com.example.infiltraitor/files/damage_atom_cache/8e9a7c45.bin
09-23 18:14:35.728 I/godot   (29391): [BAKE] Disk cache MISS: file not found /data/data/com.example.infiltraitor/files/damage_atom_cache/96667239.bin
09-23 18:14:35.730 I/godot   (29391): [BAKE] Disk cache MISS: file not found /data/data/com.example.infiltraitor/files/damage_atom_cache/6954a7f8.bin
09-23 18:14:35.732 I/godot   (29391): [BAKE] Disk cache MISS: file not found /data/data/com.example.infiltraitor/files/damage_atom_cache/aecfa487.bin
09-23 18:14:35.733 I/godot   (29391): [BAKE] Disk cache MISS: file not found /data/data/com.example.infiltraitor/files/damage_atom_cache/b6e72c0c.bin
09-23 18:14:35.735 I/godot   (29391): [BAKE] Disk cache MISS: file not found /data/data/com.example.infiltraitor/files/damage_atom_cache/d641751d.bin
09-23 18:14:35.737 I/godot   (29391): [BAKE] Disk cache MISS: file not found /data/data/com.example.infiltraitor/files/damage_atom_cache/3021006a.bin
09-23 18:14:35.738 I/godot   (29391): [BAKE] Disk cache MISS: file not found /data/data/com.example.infiltraitor/files/damage_atom_cache/dc910c0e.bin
09-23 18:14:35.740 I/godot   (29391): [BAKE] Disk cache MISS: file not found /data/data/com.example.infiltraitor/files/damage_atom_cache/2eb704df.bin
09-23 18:14:35.742 I/godot   (29391): [BAKE] Disk cache MISS: file not found /data/data/com.example.infiltraitor/files/damage_atom_cache/635737b0.bin
09-23 18:14:35.744 I/godot   (29391): [BAKE] Disk cache MISS: file not found /data/data/com.example.infiltraitor/files/damage_atom_cache/96667239.bin
09-23 18:14:35.746 I/godot   (29391): [BAKE] Disk cache MISS: file not found /data/data/com.example.infiltraitor/files/damage_atom_cache/6954a7f8.bin
09-23 18:14:35.748 I/godot   (29391): [BAKE] Disk cache MISS: file not found /data/data/com.example.infiltraitor/files/damage_atom_cache/aecfa487.bin
09-23 18:14:35.750 I/godot   (29391): [BAKE] Disk cache MISS: file not found /data/data/com.example.infiltraitor/files/damage_atom_cache/b6e72c0c.bin
09-23 18:14:35.752 I/godot   (29391): [BAKE] Disk cache MISS: file not found /data/data/com.example.infiltraitor/files/damage_atom_cache/d641751d.bin
09-23 18:14:35.753 I/godot   (29391): [BAKE] Disk cache MISS: file not found /data/data/com.example.infiltraitor/files/damage_atom_cache/3021006a.bin
09-23 18:14:35.755 I/godot   (29391): [BAKE] Disk cache MISS: file not found /data/data/com.example.infiltraitor/files/damage_atom_cache/3c0a4a83.bin
09-23 18:14:35.757 I/godot   (29391): [BAKE] Disk cache MISS: file not found /data/data/com.example.infiltraitor/files/damage_atom_cache/e9949fd2.bin
09-23 18:14:35.759 I/godot   (29391): [BAKE] Disk cache MISS: file not found /data/data/com.example.infiltraitor/files/damage_atom_cache/8e9a7c45.bin
09-23 18:14:35.761 I/godot   (29391): [BAKE] Disk cache MISS: file not found /data/data/com.example.infiltraitor/files/damage_atom_cache/96667239.bin
09-23 18:14:35.763 I/godot   (29391): [BAKE] Disk cache MISS: file not found /data/data/com.example.infiltraitor/files/damage_atom_cache/6954a7f8.bin
09-23 18:14:35.764 I/godot   (29391): [BAKE] Disk cache MISS: file not found /data/data/com.example.infiltraitor/files/damage_atom_cache/aecfa487.bin
09-23 18:14:35.766 I/godot   (29391): [BAKE] Disk cache MISS: file not found /data/data/com.example.infiltraitor/files/damage_atom_cache/b6e72c0c.bin
09-23 18:14:35.768 I/godot   (29391): [BAKE] Disk cache MISS: file not found /data/data/com.example.infiltraitor/files/damage_atom_cache/d641751d.bin
09-23 18:14:35.769 I/godot   (29391): [BAKE] Disk cache MISS: file not found /data/data/com.example.infiltraitor/files/damage_atom_cache/3021006a.bin
09-23 18:14:35.771 I/godot   (29391): [BAKE] Disk cache MISS: file not found /data/data/com.example.infiltraitor/files/damage_atom_cache/dc910c0e.bin
09-23 18:14:35.773 I/godot   (29391): [BAKE] Disk cache MISS: file not found /data/data/com.example.infiltraitor/files/damage_atom_cache/2eb704df.bin
09-23 18:14:35.774 I/godot   (29391): [BAKE] Disk cache MISS: file not found /data/data/com.example.infiltraitor/files/damage_atom_cache/635737b0.bin
09-23 18:14:35.776 I/godot   (29391): [BAKE] Disk cache MISS: file not found /data/data/com.example.infiltraitor/files/damage_atom_cache/96667239.bin
09-23 18:14:35.777 I/godot   (29391): [BAKE] Disk cache MISS: file not found /data/data/com.example.infiltraitor/files/damage_atom_cache/6954a7f8.bin
09-23 18:14:35.779 I/godot   (29391): [BAKE] Disk cache MISS: file not found /data/data/com.example.infiltraitor/files/damage_atom_cache/aecfa487.bin
09-23 18:14:35.781 I/godot   (29391): [BAKE] Disk cache MISS: file not found /data/data/com.example.infiltraitor/files/damage_atom_cache/b6e72c0c.bin
09-23 18:14:35.783 I/godot   (29391): [BAKE] Disk cache MISS: file not found /data/data/com.example.infiltraitor/files/damage_atom_cache/d641751d.bin
09-23 18:14:35.785 I/godot   (29391): [BAKE] Disk cache MISS: file not found /data/data/com.example.infiltraitor/files/damage_atom_cache/3021006a.bin
09-23 18:14:35.786 I/godot   (29391): [BAKE] Disk cache MISS: file not found /data/data/com.example.infiltraitor/files/damage_atom_cache/3c0a4a83.bin
09-23 18:14:35.788 I/godot   (29391): [BAKE] Disk cache MISS: file not found /data/data/com.example.infiltraitor/files/damage_atom_cache/e9949fd2.bin
09-23 18:14:35.790 I/godot   (29391): [BAKE] Disk cache MISS: file not found /data/data/com.example.infiltraitor/files/damage_atom_cache/8e9a7c45.bin
09-23 18:14:35.791 I/godot   (29391): [BAKE] Disk cache MISS: file not found /data/data/com.example.infiltraitor/files/damage_atom_cache/96667239.bin
09-23 18:14:35.793 I/godot   (29391): [BAKE] Disk cache MISS: file not found /data/data/com.example.infiltraitor/files/damage_atom_cache/6954a7f8.bin
09-23 18:14:35.795 I/godot   (29391): [BAKE] Disk cache MISS: file not found /data/data/com.example.infiltraitor/files/damage_atom_cache/aecfa487.bin
09-23 18:14:35.796 I/godot   (29391): [BAKE] Disk cache MISS: file not found /data/data/com.example.infiltraitor/files/damage_atom_cache/b6e72c0c.bin
09-23 18:14:35.798 I/godot   (29391): [BAKE] Disk cache MISS: file not found /data/data/com.example.infiltraitor/files/damage_atom_cache/d641751d.bin
09-23 18:14:35.800 I/godot   (29391): [BAKE] Disk cache MISS: file not found /data/data/com.example.infiltraitor/files/damage_atom_cache/3021006a.bin
09-23 18:14:35.801 I/godot   (29391): [BAKE] Disk cache MISS: file not found /data/data/com.example.infiltraitor/files/damage_atom_cache/fa046aa8.bin
09-23 18:14:35.804 I/godot   (29391): [BAKE] Disk cache MISS: file not found /data/data/com.example.infiltraitor/files/damage_atom_cache/474d85a9.bin
09-23 18:14:35.806 I/godot   (29391): [BAKE] Disk cache MISS: file not found /data/data/com.example.infiltraitor/files/damage_atom_cache/a74de406.bin
09-23 18:14:35.808 I/godot   (29391): [BAKE] Disk cache MISS: file not found /data/data/com.example.infiltraitor/files/damage_atom_cache/112c1c4b.bin
09-23 18:14:35.810 I/godot   (29391): [BAKE] Disk cache MISS: file not found /data/data/com.example.infiltraitor/files/damage_atom_cache/bfa3f43a.bin
09-23 18:14:35.812 I/godot   (29391): [BAKE] Disk cache MISS: file not found /data/data/com.example.infiltraitor/files/damage_atom_cache/d8803dad.bin
09-23 18:14:35.813 I/godot   (29391): [BAKE] Disk cache MISS: file not found /data/data/com.example.infiltraitor/files/damage_atom_cache/bd68f70e.bin
09-23 18:14:35.815 I/godot   (29391): [BAKE] Disk cache MISS: file not found /data/data/com.example.infiltraitor/files/damage_atom_cache/0f8eefdf.bin
09-23 18:14:35.817 I/godot   (29391): [BAKE] Disk cache MISS: file not found /data/data/com.example.infiltraitor/files/damage_atom_cache/442f22b0.bin
09-23 18:14:35.819 I/godot   (29391): [BAKE] Disk cache MISS: file not found /data/data/com.example.infiltraitor/files/damage_atom_cache/6b0acc9d.bin
09-23 18:14:35.821 I/godot   (29391): [BAKE] Disk cache MISS: file not found /data/data/com.example.infiltraitor/files/damage_atom_cache/4bb0838c.bin
09-23 18:14:35.823 I/godot   (29391): [BAKE] Disk cache MISS: file not found /data/data/com.example.infiltraitor/files/damage_atom_cache/97111a3b.bin
09-23 18:14:35.825 I/godot   (29391): [BAKE] Disk cache MISS: file not found /data/data/com.example.infiltraitor/files/damage_atom_cache/112c1c4b.bin
09-23 18:14:35.826 I/godot   (29391): [BAKE] Disk cache MISS: file not found /data/data/com.example.infiltraitor/files/damage_atom_cache/bfa3f43a.bin
09-23 18:14:35.828 I/godot   (29391): [BAKE] Disk cache MISS: file not found /data/data/com.example.infiltraitor/files/damage_atom_cache/d8803dad.bin
09-23 18:14:35.829 I/godot   (29391): [BAKE] Disk cache MISS: file not found /data/data/com.example.infiltraitor/files/damage_atom_cache/bd68f70e.bin
09-23 18:14:35.831 I/godot   (29391): [BAKE] Disk cache MISS: file not found /data/data/com.example.infiltraitor/files/damage_atom_cache/0f8eefdf.bin
09-23 18:14:35.833 I/godot   (29391): [BAKE] Disk cache MISS: file not found /data/data/com.example.infiltraitor/files/damage_atom_cache/442f22b0.bin
09-23 18:14:35.834 I/godot   (29391): [BAKE] Disk cache MISS: file not found /data/data/com.example.infiltraitor/files/damage_atom_cache/fa046aa8.bin
09-23 18:14:35.836 I/godot   (29391): [BAKE] Disk cache MISS: file not found /data/data/com.example.infiltraitor/files/damage_atom_cache/474d85a9.bin
09-23 18:14:35.838 I/godot   (29391): [BAKE] Disk cache MISS: file not found /data/data/com.example.infiltraitor/files/damage_atom_cache/a74de406.bin
09-23 18:14:35.839 I/godot   (29391): [BAKE] Disk cache MISS: file not found /data/data/com.example.infiltraitor/files/damage_atom_cache/112c1c4b.bin
09-23 18:14:35.842 I/godot   (29391): [BAKE] Disk cache MISS: file not found /data/data/com.example.infiltraitor/files/damage_atom_cache/bfa3f43a.bin
09-23 18:14:35.843 I/godot   (29391): [BAKE] Disk cache MISS: file not found /data/data/com.example.infiltraitor/files/damage_atom_cache/d8803dad.bin
09-23 18:14:35.845 I/godot   (29391): [BAKE] Disk cache MISS: file not found /data/data/com.example.infiltraitor/files/damage_atom_cache/bd68f70e.bin
09-23 18:14:35.847 I/godot   (29391): [BAKE] Disk cache MISS: file not found /data/data/com.example.infiltraitor/files/damage_atom_cache/0f8eefdf.bin
09-23 18:14:35.849 I/godot   (29391): [BAKE] Disk cache MISS: file not found /data/data/com.example.infiltraitor/files/damage_atom_cache/442f22b0.bin
09-23 18:14:35.850 I/godot   (29391): [BAKE] Disk cache MISS: file not found /data/data/com.example.infiltraitor/files/damage_atom_cache/6b0acc9d.bin
09-23 18:14:35.852 I/godot   (29391): [BAKE] Disk cache MISS: file not found /data/data/com.example.infiltraitor/files/damage_atom_cache/4bb0838c.bin
09-23 18:14:35.854 I/godot   (29391): [BAKE] Disk cache MISS: file not found /data/data/com.example.infiltraitor/files/damage_atom_cache/97111a3b.bin
09-23 18:14:35.855 I/godot   (29391): [BAKE] Disk cache MISS: file not found /data/data/com.example.infiltraitor/files/damage_atom_cache/112c1c4b.bin
09-23 18:14:35.857 I/godot   (29391): [BAKE] Disk cache MISS: file not found /data/data/com.example.infiltraitor/files/damage_atom_cache/bfa3f43a.bin
09-23 18:14:35.858 I/godot   (29391): [BAKE] Disk cache MISS: file not found /data/data/com.example.infiltraitor/files/damage_atom_cache/d8803dad.bin
09-23 18:14:35.860 I/godot   (29391): [BAKE] Disk cache MISS: file not found /data/data/com.example.infiltraitor/files/damage_atom_cache/bd68f70e.bin
09-23 18:14:35.862 I/godot   (29391): [BAKE] Disk cache MISS: file not found /data/data/com.example.infiltraitor/files/damage_atom_cache/0f8eefdf.bin
09-23 18:14:35.864 I/godot   (29391): [BAKE] Disk cache MISS: file not found /data/data/com.example.infiltraitor/files/damage_atom_cache/442f22b0.bin
09-23 18:14:35.866 I/godot   (29391): [BAKE] Disk cache MISS: file not found /data/data/com.example.infiltraitor/files/damage_atom_cache/fa046aa8.bin
09-23 18:14:35.868 I/godot   (29391): [BAKE] Disk cache MISS: file not found /data/data/com.example.infiltraitor/files/damage_atom_cache/474d85a9.bin
09-23 18:14:35.869 I/godot   (29391): [BAKE] Disk cache MISS: file not found /data/data/com.example.infiltraitor/files/damage_atom_cache/a74de406.bin
09-23 18:14:35.871 I/godot   (29391): [BAKE] Disk cache MISS: file not found /data/data/com.example.infiltraitor/files/damage_atom_cache/112c1c4b.bin
09-23 18:14:35.872 I/godot   (29391): [BAKE] Disk cache MISS: file not found /data/data/com.example.infiltraitor/files/damage_atom_cache/bfa3f43a.bin
09-23 18:14:35.874 I/godot   (29391): [BAKE] Disk cache MISS: file not found /data/data/com.example.infiltraitor/files/damage_atom_cache/d8803dad.bin
09-23 18:14:35.876 I/godot   (29391): [BAKE] Disk cache MISS: file not found /data/data/com.example.infiltraitor/files/damage_atom_cache/bd68f70e.bin
09-23 18:14:35.877 I/godot   (29391): [BAKE] Disk cache MISS: file not found /data/data/com.example.infiltraitor/files/damage_atom_cache/0f8eefdf.bin
09-23 18:14:35.879 I/godot   (29391): [BAKE] Disk cache MISS: file not found /data/data/com.example.infiltraitor/files/damage_atom_cache/442f22b0.bin
09-23 18:14:35.881 I/godot   (29391): [BAKE] Disk cache MISS: file not found /data/data/com.example.infiltraitor/files/damage_atom_cache/6b0acc9d.bin
09-23 18:14:35.883 I/godot   (29391): [BAKE] Disk cache MISS: file not found /data/data/com.example.infiltraitor/files/damage_atom_cache/4bb0838c.bin
09-23 18:14:35.885 I/godot   (29391): [BAKE] Disk cache MISS: file not found /data/data/com.example.infiltraitor/files/damage_atom_cache/97111a3b.bin
09-23 18:14:35.887 I/godot   (29391): [BAKE] Disk cache MISS: file not found /data/data/com.example.infiltraitor/files/damage_atom_cache/112c1c4b.bin
09-23 18:14:35.888 I/godot   (29391): [BAKE] Disk cache MISS: file not found /data/data/com.example.infiltraitor/files/damage_atom_cache/bfa3f43a.bin
09-23 18:14:35.890 I/godot   (29391): [BAKE] Disk cache MISS: file not found /data/data/com.example.infiltraitor/files/damage_atom_cache/d8803dad.bin
09-23 18:14:35.892 I/godot   (29391): [BAKE] Disk cache MISS: file not found /data/data/com.example.infiltraitor/files/damage_atom_cache/bd68f70e.bin
09-23 18:14:35.893 I/godot   (29391): [BAKE] Disk cache MISS: file not found /data/data/com.example.infiltraitor/files/damage_atom_cache/0f8eefdf.bin
09-23 18:14:35.895 I/godot   (29391): [BAKE] Disk cache MISS: file not found /data/data/com.example.infiltraitor/files/damage_atom_cache/442f22b0.bin
09-23 18:14:35.897 I/godot   (29391): [BAKE] Disk cache MISS: file not found /data/data/com.example.infiltraitor/files/damage_atom_cache/b5a59a96.bin
09-23 18:14:35.899 I/godot   (29391): [BAKE] Disk cache MISS: file not found /data/data/com.example.infiltraitor/files/damage_atom_cache/272df507.bin
09-23 18:14:35.901 I/godot   (29391): [BAKE] Disk cache MISS: file not found /data/data/com.example.infiltraitor/files/damage_atom_cache/e1b2f878.bin
09-23 18:14:35.902 I/godot   (29391): [BAKE] Disk cache MISS: file not found /data/data/com.example.infiltraitor/files/damage_atom_cache/599485d1.bin
09-23 18:14:35.904 I/godot   (29391): [BAKE] Disk cache MISS: file not found /data/data/com.example.infiltraitor/files/damage_atom_cache/7963e110.bin
09-23 18:14:35.906 I/godot   (29391): [BAKE] Disk cache MISS: file not found /data/data/com.example.infiltraitor/files/damage_atom_cache/44c3ae3f.bin
09-23 18:14:35.908 I/godot   (29391): [BAKE] Disk cache MISS: file not found /data/data/com.example.infiltraitor/files/damage_atom_cache/944190b4.bin
09-23 18:14:35.909 I/godot   (29391): [BAKE] Disk cache MISS: file not found /data/data/com.example.infiltraitor/files/damage_atom_cache/92810f25.bin
09-23 18:14:35.911 I/godot   (29391): [BAKE] Disk cache MISS: file not found /data/data/com.example.infiltraitor/files/damage_atom_cache/413b5832.bin
09-23 18:14:35.913 I/godot   (29391): [BAKE] Disk cache MISS: file not found /data/data/com.example.infiltraitor/files/damage_atom_cache/803e17eb.bin
09-23 18:14:35.915 I/godot   (29391): [BAKE] Disk cache MISS: file not found /data/data/com.example.infiltraitor/files/damage_atom_cache/ad7984da.bin
09-23 18:14:35.916 I/godot   (29391): [BAKE] Disk cache MISS: file not found /data/data/com.example.infiltraitor/files/damage_atom_cache/d43893cd.bin
09-23 18:14:35.918 I/godot   (29391): [BAKE] Disk cache MISS: file not found /data/data/com.example.infiltraitor/files/damage_atom_cache/599485d1.bin
09-23 18:14:35.920 I/godot   (29391): [BAKE] Disk cache MISS: file not found /data/data/com.example.infiltraitor/files/damage_atom_cache/7963e110.bin
09-23 18:14:35.922 I/godot   (29391): [BAKE] Disk cache MISS: file not found /data/data/com.example.infiltraitor/files/damage_atom_cache/44c3ae3f.bin
09-23 18:14:35.924 I/godot   (29391): [BAKE] Disk cache MISS: file not found /data/data/com.example.infiltraitor/files/damage_atom_cache/944190b4.bin
09-23 18:14:35.925 I/godot   (29391): [BAKE] Disk cache MISS: file not found /data/data/com.example.infiltraitor/files/damage_atom_cache/92810f25.bin
09-23 18:14:35.927 I/godot   (29391): [BAKE] Disk cache MISS: file not found /data/data/com.example.infiltraitor/files/damage_atom_cache/413b5832.bin
09-23 18:14:35.929 I/godot   (29391): [BAKE] Disk cache MISS: file not found /data/data/com.example.infiltraitor/files/damage_atom_cache/b5a59a96.bin
09-23 18:14:35.931 I/godot   (29391): [BAKE] Disk cache MISS: file not found /data/data/com.example.infiltraitor/files/damage_atom_cache/272df507.bin
09-23 18:14:35.932 I/godot   (29391): [BAKE] Disk cache MISS: file not found /data/data/com.example.infiltraitor/files/damage_atom_cache/e1b2f878.bin
09-23 18:14:35.934 I/godot   (29391): [BAKE] Disk cache MISS: file not found /data/data/com.example.infiltraitor/files/damage_atom_cache/599485d1.bin
09-23 18:14:35.936 I/godot   (29391): [BAKE] Disk cache MISS: file not found /data/data/com.example.infiltraitor/files/damage_atom_cache/7963e110.bin
09-23 18:14:35.937 I/godot   (29391): [BAKE] Disk cache MISS: file not found /data/data/com.example.infiltraitor/files/damage_atom_cache/44c3ae3f.bin
09-23 18:14:35.939 I/godot   (29391): [BAKE] Disk cache MISS: file not found /data/data/com.example.infiltraitor/files/damage_atom_cache/944190b4.bin
09-23 18:14:35.941 I/godot   (29391): [BAKE] Disk cache MISS: file not found /data/data/com.example.infiltraitor/files/damage_atom_cache/92810f25.bin
09-23 18:14:35.943 I/godot   (29391): [BAKE] Disk cache MISS: file not found /data/data/com.example.infiltraitor/files/damage_atom_cache/413b5832.bin
09-23 18:14:35.945 I/godot   (29391): [BAKE] Disk cache MISS: file not found /data/data/com.example.infiltraitor/files/damage_atom_cache/803e17eb.bin
09-23 18:14:35.947 I/godot   (29391): [BAKE] Disk cache MISS: file not found /data/data/com.example.infiltraitor/files/damage_atom_cache/ad7984da.bin
09-23 18:14:35.948 I/godot   (29391): [BAKE] Disk cache MISS: file not found /data/data/com.example.infiltraitor/files/damage_atom_cache/d43893cd.bin
09-23 18:14:35.950 I/godot   (29391): [BAKE] Disk cache MISS: file not found /data/data/com.example.infiltraitor/files/damage_atom_cache/599485d1.bin
09-23 18:14:35.952 I/godot   (29391): [BAKE] Disk cache MISS: file not found /data/data/com.example.infiltraitor/files/damage_atom_cache/7963e110.bin
09-23 18:14:35.954 I/godot   (29391): [BAKE] Disk cache MISS: file not found /data/data/com.example.infiltraitor/files/damage_atom_cache/44c3ae3f.bin
09-23 18:14:35.956 I/godot   (29391): [BAKE] Disk cache MISS: file not found /data/data/com.example.infiltraitor/files/damage_atom_cache/944190b4.bin
09-23 18:14:35.957 I/godot   (29391): [BAKE] Disk cache MISS: file not found /data/data/com.example.infiltraitor/files/damage_atom_cache/92810f25.bin
09-23 18:14:35.959 I/godot   (29391): [BAKE] Disk cache MISS: file not found /data/data/com.example.infiltraitor/files/damage_atom_cache/413b5832.bin
09-23 18:14:35.961 I/godot   (29391): [BAKE] Disk cache MISS: file not found /data/data/com.example.infiltraitor/files/damage_atom_cache/b5a59a96.bin
09-23 18:14:35.963 I/godot   (29391): [BAKE] Disk cache MISS: file not found /data/data/com.example.infiltraitor/files/damage_atom_cache/272df507.bin
09-23 18:14:35.965 I/godot   (29391): [BAKE] Disk cache MISS: file not found /data/data/com.example.infiltraitor/files/damage_atom_cache/e1b2f878.bin
09-23 18:14:35.967 I/godot   (29391): [BAKE] Disk cache MISS: file not found /data/data/com.example.infiltraitor/files/damage_atom_cache/599485d1.bin
09-23 18:14:35.969 I/godot   (29391): [BAKE] Disk cache MISS: file not found /data/data/com.example.infiltraitor/files/damage_atom_cache/7963e110.bin
09-23 18:14:35.971 I/godot   (29391): [BAKE] Disk cache MISS: file not found /data/data/com.example.infiltraitor/files/damage_atom_cache/44c3ae3f.bin
09-23 18:14:35.972 I/godot   (29391): [BAKE] Disk cache MISS: file not found /data/data/com.example.infiltraitor/files/damage_atom_cache/944190b4.bin
09-23 18:14:35.974 I/godot   (29391): [BAKE] Disk cache MISS: file not found /data/data/com.example.infiltraitor/files/damage_atom_cache/92810f25.bin
09-23 18:14:35.976 I/godot   (29391): [BAKE] Disk cache MISS: file not found /data/data/com.example.infiltraitor/files/damage_atom_cache/413b5832.bin
09-23 18:14:35.978 I/godot   (29391): [BAKE] Disk cache MISS: file not found /data/data/com.example.infiltraitor/files/damage_atom_cache/803e17eb.bin
09-23 18:14:35.980 I/godot   (29391): [BAKE] Disk cache MISS: file not found /data/data/com.example.infiltraitor/files/damage_atom_cache/ad7984da.bin
09-23 18:14:35.981 I/godot   (29391): [BAKE] Disk cache MISS: file not found /data/data/com.example.infiltraitor/files/damage_atom_cache/d43893cd.bin
09-23 18:14:35.983 I/godot   (29391): [BAKE] Disk cache MISS: file not found /data/data/com.example.infiltraitor/files/damage_atom_cache/599485d1.bin
09-23 18:14:35.985 I/godot   (29391): [BAKE] Disk cache MISS: file not found /data/data/com.example.infiltraitor/files/damage_atom_cache/7963e110.bin
09-23 18:14:35.987 I/godot   (29391): [BAKE] Disk cache MISS: file not found /data/data/com.example.infiltraitor/files/damage_atom_cache/44c3ae3f.bin
09-23 18:14:35.989 I/godot   (29391): [BAKE] Disk cache MISS: file not found /data/data/com.example.infiltraitor/files/damage_atom_cache/944190b4.bin
09-23 18:14:35.990 I/godot   (29391): [BAKE] Disk cache MISS: file not found /data/data/com.example.infiltraitor/files/damage_atom_cache/92810f25.bin
09-23 18:14:35.992 I/godot   (29391): [BAKE] Disk cache MISS: file not found /data/data/com.example.infiltraitor/files/damage_atom_cache/413b5832.bin
09-23 18:14:35.995 I/godot   (29391): [BAKE] Disk cache HIT: loaded 7c862013
09-23 18:14:35.998 I/godot   (29391): [BAKE] Disk cache HIT: loaded 2a107562
09-23 18:14:36.001 I/godot   (29391): [BAKE] Disk cache HIT: loaded a7cf5855
09-23 18:14:36.004 I/godot   (29391): [BAKE] Disk cache HIT: loaded 558b1132
09-23 18:14:36.006 I/godot   (29391): [BAKE] Disk cache HIT: loaded 530361e3
09-23 18:14:36.009 I/godot   (29391): [BAKE] Disk cache HIT: loaded a89149b4
09-23 18:14:36.012 I/godot   (29391): [BAKE] Disk cache HIT: loaded 0ce26ecd
09-23 18:14:36.015 I/godot   (29391): [BAKE] Disk cache HIT: loaded 6ce98b7c
09-23 18:14:36.017 I/godot   (29391): [BAKE] Disk cache HIT: loaded b8e7f2eb
09-23 18:14:36.020 I/godot   (29391): [BAKE] Disk cache HIT: loaded 452e18ad
09-23 18:14:36.023 I/godot   (29391): [BAKE] Disk cache HIT: loaded 3318c45c
09-23 18:14:36.026 I/godot   (29391): [BAKE] Disk cache HIT: loaded 7dd9f74b
09-23 18:14:36.029 I/godot   (29391): [BAKE] Disk cache HIT: loaded 0ba3e4b4
09-23 18:14:36.032 I/godot   (29391): [BAKE] Disk cache HIT: loaded 09e36325
09-23 18:14:36.035 I/godot   (29391): [BAKE] Disk cache HIT: loaded b89dac32
09-23 18:14:36.038 I/godot   (29391): [BAKE] Disk cache HIT: loaded 8bedfaf3
09-23 18:14:36.041 I/godot   (29391): [BAKE] Disk cache HIT: loaded e1fd47c2
09-23 18:14:36.044 I/godot   (29391): [BAKE] Disk cache HIT: loaded dfbb6135
09-23 18:14:36.047 I/godot   (29391): [BAKE] Disk cache HIT: loaded 34f32541
09-23 18:14:36.050 I/godot   (29391): [BAKE] Disk cache HIT: loaded 6ec48540
09-23 18:14:36.053 I/godot   (29391): [BAKE] Disk cache HIT: loaded c76a10af
09-23 18:14:36.056 I/godot   (29391): [BAKE] Disk cache HIT: loaded d3f60018
09-23 18:14:36.059 I/godot   (29391): [BAKE] Disk cache HIT: loaded 20a14a59
09-23 18:14:36.062 I/godot   (29391): [BAKE] Disk cache HIT: loaded ace0b9b6
09-23 18:14:36.065 I/godot   (29391): [BAKE] Disk cache HIT: loaded f7198937
09-23 18:14:36.068 I/godot   (29391): [BAKE] Disk cache HIT: loaded 58b44d06
09-23 18:14:36.071 I/godot   (29391): [BAKE] Disk cache HIT: loaded f8b3eea9
09-23 18:14:36.074 I/godot   (29391): [BAKE] Disk cache HIT: loaded 38eb88c7
09-23 18:14:36.076 I/godot   (29391): [BAKE] Disk cache HIT: loaded c7632e56
09-23 18:14:36.079 I/godot   (29391): [BAKE] Disk cache HIT: loaded c7ca1979
09-23 18:14:36.082 I/godot   (29391): [BAKE] Disk cache HIT: loaded a72abf26
09-23 18:14:36.085 I/godot   (29391): [BAKE] Disk cache HIT: loaded f209f0d7
09-23 18:14:36.087 I/godot   (29391): [BAKE] Disk cache HIT: loaded 2797a648
09-23 18:14:36.090 I/godot   (29391): [BAKE] Disk cache HIT: loaded f8ff0191
09-23 18:14:36.093 I/godot   (29391): [BAKE] Disk cache HIT: loaded 18ce5cd0
09-23 18:14:36.095 I/godot   (29391): [BAKE] Disk cache HIT: loaded 8b75ecff
09-23 18:14:36.098 I/godot   (29391): [BAKE] Disk cache HIT: loaded 5efcfd35
09-23 18:14:36.101 I/godot   (29391): [BAKE] Disk cache HIT: loaded 8cfc8fc4
09-23 18:14:36.104 I/godot   (29391): [BAKE] Disk cache HIT: loaded 0b2f96f3
09-23 18:14:36.107 I/godot   (29391): [BAKE] Disk cache HIT: loaded 92cecfdc
09-23 18:14:36.109 I/godot   (29391): [BAKE] Disk cache HIT: loaded a4e4242d
09-23 18:14:36.112 I/godot   (29391): [BAKE] Disk cache HIT: loaded 8c07daba
09-23 18:14:36.115 I/godot   (29391): [BAKE] Disk cache HIT: loaded dfa711db
09-23 18:14:36.118 I/godot   (29391): [BAKE] Disk cache HIT: loaded 0d804f8a
09-23 18:14:36.121 I/godot   (29391): [BAKE] Disk cache HIT: loaded a6fb333d
09-23 18:14:36.124 I/godot   (29391): [BAKE] Disk cache HIT: loaded 42ba5c0b
09-23 18:14:36.127 I/godot   (29391): [BAKE] Disk cache HIT: loaded 6c3ae5fa
09-23 18:14:36.130 I/godot   (29391): [BAKE] Disk cache HIT: loaded 0a0e7d6d
09-23 18:14:36.133 I/godot   (29391): [BAKE] Disk cache HIT: loaded edb35aca
09-23 18:14:36.136 I/godot   (29391): [BAKE] Disk cache HIT: loaded bfda1d1b
09-23 18:14:36.138 I/godot   (29391): [BAKE] Disk cache HIT: loaded 20b960ec
09-23 18:14:36.142 I/godot   (29391): [BAKE] Disk cache HIT: loaded c2104765
09-23 18:14:36.145 I/godot   (29391): [BAKE] Disk cache HIT: loaded c3d0c8f4
09-23 18:14:36.148 I/godot   (29391): [BAKE] Disk cache HIT: loaded 158aa423
09-23 18:14:36.150 I/godot   (29391): [BAKE] Disk cache HIT: loaded 68b1ffea
09-23 18:14:36.153 I/godot   (29391): [BAKE] Disk cache HIT: loaded 3ad8c23b
09-23 18:14:36.156 I/godot   (29391): [BAKE] Disk cache HIT: loaded ef782b8c
09-23 18:14:36.159 I/godot   (29391): [BAKE] Disk cache HIT: loaded 6363eeab
09-23 18:14:36.162 I/godot   (29391): [BAKE] Disk cache HIT: loaded 909f5b9a
09-23 18:14:36.165 I/godot   (29391): [BAKE] Disk cache HIT: loaded 1016a78d
09-23 18:14:36.169 I/godot   (29391): [BAKE] Disk cache HIT: loaded 6e06b52c
09-23 18:14:36.171 I/godot   (29391): [BAKE] Disk cache HIT: loaded 00baa3bd
09-23 18:14:36.174 I/godot   (29391): [BAKE] Disk cache HIT: loaded 673fc00a
09-23 18:14:36.177 I/godot   (29391): [BAKE] Disk cache HIT: loaded cde764b3
09-23 18:14:36.180 I/godot   (29391): [BAKE] Disk cache HIT: loaded 7caeee82
09-23 18:14:36.184 I/godot   (29391): [BAKE] Disk cache HIT: loaded 21b4caf5
09-23 18:14:36.187 I/godot   (29391): [BAKE] Disk cache HIT: loaded 8acdbdd2
09-23 18:14:36.189 I/godot   (29391): [BAKE] Disk cache HIT: loaded dd436883
09-23 18:14:36.192 I/godot   (29391): [BAKE] Disk cache HIT: loaded a4edc154
09-23 18:14:36.195 I/godot   (29391): [BAKE] Disk cache HIT: loaded dfdfbf6d
09-23 18:14:36.198 I/godot   (29391): [BAKE] Disk cache HIT: loaded cdca6b1c
09-23 18:14:36.201 I/godot   (29391): [BAKE] Disk cache HIT: loaded 188b9e0b
09-23 18:14:36.205 I/godot   (29391): [BAKE] Disk cache HIT: loaded 830be869
09-23 18:14:36.207 I/godot   (29391): [BAKE] Disk cache HIT: loaded dd0a9068
09-23 18:14:36.210 I/godot   (29391): [BAKE] Disk cache HIT: loaded 28b945f7
09-23 18:14:36.213 I/godot   (29391): [BAKE] Disk cache HIT: loaded b089f580
09-23 18:14:36.216 I/godot   (29391): [BAKE] Disk cache HIT: loaded 1e005881
09-23 18:14:36.219 I/godot   (29391): [BAKE] Disk cache HIT: loaded b66a245e
09-23 18:14:36.222 I/godot   (29391): [BAKE] Disk cache HIT: loaded b28e52ff
09-23 18:14:36.225 I/godot   (29391): [BAKE] Disk cache HIT: loaded b4287fae
09-23 18:14:36.228 I/godot   (29391): [BAKE] Disk cache HIT: loaded 20176791
09-23 18:14:36.228 I/godot   (29391): [DamageVariantBaker] Baked 447 atoms across 9 declared material(s), 9 floor material(s) in 2237 ms
09-23 18:14:36.240 I/godot   (29391): [ROOM] Uploaded 1 damage-composite page(s) at load in 12 ms — off the first shot's impact frame
09-23 18:14:36.240 I/godot   (29391): [VOXEL] Damage variant registry set (pre-baked variants available)
09-23 18:14:36.240 I/godot   (29391): [ROOM] Initialized damage variant registry (447 atoms)
09-23 18:14:38.108 I/godot   (29391): [VOXEL-STORE] built (map load: PLAYGROUND) — 216104 claim(s) in 2713 container(s), 0 irregular, 672 multi-claim cell(s), 13.59 MB, 1053 ms
09-23 18:14:38.560 I/godot   (29391): [AgentSprite] step (1, 0) draws (0.894427, 0.447214) -> screen SE (fit 1.000) -> frame W
09-23 18:14:38.560 I/godot   (29391): [AgentSprite] step (0, 1) draws (-0.894427, 0.447214) -> screen SW (fit 1.000) -> frame S
09-23 18:14:38.560 I/godot   (29391): [AgentSprite] step (-1, 0) draws (-0.894427, -0.447214) -> screen NW (fit 1.000) -> frame E
09-23 18:14:38.561 I/godot   (29391): [AgentSprite] step (0, -1) draws (0.894427, -0.447214) -> screen NE (fit 1.000) -> frame N
09-23 18:14:38.561 I/godot   (29391): [AgentSprite] head yaw mapping: grid 0 -> yaw 0, handedness -1
09-23 18:14:38.636 I/godot   (29391): [AgentSprite] layer 'head/standing': 24 yaws at 15.0 deg
09-23 18:14:38.715 I/godot   (29391): [AgentSprite] layer 'hat/standing': 24 yaws at 15.0 deg
09-23 18:14:38.820 I/godot   (29391): [AgentSprite] layer 'head/standing': 24 yaws at 15.0 deg
09-23 18:14:38.894 I/godot   (29391): [AgentSprite] layer 'hat/standing': 24 yaws at 15.0 deg
09-23 18:14:39.000 I/godot   (29391): [AgentSprite] layer 'head/standing': 24 yaws at 15.0 deg
09-23 18:14:39.078 I/godot   (29391): [AgentSprite] layer 'hat/standing': 24 yaws at 15.0 deg
09-23 18:14:39.078 I/godot   (29391): [OCC-03] Agent z_index set to 34 (max voxel layer z_index: 33, room size: (46, 24))
09-23 18:14:39.125 I/godot   (29391): [AgentSprite] step (1, 0) draws (0.894427, 0.447214) -> screen SE (fit 1.000) -> frame W
09-23 18:14:39.125 I/godot   (29391): [AgentSprite] step (0, 1) draws (-0.894427, 0.447214) -> screen SW (fit 1.000) -> frame S
09-23 18:14:39.125 I/godot   (29391): [AgentSprite] step (-1, 0) draws (-0.894427, -0.447214) -> screen NW (fit 1.000) -> frame E
09-23 18:14:39.125 I/godot   (29391): [AgentSprite] step (0, -1) draws (0.894427, -0.447214) -> screen NE (fit 1.000) -> frame N
09-23 18:14:39.125 I/godot   (29391): [AgentSprite] head yaw mapping: grid 0 -> yaw 0, handedness -1
09-23 18:14:39.202 I/godot   (29391): [AgentSprite] layer 'head/standing': 24 yaws at 15.0 deg
09-23 18:14:39.238 I/godot   (29391): [AgentSprite] step (1, 0) draws (0.894427, 0.447214) -> screen SE (fit 1.000) -> frame W
09-23 18:14:39.239 I/godot   (29391): [AgentSprite] step (0, 1) draws (-0.894427, 0.447214) -> screen SW (fit 1.000) -> frame S
09-23 18:14:39.239 I/godot   (29391): [AgentSprite] step (-1, 0) draws (-0.894427, -0.447214) -> screen NW (fit 1.000) -> frame E
09-23 18:14:39.239 I/godot   (29391): [AgentSprite] step (0, -1) draws (0.894427, -0.447214) -> screen NE (fit 1.000) -> frame N
09-23 18:14:39.239 I/godot   (29391): [AgentSprite] head yaw mapping: grid 0 -> yaw 0, handedness -1
09-23 18:14:39.314 I/godot   (29391): [AgentSprite] layer 'head/standing': 24 yaws at 15.0 deg
09-23 18:14:39.345 I/godot   (29391): [AgentSprite] step (1, 0) draws (0.894427, 0.447214) -> screen SE (fit 1.000) -> frame W
09-23 18:14:39.345 I/godot   (29391): [AgentSprite] step (0, 1) draws (-0.894427, 0.447214) -> screen SW (fit 1.000) -> frame S
09-23 18:14:39.345 I/godot   (29391): [AgentSprite] step (-1, 0) draws (-0.894427, -0.447214) -> screen NW (fit 1.000) -> frame E
09-23 18:14:39.345 I/godot   (29391): [AgentSprite] step (0, -1) draws (0.894427, -0.447214) -> screen NE (fit 1.000) -> frame N
09-23 18:14:39.345 I/godot   (29391): [AgentSprite] head yaw mapping: grid 0 -> yaw 0, handedness -1
09-23 18:14:39.421 I/godot   (29391): [AgentSprite] layer 'head/standing': 24 yaws at 15.0 deg
09-23 18:14:39.453 I/godot   (29391): [AgentSprite] step (1, 0) draws (0.894427, 0.447214) -> screen SE (fit 1.000) -> frame W
09-23 18:14:39.453 I/godot   (29391): [AgentSprite] step (0, 1) draws (-0.894427, 0.447214) -> screen SW (fit 1.000) -> frame S
09-23 18:14:39.453 I/godot   (29391): [AgentSprite] step (-1, 0) draws (-0.894427, -0.447214) -> screen NW (fit 1.000) -> frame E
09-23 18:14:39.453 I/godot   (29391): [AgentSprite] step (0, -1) draws (0.894427, -0.447214) -> screen NE (fit 1.000) -> frame N
09-23 18:14:39.453 I/godot   (29391): [AgentSprite] head yaw mapping: grid 0 -> yaw 0, handedness -1
09-23 18:14:39.527 I/godot   (29391): [AgentSprite] layer 'head/standing': 24 yaws at 15.0 deg
09-23 18:14:39.558 I/godot   (29391): [AgentSprite] step (1, 0) draws (0.894427, 0.447214) -> screen SE (fit 1.000) -> frame W
09-23 18:14:39.558 I/godot   (29391): [AgentSprite] step (0, 1) draws (-0.894427, 0.447214) -> screen SW (fit 1.000) -> frame S
09-23 18:14:39.558 I/godot   (29391): [AgentSprite] step (-1, 0) draws (-0.894427, -0.447214) -> screen NW (fit 1.000) -> frame E
09-23 18:14:39.558 I/godot   (29391): [AgentSprite] step (0, -1) draws (0.894427, -0.447214) -> screen NE (fit 1.000) -> frame N
09-23 18:14:39.558 I/godot   (29391): [AgentSprite] head yaw mapping: grid 0 -> yaw 0, handedness -1
09-23 18:14:39.631 I/godot   (29391): [AgentSprite] layer 'head/standing': 24 yaws at 15.0 deg
09-23 18:14:39.662 I/godot   (29391): [AgentSprite] step (1, 0) draws (0.894427, 0.447214) -> screen SE (fit 1.000) -> frame W
09-23 18:14:39.662 I/godot   (29391): [AgentSprite] step (0, 1) draws (-0.894427, 0.447214) -> screen SW (fit 1.000) -> frame S
09-23 18:14:39.662 I/godot   (29391): [AgentSprite] step (-1, 0) draws (-0.894427, -0.447214) -> screen NW (fit 1.000) -> frame E
09-23 18:14:39.662 I/godot   (29391): [AgentSprite] step (0, -1) draws (0.894427, -0.447214) -> screen NE (fit 1.000) -> frame N
09-23 18:14:39.662 I/godot   (29391): [AgentSprite] head yaw mapping: grid 0 -> yaw 0, handedness -1
09-23 18:14:39.737 I/godot   (29391): [AgentSprite] layer 'head/standing': 24 yaws at 15.0 deg
09-23 18:14:39.767 I/godot   (29391): [AgentSprite] step (1, 0) draws (0.894427, 0.447214) -> screen SE (fit 1.000) -> frame W
09-23 18:14:39.767 I/godot   (29391): [AgentSprite] step (0, 1) draws (-0.894427, 0.447214) -> screen SW (fit 1.000) -> frame S
09-23 18:14:39.767 I/godot   (29391): [AgentSprite] step (-1, 0) draws (-0.894427, -0.447214) -> screen NW (fit 1.000) -> frame E
09-23 18:14:39.767 I/godot   (29391): [AgentSprite] step (0, -1) draws (0.894427, -0.447214) -> screen NE (fit 1.000) -> frame N
09-23 18:14:39.767 I/godot   (29391): [AgentSprite] head yaw mapping: grid 0 -> yaw 0, handedness -1
09-23 18:14:39.845 I/godot   (29391): [AgentSprite] layer 'head/standing': 24 yaws at 15.0 deg
09-23 18:14:39.876 I/godot   (29391): [AgentSprite] step (1, 0) draws (0.894427, 0.447214) -> screen SE (fit 1.000) -> frame W
09-23 18:14:39.876 I/godot   (29391): [AgentSprite] step (0, 1) draws (-0.894427, 0.447214) -> screen SW (fit 1.000) -> frame S
09-23 18:14:39.876 I/godot   (29391): [AgentSprite] step (-1, 0) draws (-0.894427, -0.447214) -> screen NW (fit 1.000) -> frame E
09-23 18:14:39.876 I/godot   (29391): [AgentSprite] step (0, -1) draws (0.894427, -0.447214) -> screen NE (fit 1.000) -> frame N
09-23 18:14:39.876 I/godot   (29391): [AgentSprite] head yaw mapping: grid 0 -> yaw 0, handedness -1
09-23 18:14:39.950 I/godot   (29391): [AgentSprite] layer 'head/standing': 24 yaws at 15.0 deg
09-23 18:14:39.980 I/godot   (29391): [AgentSprite] step (1, 0) draws (0.894427, 0.447214) -> screen SE (fit 1.000) -> frame W
09-23 18:14:39.980 I/godot   (29391): [AgentSprite] step (0, 1) draws (-0.894427, 0.447214) -> screen SW (fit 1.000) -> frame S
09-23 18:14:39.980 I/godot   (29391): [AgentSprite] step (-1, 0) draws (-0.894427, -0.447214) -> screen NW (fit 1.000) -> frame E
09-23 18:14:39.980 I/godot   (29391): [AgentSprite] step (0, -1) draws (0.894427, -0.447214) -> screen NE (fit 1.000) -> frame N
09-23 18:14:39.980 I/godot   (29391): [AgentSprite] head yaw mapping: grid 0 -> yaw 0, handedness -1
09-23 18:14:40.054 I/godot   (29391): [AgentSprite] layer 'head/standing': 24 yaws at 15.0 deg
09-23 18:14:40.066 I/godot   (29391): [Room] Light registry initialized with 12 map lights:
09-23 18:14:40.066 I/godot   (29391):   - map_light_1 @ cell(6,4) radius=7 type=omni
09-23 18:14:40.066 I/godot   (29391):   - map_light_2 @ cell(17,4) radius=6 type=omni
09-23 18:14:40.066 I/godot   (29391):   - map_light_3 @ cell(12,11) radius=7 type=omni
09-23 18:14:40.066 I/godot   (29391):   - map_light_4 @ cell(11,10) radius=10 type=omni
09-23 18:14:40.066 I/godot   (29391):   - map_light_5 @ cell(16,11) radius=8 type=omni
09-23 18:14:40.066 I/godot   (29391):   - map_light_6 @ cell(24,4) radius=7 type=omni
09-23 18:14:40.066 I/godot   (29391):   - map_light_7 @ cell(28,4) radius=7 type=omni
09-23 18:14:40.066 I/godot   (29391):   - map_light_8 @ cell(32,4) radius=7 type=omni
09-23 18:14:40.066 I/godot   (29391):   - map_light_9 @ cell(36,4) radius=7 type=omni
09-23 18:14:40.066 I/godot   (29391):   - map_light_10 @ cell(40,4) radius=7 type=omni
09-23 18:14:40.066 I/godot   (29391):   - map_light_11 @ cell(26,9) radius=8 type=omni
09-23 18:14:40.066 I/godot   (29391):   - map_light_12 @ cell(34,9) radius=8 type=omni
09-23 18:14:40.068 I/godot   (29391): [Room] Tile semantics initialized with 163 tiles, 12 light anchors
09-23 18:14:46.931 I/godot   (29391): 
09-23 18:14:46.931 I/godot   (29391): Attempting to resolve: facade_concrete (folder concrete)
09-23 18:14:46.931 I/godot   (29391):   [USER] File not found: user://textures/concrete/facade_concrete.png
09-23 18:14:46.931 I/godot   (29391):   [USER] File not found: user://textures/concrete/facade_concrete.webp
09-23 18:14:46.958 I/godot   (29391):   [DEFAULT] Validation PASS: res://ASSETS/materials/concrete/facade_concrete.png
09-23 18:14:46.958 I/godot   (29391): [RESOLVER] facade_concrete resolved from DEFAULT.png (dims 1024x512)
09-23 18:14:47.016 I/godot   (29391): 
09-23 18:14:47.016 I/godot   (29391): Attempting to resolve: facade_metal (folder metal)
09-23 18:14:47.016 I/godot   (29391):   [USER] File not found: user://textures/metal/facade_metal.png
09-23 18:14:47.017 I/godot   (29391):   [USER] File not found: user://textures/metal/facade_metal.webp
09-23 18:14:47.054 I/godot   (29391):   [DEFAULT] Validation PASS: res://ASSETS/materials/metal/facade_metal.png
09-23 18:14:47.054 I/godot   (29391): [RESOLVER] facade_metal resolved from DEFAULT.png (dims 1024x512)
09-23 18:14:47.115 I/godot   (29391): 
09-23 18:14:47.115 I/godot   (29391): Attempting to resolve: facade_stone (folder stone)
09-23 18:14:47.115 I/godot   (29391):   [USER] File not found: user://textures/stone/facade_stone.png
09-23 18:14:47.115 I/godot   (29391):   [USER] File not found: user://textures/stone/facade_stone.webp
09-23 18:14:47.149 I/godot   (29391):   [DEFAULT] Validation PASS: res://ASSETS/materials/stone/facade_stone.png
09-23 18:14:47.149 I/godot   (29391): [RESOLVER] facade_stone resolved from DEFAULT.png (dims 1024x512)
09-23 18:14:47.211 I/godot   (29391): 
09-23 18:14:47.211 I/godot   (29391): Attempting to resolve: facade_wood (folder wood)
09-23 18:14:47.212 I/godot   (29391):   [USER] File not found: user://textures/wood/facade_wood.png
09-23 18:14:47.212 I/godot   (29391):   [USER] File not found: user://textures/wood/facade_wood.webp
09-23 18:14:47.247 I/godot   (29391):   [DEFAULT] Validation PASS: res://ASSETS/materials/wood/facade_wood.png
09-23 18:14:47.247 I/godot   (29391): [RESOLVER] facade_wood resolved from DEFAULT.png (dims 1024x512)
09-23 18:14:47.309 I/godot   (29391): 
09-23 18:14:47.309 I/godot   (29391): Attempting to resolve: facade_brick (folder brick)
09-23 18:14:47.309 I/godot   (29391):   [USER] File not found: user://textures/brick/facade_brick.png
09-23 18:14:47.309 I/godot   (29391):   [USER] File not found: user://textures/brick/facade_brick.webp
09-23 18:14:47.345 I/godot   (29391):   [DEFAULT] Validation PASS: res://ASSETS/materials/brick/facade_brick.png
09-23 18:14:47.345 I/godot   (29391): [RESOLVER] facade_brick resolved from DEFAULT.png (dims 1024x512)
09-23 18:14:47.408 I/godot   (29391): 
09-23 18:14:47.408 I/godot   (29391): Attempting to resolve: facade_cardboard (folder cardboard)
09-23 18:14:47.408 I/godot   (29391):   [USER] File not found: user://textures/cardboard/facade_cardboard.png
09-23 18:14:47.408 I/godot   (29391):   [USER] File not found: user://textures/cardboard/facade_cardboard.webp
09-23 18:14:47.437 I/godot   (29391):   [DEFAULT] Validation PASS: res://ASSETS/materials/cardboard/facade_cardboard.png
09-23 18:14:47.437 I/godot   (29391): [RESOLVER] facade_cardboard resolved from DEFAULT.png (dims 1024x512)
09-23 18:14:47.497 I/godot   (29391): 
09-23 18:14:47.497 I/godot   (29391): Attempting to resolve: facade_fabric (folder fabric)
09-23 18:14:47.497 I/godot   (29391):   [USER] File not found: user://textures/fabric/facade_fabric.png
09-23 18:14:47.497 I/godot   (29391):   [USER] File not found: user://textures/fabric/facade_fabric.webp
09-23 18:14:47.539 I/godot   (29391):   [DEFAULT] Validation PASS: res://ASSETS/materials/fabric/facade_fabric.png
09-23 18:14:47.539 I/godot   (29391): [RESOLVER] facade_fabric resolved from DEFAULT.png (dims 1024x512)
09-23 18:14:47.600 I/godot   (29391): 
09-23 18:14:47.600 I/godot   (29391): Attempting to resolve: facade_plywood (folder plywood)
09-23 18:14:47.600 I/godot   (29391):   [USER] File not found: user://textures/plywood/facade_plywood.png
09-23 18:14:47.600 I/godot   (29391):   [USER] File not found: user://textures/plywood/facade_plywood.webp
09-23 18:14:47.635 I/godot   (29391):   [DEFAULT] Validation PASS: res://ASSETS/materials/plywood/facade_plywood.png
09-23 18:14:47.635 I/godot   (29391): [RESOLVER] facade_plywood resolved from DEFAULT.png (dims 1024x512)
09-23 18:14:47.725 I/godot   (29391): 
09-23 18:14:47.726 I/godot   (29391): Attempting to resolve: facade_earth (folder earth)
09-23 18:14:47.726 I/godot   (29391):   [USER] File not found: user://textures/earth/facade_earth.png
09-23 18:14:47.726 I/godot   (29391):   [USER] File not found: user://textures/earth/facade_earth.webp
09-23 18:14:47.763 I/godot   (29391):   [DEFAULT] Validation PASS: res://ASSETS/materials/earth/facade_earth.png
09-23 18:14:47.763 I/godot   (29391): [RESOLVER] facade_earth resolved from DEFAULT.png (dims 1024x512)
09-23 18:14:50.318 I/godot   (29391): [BOARD3D] 215432 voxel(s) (slices 69440, columns 672, slabs 145992; the 2D board holds 64 cell(s)) → 108772 face(s) → 732 quad(s) in 276 chunk(s), 11 material(s), plane levels 78..103; collect 1990 ms, mesh 1469 ms; skip 2D writes true; source store
09-23 18:14:50.337 I/godot   (29391): [SPIKE3D] lights: mode=all lamps=12 shadowed=12 board_lit=true
09-23 18:14:50.787 I/godot   (29391): [TestZone] 0 pickups
09-23 18:14:51.035 I/godot   (29391): [DEV-HUD-01] DEV VISION Status Panel initialized
09-23 18:14:51.042 I/godot   (29391): [DEBUG] _ready() complete, starting probe
09-23 18:14:51.042 I/godot   (29391): [SLICE-02 probe] ===== STARTING ALIGNMENT CHECK =====
09-23 18:14:51.042 I/godot   (29391): [SLICE-02 probe] floor_cell = (0, 0)  voxel_cell = (0, 0)
09-23 18:14:51.042 I/godot   (29391): [SLICE-02 probe] floor_map=(128.0, 64.0)  voxel_map=(16.0, 8.0)
09-23 18:14:51.042 I/godot   (29391): [SLICE-02 probe] floor_adjusted=(0.0, 0.0)  voxel_adjusted=(0.0, 0.0)
09-23 18:14:51.042 I/godot   (29391): [SLICE-02 probe] canon_pos=(0.0, 512.0)  voxel_pos=(112.0, 576.0)  delta=(112.0, 64.0) px
09-23 18:14:51.042 I/godot   (29391): [SLICE-02 probe] INFO: no block_* tile found for footprint check
09-23 18:14:51.042 V/Godot   (29391): OnGodotMainLoopStarted
09-23 18:14:52.521 I/godot   (29391): [GLASS-TILE] mirrored 2240 glass cell(s) into the opaque layers, removed 0
09-23 18:14:52.646 I/godot   (29391): [SCENARIO] 4 step(s)
09-23 18:14:52.647 I/godot   (29391): [SCENARIO] 1/4 framing portrait
09-23 18:14:52.648 I/godot   (29391): [SCENARIO] 2/4 zoom 0.5
09-23 18:14:52.648 I/godot   (29391): [SCENARIO] 3/4 wait 25
09-23 18:14:57.954 I/godot   (29391): [FRAME-PROBE] 85.3 ms/frame · render cpu 3.0 ms · render gpu 69.8 ms · 91 draw call(s) · 10812 primitive(s) · 108 object(s) · process 112.6 ms · physics 27.0 ms · 962 node(s) · view portrait 390x873 zoom 0.50 gu 95/1104 scale 1.00
09-23 18:14:57.965 I/godot   (29391): [FRAME-SPLIT] per frame: guard cone smooth draw 22.30 ms (5/f) · sprite light+throw 1.62 ms (10/f) · room temporal lights 0.21 ms (1/f) · room vision fog 0.09 ms (1/f) · guard attention 0.05 ms (9/f) · room enemy visibility 0.03 ms (1/f)
09-23 18:15:02.167 I/godot   (29391): [FRAME-PROBE] 72.9 ms/frame · render cpu 9.6 ms · render gpu 68.1 ms · 91 draw call(s) · 10812 primitive(s) · 108 object(s) · process 116.1 ms · physics 0.4 ms · 962 node(s) · view portrait 390x873 zoom 0.50 gu 95/1104 scale 1.00
09-23 18:15:02.167 I/godot   (29391): [FRAME-SPLIT] per frame: sprite light+throw 1.29 ms (10/f) · room temporal lights 0.10 ms (1/f) · room vision fog 0.10 ms (1/f) · room enemy visibility 0.06 ms (1/f) · guard attention 0.05 ms (9/f)
09-23 18:15:06.533 I/godot   (29391): [FRAME-PROBE] 73.2 ms/frame · render cpu 1.6 ms · render gpu 64.7 ms · 91 draw call(s) · 10812 primitive(s) · 108 object(s) · process 117.3 ms · physics 0.2 ms · 962 node(s) · view portrait 390x873 zoom 0.50 gu 95/1104 scale 1.00
09-23 18:15:06.533 I/godot   (29391): [FRAME-SPLIT] per frame: sprite light+throw 1.00 ms (10/f) · room temporal lights 0.10 ms (1/f) · room vision fog 0.08 ms (1/f) · guard attention 0.06 ms (9/f) · room enemy visibility 0.04 ms (1/f)
09-23 18:15:10.561 I/godot   (29391): [FRAME-PROBE] 67.2 ms/frame · render cpu 1.5 ms · render gpu 64.3 ms · 91 draw call(s) · 10812 primitive(s) · 108 object(s) · process 71.8 ms · physics 0.3 ms · 962 node(s) · view portrait 390x873 zoom 0.50 gu 95/1104 scale 1.00
09-23 18:15:10.562 I/godot   (29391): [FRAME-SPLIT] per frame: sprite light+throw 0.70 ms (10/f) · room temporal lights 0.09 ms (1/f) · room vision fog 0.06 ms (1/f) · guard attention 0.03 ms (9/f) · room enemy visibility 0.02 ms (1/f)
09-23 18:15:14.519 I/godot   (29391): [FRAME-PROBE] 66.0 ms/frame · render cpu 1.5 ms · render gpu 64.7 ms · 91 draw call(s) · 10812 primitive(s) · 108 object(s) · process 66.5 ms · physics 0.1 ms · 962 node(s) · view portrait 390x873 zoom 0.50 gu 95/1104 scale 1.00
09-23 18:15:14.519 I/godot   (29391): [FRAME-SPLIT] per frame: sprite light+throw 0.48 ms (10/f) · room temporal lights 0.06 ms (1/f) · room vision fog 0.05 ms (1/f) · guard attention 0.03 ms (9/f) · room enemy visibility 0.02 ms (1/f)
09-23 18:15:18.376 I/godot   (29391): [SCENARIO] 4/4 quit
09-23 18:15:23.477 V/Godot   (29391): OnGodotTerminating
[DIAG-02] com.example.infiltraitor exited on its own at 18:15:25 — capture ends
